[2025-06-05 10:00:00] DEBUG: node_cache hit=1 queue_size=12
[2025-06-05 10:00:01] DEBUG: node_cache hit=0 queue_size=3
[2025-06-05 10:00:02] DEBUG: node_cache hit=1 queue_size=0
[2025-06-05 10:00:03] DEBUG: node_cache hit=0 queue_size=9
[2025-06-05 10:00:04] DEBUG: node_cache hit=1 queue_size=5
[2025-06-05 10:00:05] WARNING: VRAM usage at 82%
[2025-06-05 10:00:06] DEBUG: node_cache hit=1 queue_size=5
[2025-06-05 10:00:07] Processing frame 7/5000... 1.30s
[2025-06-05 10:00:08] WARNING: VRAM usage at 80%
[2025-06-05 10:00:09] WARNING: VRAM usage at 88%
[2025-06-05 10:00:10] DEBUG: node_cache hit=1 queue_size=11
[2025-06-05 10:00:11] Processing frame 11/5000... 1.43s
[2025-06-05 10:00:12] WARNING: VRAM usage at 81%
[2025-06-05 10:00:13] DEBUG: node_cache hit=1 queue_size=7
[2025-06-05 10:00:14] DEBUG: node_cache hit=1 queue_size=3
[2025-06-05 10:00:15] Processing frame 15/5000... 0.96s
[2025-06-05 10:00:16] DEBUG: node_cache hit=1 queue_size=9
[2025-06-05 10:00:17] DEBUG: node_cache hit=0 queue_size=8
[2025-06-05 10:00:18] DEBUG: node_cache hit=1 queue_size=3
[2025-06-05 10:00:19] DEBUG: node_cache hit=0 queue_size=7
[2025-06-05 10:00:20] %%%%%%%% 45%
[2025-06-05 10:00:21] DEBUG: node_cache hit=1 queue_size=3
[2025-06-05 10:00:22] %%%%%%%% 44%
[2025-06-05 10:00:23] WARNING: VRAM usage at 80%
[2025-06-05 10:00:24] %%%%%%%% 65%
[2025-06-05 10:00:25] Processing frame 25/5000... 2.22s
[2025-06-05 10:00:26] DEBUG: node_cache hit=0 queue_size=12
[2025-06-05 10:00:27] DEBUG: node_cache hit=1 queue_size=12
[2025-06-05 10:00:28] DEBUG: node_cache hit=1 queue_size=1
[2025-06-05 10:00:29] DEBUG: node_cache hit=1 queue_size=4
[2025-06-05 10:00:30] DEBUG: node_cache hit=1 queue_size=4
[2025-06-05 10:00:31] DEBUG: node_cache hit=0 queue_size=0
[2025-06-05 10:00:32] Processing frame 32/5000... 2.69s
[2025-06-05 10:00:33] Processing frame 33/5000... 2.69s
[2025-06-05 10:00:34] %%%%%%%% 40%
[2025-06-05 10:00:35] %%%%%%%% 27%
[2025-06-05 10:00:36] Processing frame 36/5000... 1.03s
[2025-06-05 10:00:37] DEBUG: node_cache hit=1 queue_size=7
[2025-06-05 10:00:38] ERROR: CUDA out of memory
  File src/pipeline.py, line 377, in process_frame
  File src/pipeline.py, line 375, in process_frame
  File src/pipeline.py, line 329, in process_frame
  File src/pipeline.py, line 207, in process_frame
  File src/pipeline.py, line 358, in process_frame
  raise ValueError: invalid literal
[2025-06-05 10:00:39] DEBUG: node_cache hit=1 queue_size=6
[2025-06-05 10:00:40] Processing frame 40/5000... 1.42s
[2025-06-05 10:00:41] Processing frame 41/5000... 1.28s
[2025-06-05 10:00:42] %%%%%%%% 69%
[2025-06-05 10:00:43] DEBUG: node_cache hit=0 queue_size=4
[2025-06-05 10:00:44] %%%%%%%% 27%
[2025-06-05 10:00:45] DEBUG: node_cache hit=1 queue_size=5
[2025-06-05 10:00:46] DEBUG: node_cache hit=1 queue_size=7
[2025-06-05 10:00:47] DEBUG: node_cache hit=1 queue_size=11
[2025-06-05 10:00:48] DEBUG: node_cache hit=0 queue_size=2
[2025-06-05 10:00:49] DEBUG: node_cache hit=1 queue_size=11
[2025-06-05 10:00:50] DEBUG: node_cache hit=1 queue_size=5
[2025-06-05 10:00:51] Processing frame 51/5000... 1.37s
[2025-06-05 10:00:52] DEBUG: node_cache hit=0 queue_size=7
[2025-06-05 10:00:53] WARNING: VRAM usage at 81%
[2025-06-05 10:00:54] DEBUG: node_cache hit=0 queue_size=0
[2025-06-05 10:00:55] DEBUG: node_cache hit=1 queue_size=11
[2025-06-05 10:00:56] DEBUG: node_cache hit=0 queue_size=2
[2025-06-05 10:00:57] DEBUG: node_cache hit=1 queue_size=5
[2025-06-05 10:00:58] DEBUG: node_cache hit=1 queue_size=3
[2025-06-05 10:00:59] DEBUG: node_cache hit=1 queue_size=4
[2025-06-05 10:01:00] DEBUG: node_cache hit=0 queue_size=10
[2025-06-05 10:01:01] DEBUG: node_cache hit=1 queue_size=9
[2025-06-05 10:01:02] Processing frame 62/5000... 2.60s
[2025-06-05 10:01:03] DEBUG: node_cache hit=0 queue_size=12
[2025-06-05 10:01:04] DEBUG: node_cache hit=1 queue_size=6
[2025-06-05 10:01:05] DEBUG: node_cache hit=1 queue_size=11
[2025-06-05 10:01:06] ERROR: RuntimeError: expected scalar type Float
  File src/pipeline.py, line 126, in process_frame
  File src/pipeline.py, line 369, in process_frame
  File src/pipeline.py, line 331, in process_frame
  File src/pipeline.py, line 57, in process_frame
  File src/pipeline.py, line 10, in process_frame
  raise ValueError: invalid literal
[2025-06-05 10:01:07] DEBUG: node_cache hit=0 queue_size=4
[2025-06-05 10:01:08] WARNING: VRAM usage at 84%
[2025-06-05 10:01:09] Processing frame 69/5000... 2.92s
[2025-06-05 10:01:10] Processing frame 70/5000... 1.48s
[2025-06-05 10:01:11] DEBUG: node_cache hit=1 queue_size=1
[2025-06-05 10:01:12] DEBUG: node_cache hit=0 queue_size=2
[2025-06-05 10:01:13] DEBUG: node_cache hit=0 queue_size=0
[2025-06-05 10:01:14] DEBUG: node_cache hit=0 queue_size=10
[2025-06-05 10:01:15] Processing frame 75/5000... 1.71s
[2025-06-05 10:01:16] %%%%%%%% 68%
[2025-06-05 10:01:17] ERROR: FileNotFoundError: model.safetensors
  File src/pipeline.py, line 232, in process_frame
  File src/pipeline.py, line 30, in process_frame
  File src/pipeline.py, line 91, in process_frame
  File src/pipeline.py, line 500, in process_frame
  File src/pipeline.py, line 393, in process_frame
  raise RuntimeError: expected scalar type Float
[2025-06-05 10:01:18] DEBUG: node_cache hit=0 queue_size=7
[2025-06-05 10:01:19] DEBUG: node_cache hit=1 queue_size=6
[2025-06-05 10:01:20] %%%%%%%% 64%
[2025-06-05 10:01:21] DEBUG: node_cache hit=0 queue_size=1
[2025-06-05 10:01:22] DEBUG: node_cache hit=0 queue_size=11
[2025-06-05 10:01:23] Processing frame 83/5000... 2.88s
[2025-06-05 10:01:24] DEBUG: node_cache hit=0 queue_size=10
[2025-06-05 10:01:25] DEBUG: node_cache hit=1 queue_size=10
[2025-06-05 10:01:26] DEBUG: node_cache hit=0 queue_size=4
[2025-06-05 10:01:27] DEBUG: node_cache hit=0 queue_size=9
[2025-06-05 10:01:28] DEBUG: node_cache hit=0 queue_size=9
[2025-06-05 10:01:29] DEBUG: node_cache hit=1 queue_size=6
[2025-06-05 10:01:30] Processing frame 90/5000... 2.73s
[2025-06-05 10:01:31] Processing frame 91/5000... 2.44s
[2025-06-05 10:01:32] DEBUG: node_cache hit=0 queue_size=2
[2025-06-05 10:01:33] DEBUG: node_cache hit=1 queue_size=1
[2025-06-05 10:01:34] DEBUG: node_cache hit=0 queue_size=8
[2025-06-05 10:01:35] DEBUG: node_cache hit=1 queue_size=4
[2025-06-05 10:01:36] DEBUG: node_cache hit=0 queue_size=7
[2025-06-05 10:01:37] DEBUG: node_cache hit=0 queue_size=9
[2025-06-05 10:01:38] Processing frame 98/5000... 1.08s
[2025-06-05 10:01:39] WARNING: VRAM usage at 82%
[2025-06-05 10:01:40] Processing frame 100/5000... 2.78s
[2025-06-05 10:01:41] DEBUG: node_cache hit=1 queue_size=7
[2025-06-05 10:01:42] DEBUG: node_cache hit=0 queue_size=11
[2025-06-05 10:01:43] ERROR: CUDA out of memory
  File src/pipeline.py, line 399, in process_frame
  File src/pipeline.py, line 272, in process_frame
  File src/pipeline.py, line 267, in process_frame
  File src/pipeline.py, line 102, in process_frame
  File src/pipeline.py, line 322, in process_frame
  raise RuntimeError: expected scalar type Float
[2025-06-05 10:01:44] Processing frame 104/5000... 1.62s
[2025-06-05 10:01:45] DEBUG: node_cache hit=0 queue_size=6
[2025-06-05 10:01:46] DEBUG: node_cache hit=1 queue_size=5
[2025-06-05 10:01:47] DEBUG: node_cache hit=0 queue_size=3
[2025-06-05 10:01:48] DEBUG: node_cache hit=0 queue_size=10
[2025-06-05 10:01:49] ERROR: CUDA out of memory
  File src/pipeline.py, line 367, in process_frame
  File src/pipeline.py, line 253, in process_frame
  File src/pipeline.py, line 360, in process_frame
  File src/pipeline.py, line 264, in process_frame
  File src/pipeline.py, line 121, in process_frame
  raise ConnectionRefusedError: localhost:8188
[2025-06-05 10:01:50] WARNING: VRAM usage at 84%
[2025-06-05 10:01:51] DEBUG: node_cache hit=1 queue_size=10
[2025-06-05 10:01:52] DEBUG: node_cache hit=1 queue_size=7
[2025-06-05 10:01:53] Processing frame 113/5000... 0.51s
[2025-06-05 10:01:54] Processing frame 114/5000... 1.91s
[2025-06-05 10:01:55] Processing frame 115/5000... 2.30s
[2025-06-05 10:01:56] DEBUG: node_cache hit=0 queue_size=3
[2025-06-05 10:01:57] DEBUG: node_cache hit=0 queue_size=5
[2025-06-05 10:01:58] DEBUG: node_cache hit=0 queue_size=1
[2025-06-05 10:01:59] DEBUG: node_cache hit=0 queue_size=2
[2025-06-05 10:02:00] Processing frame 120/5000... 1.13s
[2025-06-05 10:02:01] DEBUG: node_cache hit=0 queue_size=1
[2025-06-05 10:02:02] DEBUG: node_cache hit=0 queue_size=11
[2025-06-05 10:02:03] DEBUG: node_cache hit=1 queue_size=2
[2025-06-05 10:02:04] DEBUG: node_cache hit=0 queue_size=9
[2025-06-05 10:02:05] Processing frame 125/5000... 2.87s
[2025-06-05 10:02:06] WARNING: VRAM usage at 94%
[2025-06-05 10:02:07] DEBUG: node_cache hit=1 queue_size=2
[2025-06-05 10:02:08] Processing frame 128/5000... 1.59s
[2025-06-05 10:02:09] DEBUG: node_cache hit=0 queue_size=10
[2025-06-05 10:02:10] DEBUG: node_cache hit=1 queue_size=1
[2025-06-05 10:02:11] DEBUG: node_cache hit=1 queue_size=6
[2025-06-05 10:02:12] DEBUG: node_cache hit=0 queue_size=4
[2025-06-05 10:02:13] DEBUG: node_cache hit=1 queue_size=0
[2025-06-05 10:02:14] Processing frame 134/5000... 0.56s
[2025-06-05 10:02:15] Processing frame 135/5000... 1.68s
[2025-06-05 10:02:16] DEBUG: node_cache hit=1 queue_size=12
[2025-06-05 10:02:17] DEBUG: node_cache hit=1 queue_size=2
[2025-06-05 10:02:18] DEBUG: node_cache hit=1 queue_size=5
[2025-06-05 10:02:19] DEBUG: node_cache hit=1 queue_size=10
[2025-06-05 10:02:20] Processing frame 140/5000... 0.82s
[2025-06-05 10:02:21] Processing frame 141/5000... 1.47s
[2025-06-05 10:02:22] DEBUG: node_cache hit=1 queue_size=5
[2025-06-05 10:02:23] DEBUG: node_cache hit=1 queue_size=9
[2025-06-05 10:02:24] DEBUG: node_cache hit=1 queue_size=5
[2025-06-05 10:02:25] DEBUG: node_cache hit=1 queue_size=1
[2025-06-05 10:02:26] Processing frame 146/5000... 1.41s
[2025-06-05 10:02:27] DEBUG: node_cache hit=1 queue_size=0
[2025-06-05 10:02:28] DEBUG: node_cache hit=0 queue_size=0
[2025-06-05 10:02:29] Processing frame 149/5000... 2.57s
[2025-06-05 10:02:30] DEBUG: node_cache hit=0 queue_size=10
[2025-06-05 10:02:31] DEBUG: node_cache hit=0 queue_size=5
[2025-06-05 10:02:32] DEBUG: node_cache hit=1 queue_size=8
[2025-06-05 10:02:33] DEBUG: node_cache hit=0 queue_size=2
[2025-06-05 10:02:34] DEBUG: node_cache hit=1 queue_size=1
[2025-06-05 10:02:35] DEBUG: node_cache hit=0 queue_size=8
[2025-06-05 10:02:36] DEBUG: node_cache hit=1 queue_size=3
[2025-06-05 10:02:37] DEBUG: node_cache hit=0 queue_size=10
[2025-06-05 10:02:38] %%%%%%%% 70%
[2025-06-05 10:02:39] Processing frame 159/5000... 1.48s
[2025-06-05 10:02:40] Processing frame 160/5000... 1.70s
[2025-06-05 10:02:41] DEBUG: node_cache hit=0 queue_size=4
[2025-06-05 10:02:42] WARNING: VRAM usage at 86%
[2025-06-05 10:02:43] Processing frame 163/5000... 0.98s
[2025-06-05 10:02:44] Processing frame 164/5000... 2.12s
[2025-06-05 10:02:45] Processing frame 165/5000... 1.49s
[2025-06-05 10:02:46] Processing frame 166/5000... 2.82s
[2025-06-05 10:02:47] DEBUG: node_cache hit=0 queue_size=6
[2025-06-05 10:02:48] DEBUG: node_cache hit=0 queue_size=0
[2025-06-05 10:02:49] Processing frame 169/5000... 2.57s
[2025-06-05 10:02:50] DEBUG: node_cache hit=1 queue_size=9
[2025-06-05 10:02:51] DEBUG: node_cache hit=0 queue_size=11
[2025-06-05 10:02:52] Processing frame 172/5000... 2.15s
[2025-06-05 10:02:53] %%%%%%%% 87%
[2025-06-05 10:02:54] DEBUG: node_cache hit=0 queue_size=3
[2025-06-05 10:02:55] DEBUG: node_cache hit=1 queue_size=12
[2025-06-05 10:02:56] DEBUG: node_cache hit=0 queue_size=2
[2025-06-05 10:02:57] Processing frame 177/5000... 2.62s
[2025-06-05 10:02:58] Processing frame 178/5000... 2.87s
[2025-06-05 10:02:59] DEBUG: node_cache hit=0 queue_size=4
[2025-06-05 10:03:00] DEBUG: node_cache hit=0 queue_size=10
[2025-06-05 10:03:01] DEBUG: node_cache hit=1 queue_size=9
[2025-06-05 10:03:02] DEBUG: node_cache hit=1 queue_size=11
[2025-06-05 10:03:03] DEBUG: node_cache hit=0 queue_size=9
[2025-06-05 10:03:04] DEBUG: node_cache hit=0 queue_size=3
[2025-06-05 10:03:05] DEBUG: node_cache hit=0 queue_size=3
[2025-06-05 10:03:06] DEBUG: node_cache hit=0 queue_size=10
[2025-06-05 10:03:07] DEBUG: node_cache hit=1 queue_size=12
[2025-06-05 10:03:08] DEBUG: node_cache hit=0 queue_size=11
[2025-06-05 10:03:09] ERROR: ValueError: invalid literal
  File src/pipeline.py, line 291, in process_frame
  File src/pipeline.py, line 486, in process_frame
  File src/pipeline.py, line 492, in process_frame
  File src/pipeline.py, line 30, in process_frame
  File src/pipeline.py, line 397, in process_frame
  raise ConnectionRefusedError: localhost:8188
[2025-06-05 10:03:10] DEBUG: node_cache hit=0 queue_size=5
[2025-06-05 10:03:11] DEBUG: node_cache hit=1 queue_size=11
[2025-06-05 10:03:12] DEBUG: node_cache hit=0 queue_size=2
[2025-06-05 10:03:13] Processing frame 193/5000... 1.85s
[2025-06-05 10:03:14] DEBUG: node_cache hit=1 queue_size=5
[2025-06-05 10:03:15] DEBUG: node_cache hit=1 queue_size=12
[2025-06-05 10:03:16] DEBUG: node_cache hit=1 queue_size=0
[2025-06-05 10:03:17] WARNING: VRAM usage at 93%
[2025-06-05 10:03:18] Processing frame 198/5000... 0.62s
[2025-06-05 10:03:19] Processing frame 199/5000... 1.29s
[2025-06-05 10:03:20] DEBUG: node_cache hit=0 queue_size=6
[2025-06-05 10:03:21] DEBUG: node_cache hit=1 queue_size=10
[2025-06-05 10:03:22] DEBUG: node_cache hit=0 queue_size=4
[2025-06-05 10:03:23] DEBUG: node_cache hit=0 queue_size=2
[2025-06-05 10:03:24] %%%%%%%% 83%
[2025-06-05 10:03:25] DEBUG: node_cache hit=0 queue_size=3
[2025-06-05 10:03:26] DEBUG: node_cache hit=1 queue_size=9
[2025-06-05 10:03:27] DEBUG: node_cache hit=0 queue_size=9
[2025-06-05 10:03:28] DEBUG: node_cache hit=0 queue_size=11
[2025-06-05 10:03:29] DEBUG: node_cache hit=0 queue_size=8
[2025-06-05 10:03:30] DEBUG: node_cache hit=1 queue_size=12
[2025-06-05 10:03:31] DEBUG: node_cache hit=1 queue_size=11
[2025-06-05 10:03:32] DEBUG: node_cache hit=1 queue_size=12
[2025-06-05 10:03:33] DEBUG: node_cache hit=0 queue_size=8
[2025-06-05 10:03:34] DEBUG: node_cache hit=1 queue_size=0
[2025-06-05 10:03:35] DEBUG: node_cache hit=0 queue_size=7
[2025-06-05 10:03:36] DEBUG: node_cache hit=0 queue_size=4
[2025-06-05 10:03:37] DEBUG: node_cache hit=0 queue_size=8
[2025-06-05 10:03:38] DEBUG: node_cache hit=0 queue_size=8
[2025-06-05 10:03:39] DEBUG: node_cache hit=1 queue_size=11
[2025-06-05 10:03:40] Processing frame 220/5000... 0.86s
[2025-06-05 10:03:41] Processing frame 221/5000... 1.09s
[2025-06-05 10:03:42] DEBUG: node_cache hit=0 queue_size=3
[2025-06-05 10:03:43] DEBUG: node_cache hit=0 queue_size=6
[2025-06-05 10:03:44] %%%%%%%% 26%
[2025-06-05 10:03:45] Processing frame 225/5000... 0.90s
[2025-06-05 10:03:46] Processing frame 226/5000... 2.09s
[2025-06-05 10:03:47] DEBUG: node_cache hit=0 queue_size=7
[2025-06-05 10:03:48] Processing frame 228/5000... 2.81s
[2025-06-05 10:03:49] DEBUG: node_cache hit=1 queue_size=7
[2025-06-05 10:03:50] DEBUG: node_cache hit=1 queue_size=5
[2025-06-05 10:03:51] DEBUG: node_cache hit=0 queue_size=5
[2025-06-05 10:03:52] DEBUG: node_cache hit=0 queue_size=7
[2025-06-05 10:03:53] DEBUG: node_cache hit=0 queue_size=11
[2025-06-05 10:03:54] Processing frame 234/5000... 2.26s
[2025-06-05 10:03:55] WARNING: VRAM usage at 93%
[2025-06-05 10:03:56] DEBUG: node_cache hit=1 queue_size=0
[2025-06-05 10:03:57] ERROR: FileNotFoundError: model.safetensors
  File src/pipeline.py, line 342, in process_frame
  File src/pipeline.py, line 274, in process_frame
  File src/pipeline.py, line 170, in process_frame
  File src/pipeline.py, line 178, in process_frame
  File src/pipeline.py, line 380, in process_frame
  raise FileNotFoundError: model.safetensors
[2025-06-05 10:03:58] DEBUG: node_cache hit=0 queue_size=2
[2025-06-05 10:03:59] DEBUG: node_cache hit=1 queue_size=4
[2025-06-05 10:04:00] Processing frame 240/5000... 1.30s
[2025-06-05 10:04:01] %%%%%%%% 27%
[2025-06-05 10:04:02] DEBUG: node_cache hit=0 queue_size=6
[2025-06-05 10:04:03] DEBUG: node_cache hit=0 queue_size=0
[2025-06-05 10:04:04] DEBUG: node_cache hit=0 queue_size=11
[2025-06-05 10:04:05] DEBUG: node_cache hit=1 queue_size=6
[2025-06-05 10:04:06] Processing frame 246/5000... 1.06s
[2025-06-05 10:04:07] DEBUG: node_cache hit=0 queue_size=10
[2025-06-05 10:04:08] Processing frame 248/5000... 1.09s
[2025-06-05 10:04:09] Processing frame 249/5000... 2.77s
[2025-06-05 10:04:10] WARNING: VRAM usage at 82%
[2025-06-05 10:04:11] Processing frame 251/5000... 1.55s
[2025-06-05 10:04:12] DEBUG: node_cache hit=1 queue_size=7
[2025-06-05 10:04:13] Processing frame 253/5000... 2.02s
[2025-06-05 10:04:14] DEBUG: node_cache hit=0 queue_size=0
[2025-06-05 10:04:15] DEBUG: node_cache hit=1 queue_size=1
[2025-06-05 10:04:16] DEBUG: node_cache hit=1 queue_size=3
[2025-06-05 10:04:17] Processing frame 257/5000... 1.40s
[2025-06-05 10:04:18] Processing frame 258/5000... 2.16s
[2025-06-05 10:04:19] WARNING: VRAM usage at 86%
[2025-06-05 10:04:20] DEBUG: node_cache hit=1 queue_size=12
[2025-06-05 10:04:21] DEBUG: node_cache hit=1 queue_size=11
[2025-06-05 10:04:22] DEBUG: node_cache hit=0 queue_size=1
[2025-06-05 10:04:23] DEBUG: node_cache hit=0 queue_size=10
[2025-06-05 10:04:24] DEBUG: node_cache hit=0 queue_size=1
[2025-06-05 10:04:25] Processing frame 265/5000... 1.14s
[2025-06-05 10:04:26] DEBUG: node_cache hit=1 queue_size=7
[2025-06-05 10:04:27] DEBUG: node_cache hit=0 queue_size=6
[2025-06-05 10:04:28] DEBUG: node_cache hit=0 queue_size=0
[2025-06-05 10:04:29] DEBUG: node_cache hit=0 queue_size=1
[2025-06-05 10:04:30] DEBUG: node_cache hit=0 queue_size=6
[2025-06-05 10:04:31] DEBUG: node_cache hit=1 queue_size=2
[2025-06-05 10:04:32] Processing frame 272/5000... 1.03s
[2025-06-05 10:04:33] DEBUG: node_cache hit=0 queue_size=7
[2025-06-05 10:04:34] DEBUG: node_cache hit=1 queue_size=4
[2025-06-05 10:04:35] DEBUG: node_cache hit=0 queue_size=9
[2025-06-05 10:04:36] Processing frame 276/5000... 2.44s
[2025-06-05 10:04:37] DEBUG: node_cache hit=0 queue_size=3
[2025-06-05 10:04:38] Processing frame 278/5000... 1.87s
[2025-06-05 10:04:39] Processing frame 279/5000... 1.35s
[2025-06-05 10:04:40] Processing frame 280/5000... 2.13s
[2025-06-05 10:04:41] Processing frame 281/5000... 1.07s
[2025-06-05 10:04:42] DEBUG: node_cache hit=0 queue_size=4
[2025-06-05 10:04:43] WARNING: VRAM usage at 96%
[2025-06-05 10:04:44] Processing frame 284/5000... 0.59s
[2025-06-05 10:04:45] DEBUG: node_cache hit=0 queue_size=9
[2025-06-05 10:04:46] %%%%%%%% 33%
[2025-06-05 10:04:47] DEBUG: node_cache hit=1 queue_size=11
[2025-06-05 10:04:48] DEBUG: node_cache hit=0 queue_size=12
[2025-06-05 10:04:49] DEBUG: node_cache hit=0 queue_size=2
[2025-06-05 10:04:50] Processing frame 290/5000... 0.74s
[2025-06-05 10:04:51] Processing frame 291/5000... 2.36s
[2025-06-05 10:04:52] DEBUG: node_cache hit=0 queue_size=5
[2025-06-05 10:04:53] DEBUG: node_cache hit=1 queue_size=11
[2025-06-05 10:04:54] DEBUG: node_cache hit=1 queue_size=6
[2025-06-05 10:04:55] DEBUG: node_cache hit=0 queue_size=11
[2025-06-05 10:04:56] DEBUG: node_cache hit=0 queue_size=4
[2025-06-05 10:04:57] DEBUG: node_cache hit=1 queue_size=4
[2025-06-05 10:04:58] Processing frame 298/5000... 2.12s
[2025-06-05 10:04:59] DEBUG: node_cache hit=0 queue_size=0
[2025-06-05 10:05:00] DEBUG: node_cache hit=0 queue_size=9
[2025-06-05 10:05:01] %%%%%%%% 94%
[2025-06-05 10:05:02] Processing frame 302/5000... 2.34s
[2025-06-05 10:05:03] Processing frame 303/5000... 1.57s
[2025-06-05 10:05:04] WARNING: VRAM usage at 93%
[2025-06-05 10:05:05] DEBUG: node_cache hit=0 queue_size=5
[2025-06-05 10:05:06] DEBUG: node_cache hit=1 queue_size=10
[2025-06-05 10:05:07] DEBUG: node_cache hit=1 queue_size=8
[2025-06-05 10:05:08] DEBUG: node_cache hit=1 queue_size=3
[2025-06-05 10:05:09] DEBUG: node_cache hit=0 queue_size=3
[2025-06-05 10:05:10] WARNING: VRAM usage at 86%
[2025-06-05 10:05:11] %%%%%%%% 83%
[2025-06-05 10:05:12] DEBUG: node_cache hit=1 queue_size=7
[2025-06-05 10:05:13] DEBUG: node_cache hit=0 queue_size=1
[2025-06-05 10:05:14] Processing frame 314/5000... 2.54s
[2025-06-05 10:05:15] DEBUG: node_cache hit=0 queue_size=9
[2025-06-05 10:05:16] Processing frame 316/5000... 1.34s
[2025-06-05 10:05:17] DEBUG: node_cache hit=0 queue_size=3
[2025-06-05 10:05:18] DEBUG: node_cache hit=1 queue_size=5
[2025-06-05 10:05:19] DEBUG: node_cache hit=0 queue_size=6
[2025-06-05 10:05:20] DEBUG: node_cache hit=1 queue_size=6
[2025-06-05 10:05:21] DEBUG: node_cache hit=1 queue_size=12
[2025-06-05 10:05:22] DEBUG: node_cache hit=1 queue_size=11
[2025-06-05 10:05:23] %%%%%%%% 93%
[2025-06-05 10:05:24] DEBUG: node_cache hit=0 queue_size=3
[2025-06-05 10:05:25] DEBUG: node_cache hit=0 queue_size=3
[2025-06-05 10:05:26] %%%%%%%% 58%
[2025-06-05 10:05:27] Processing frame 327/5000... 0.61s
[2025-06-05 10:05:28] DEBUG: node_cache hit=0 queue_size=2
[2025-06-05 10:05:29] Processing frame 329/5000... 1.35s
[2025-06-05 10:05:30] DEBUG: node_cache hit=1 queue_size=6
[2025-06-05 10:05:31] DEBUG: node_cache hit=1 queue_size=0
[2025-06-05 10:05:32] DEBUG: node_cache hit=0 queue_size=3
[2025-06-05 10:05:33] DEBUG: node_cache hit=0 queue_size=7
[2025-06-05 10:05:34] WARNING: VRAM usage at 90%
[2025-06-05 10:05:35] DEBUG: node_cache hit=0 queue_size=7
[2025-06-05 10:05:36] Processing frame 336/5000... 1.31s
[2025-06-05 10:05:37] Processing frame 337/5000... 1.86s
[2025-06-05 10:05:38] Processing frame 338/5000... 0.76s
[2025-06-05 10:05:39] DEBUG: node_cache hit=0 queue_size=0
[2025-06-05 10:05:40] DEBUG: node_cache hit=0 queue_size=7
[2025-06-05 10:05:41] WARNING: VRAM usage at 87%
[2025-06-05 10:05:42] DEBUG: node_cache hit=1 queue_size=7
[2025-06-05 10:05:43] Processing frame 343/5000... 0.97s
[2025-06-05 10:05:44] DEBUG: node_cache hit=0 queue_size=9
[2025-06-05 10:05:45] DEBUG: node_cache hit=0 queue_size=11
[2025-06-05 10:05:46] WARNING: VRAM usage at 99%
[2025-06-05 10:05:47] Processing frame 347/5000... 2.38s
[2025-06-05 10:05:48] DEBUG: node_cache hit=1 queue_size=7
[2025-06-05 10:05:49] DEBUG: node_cache hit=0 queue_size=5
[2025-06-05 10:05:50] WARNING: VRAM usage at 98%
[2025-06-05 10:05:51] Processing frame 351/5000... 2.60s
[2025-06-05 10:05:52] Processing frame 352/5000... 0.58s
[2025-06-05 10:05:53] Processing frame 353/5000... 2.14s
[2025-06-05 10:05:54] Processing frame 354/5000... 1.57s
[2025-06-05 10:05:55] WARNING: VRAM usage at 80%
[2025-06-05 10:05:56] DEBUG: node_cache hit=0 queue_size=12
[2025-06-05 10:05:57] Processing frame 357/5000... 1.87s
[2025-06-05 10:05:58] Processing frame 358/5000... 2.17s
[2025-06-05 10:05:59] WARNING: VRAM usage at 94%
[2025-06-05 10:06:00] DEBUG: node_cache hit=1 queue_size=4
[2025-06-05 10:06:01] Processing frame 361/5000... 2.55s
[2025-06-05 10:06:02] Processing frame 362/5000... 1.48s
[2025-06-05 10:06:03] Processing frame 363/5000... 1.88s
[2025-06-05 10:06:04] DEBUG: node_cache hit=0 queue_size=2
[2025-06-05 10:06:05] Processing frame 365/5000... 1.24s
[2025-06-05 10:06:06] Processing frame 366/5000... 1.17s
[2025-06-05 10:06:07] DEBUG: node_cache hit=0 queue_size=8
[2025-06-05 10:06:08] DEBUG: node_cache hit=0 queue_size=10
[2025-06-05 10:06:09] DEBUG: node_cache hit=1 queue_size=2
[2025-06-05 10:06:10] Processing frame 370/5000... 1.17s
[2025-06-05 10:06:11] DEBUG: node_cache hit=0 queue_size=3
[2025-06-05 10:06:12] WARNING: VRAM usage at 98%
[2025-06-05 10:06:13] WARNING: VRAM usage at 85%
[2025-06-05 10:06:14] DEBUG: node_cache hit=1 queue_size=6
[2025-06-05 10:06:15] Processing frame 375/5000... 1.78s
[2025-06-05 10:06:16] WARNING: VRAM usage at 97%
[2025-06-05 10:06:17] Processing frame 377/5000... 2.12s
[2025-06-05 10:06:18] DEBUG: node_cache hit=0 queue_size=4
[2025-06-05 10:06:19] DEBUG: node_cache hit=0 queue_size=12
[2025-06-05 10:06:20] Processing frame 380/5000... 1.90s
[2025-06-05 10:06:21] DEBUG: node_cache hit=1 queue_size=12
[2025-06-05 10:06:22] DEBUG: node_cache hit=1 queue_size=11
[2025-06-05 10:06:23] DEBUG: node_cache hit=1 queue_size=4
[2025-06-05 10:06:24] DEBUG: node_cache hit=1 queue_size=1
[2025-06-05 10:06:25] DEBUG: node_cache hit=0 queue_size=10
[2025-06-05 10:06:26] DEBUG: node_cache hit=0 queue_size=2
[2025-06-05 10:06:27] Processing frame 387/5000... 2.29s
[2025-06-05 10:06:28] DEBUG: node_cache hit=1 queue_size=12
[2025-06-05 10:06:29] DEBUG: node_cache hit=1 queue_size=3
[2025-06-05 10:06:30] Processing frame 390/5000... 1.12s
[2025-06-05 10:06:31] %%%%%%%% 65%
[2025-06-05 10:06:32] %%%%%%%% 66%
[2025-06-05 10:06:33] DEBUG: node_cache hit=0 queue_size=10
[2025-06-05 10:06:34] DEBUG: node_cache hit=0 queue_size=12
[2025-06-05 10:06:35] DEBUG: node_cache hit=0 queue_size=2
[2025-06-05 10:06:36] Processing frame 396/5000... 1.78s
[2025-06-05 10:06:37] Processing frame 397/5000... 2.36s
[2025-06-05 10:06:38] DEBUG: node_cache hit=1 queue_size=12
[2025-06-05 10:06:39] DEBUG: node_cache hit=0 queue_size=3
[2025-06-05 10:06:40] Processing frame 400/5000... 1.57s
[2025-06-05 10:06:41] DEBUG: node_cache hit=0 queue_size=6
[2025-06-05 10:06:42] %%%%%%%% 81%
[2025-06-05 10:06:43] DEBUG: node_cache hit=1 queue_size=12
[2025-06-05 10:06:44] DEBUG: node_cache hit=0 queue_size=12
[2025-06-05 10:06:45] DEBUG: node_cache hit=1 queue_size=5
[2025-06-05 10:06:46] DEBUG: node_cache hit=0 queue_size=0
[2025-06-05 10:06:47] Processing frame 407/5000... 1.78s
[2025-06-05 10:06:48] DEBUG: node_cache hit=0 queue_size=3
[2025-06-05 10:06:49] DEBUG: node_cache hit=1 queue_size=10
[2025-06-05 10:06:50] DEBUG: node_cache hit=1 queue_size=9
[2025-06-05 10:06:51] Processing frame 411/5000... 2.81s
[2025-06-05 10:06:52] Processing frame 412/5000... 1.52s
[2025-06-05 10:06:53] Processing frame 413/5000... 1.85s
[2025-06-05 10:06:54] WARNING: VRAM usage at 97%
[2025-06-05 10:06:55] %%%%%%%% 58%
[2025-06-05 10:06:56] DEBUG: node_cache hit=1 queue_size=0
[2025-06-05 10:06:57] DEBUG: node_cache hit=0 queue_size=11
[2025-06-05 10:06:58] Processing frame 418/5000... 1.13s
[2025-06-05 10:06:59] Processing frame 419/5000... 1.89s
[2025-06-05 10:07:00] DEBUG: node_cache hit=1 queue_size=0
[2025-06-05 10:07:01] %%%%%%%% 61%
[2025-06-05 10:07:02] DEBUG: node_cache hit=0 queue_size=2
[2025-06-05 10:07:03] %%%%%%%% 79%
[2025-06-05 10:07:04] Processing frame 424/5000... 2.06s
[2025-06-05 10:07:05] DEBUG: node_cache hit=1 queue_size=4
[2025-06-05 10:07:06] DEBUG: node_cache hit=0 queue_size=10
[2025-06-05 10:07:07] Processing frame 427/5000... 1.99s
[2025-06-05 10:07:08] DEBUG: node_cache hit=0 queue_size=2
[2025-06-05 10:07:09] DEBUG: node_cache hit=1 queue_size=0
[2025-06-05 10:07:10] DEBUG: node_cache hit=1 queue_size=8
[2025-06-05 10:07:11] DEBUG: node_cache hit=1 queue_size=11
[2025-06-05 10:07:12] WARNING: VRAM usage at 82%
[2025-06-05 10:07:13] DEBUG: node_cache hit=1 queue_size=9
[2025-06-05 10:07:14] DEBUG: node_cache hit=0 queue_size=3
[2025-06-05 10:07:15] Processing frame 435/5000... 2.11s
[2025-06-05 10:07:16] DEBUG: node_cache hit=0 queue_size=11
[2025-06-05 10:07:17] WARNING: VRAM usage at 94%
[2025-06-05 10:07:18] DEBUG: node_cache hit=0 queue_size=1
[2025-06-05 10:07:19] DEBUG: node_cache hit=0 queue_size=8
[2025-06-05 10:07:20] %%%%%%%% 42%
[2025-06-05 10:07:21] DEBUG: node_cache hit=1 queue_size=7
[2025-06-05 10:07:22] DEBUG: node_cache hit=0 queue_size=12
[2025-06-05 10:07:23] DEBUG: node_cache hit=0 queue_size=2
[2025-06-05 10:07:24] DEBUG: node_cache hit=1 queue_size=1
[2025-06-05 10:07:25] DEBUG: node_cache hit=1 queue_size=8
[2025-06-05 10:07:26] DEBUG: node_cache hit=0 queue_size=9
[2025-06-05 10:07:27] %%%%%%%% 29%
[2025-06-05 10:07:28] DEBUG: node_cache hit=1 queue_size=8
[2025-06-05 10:07:29] ERROR: FileNotFoundError: model.safetensors
  File src/pipeline.py, line 414, in process_frame
  File src/pipeline.py, line 448, in process_frame
  File src/pipeline.py, line 492, in process_frame
  File src/pipeline.py, line 253, in process_frame
  File src/pipeline.py, line 344, in process_frame
  raise CUDA out of memory
[2025-06-05 10:07:30] DEBUG: node_cache hit=0 queue_size=5
[2025-06-05 10:07:31] DEBUG: node_cache hit=0 queue_size=0
[2025-06-05 10:07:32] DEBUG: node_cache hit=0 queue_size=5
[2025-06-05 10:07:33] DEBUG: node_cache hit=1 queue_size=10
[2025-06-05 10:07:34] WARNING: VRAM usage at 93%
[2025-06-05 10:07:35] DEBUG: node_cache hit=1 queue_size=9
[2025-06-05 10:07:36] WARNING: VRAM usage at 93%
[2025-06-05 10:07:37] Processing frame 457/5000... 2.47s
[2025-06-05 10:07:38] DEBUG: node_cache hit=0 queue_size=10
[2025-06-05 10:07:39] DEBUG: node_cache hit=1 queue_size=6
[2025-06-05 10:07:40] WARNING: VRAM usage at 81%
[2025-06-05 10:07:41] DEBUG: node_cache hit=0 queue_size=6
[2025-06-05 10:07:42] WARNING: VRAM usage at 96%
[2025-06-05 10:07:43] Processing frame 463/5000... 2.88s
[2025-06-05 10:07:44] DEBUG: node_cache hit=0 queue_size=6
[2025-06-05 10:07:45] %%%%%%%% 75%
[2025-06-05 10:07:46] WARNING: VRAM usage at 94%
[2025-06-05 10:07:47] Processing frame 467/5000... 1.13s
[2025-06-05 10:07:48] %%%%%%%% 40%
[2025-06-05 10:07:49] DEBUG: node_cache hit=1 queue_size=9
[2025-06-05 10:07:50] DEBUG: node_cache hit=1 queue_size=11
[2025-06-05 10:07:51] DEBUG: node_cache hit=0 queue_size=10
[2025-06-05 10:07:52] Processing frame 472/5000... 1.17s
[2025-06-05 10:07:53] Processing frame 473/5000... 2.60s
[2025-06-05 10:07:54] WARNING: VRAM usage at 82%
[2025-06-05 10:07:55] DEBUG: node_cache hit=1 queue_size=7
[2025-06-05 10:07:56] DEBUG: node_cache hit=0 queue_size=2
[2025-06-05 10:07:57] DEBUG: node_cache hit=1 queue_size=5
[2025-06-05 10:07:58] DEBUG: node_cache hit=0 queue_size=4
[2025-06-05 10:07:59] Processing frame 479/5000... 0.75s
[2025-06-05 10:08:00] Processing frame 480/5000... 2.79s
[2025-06-05 10:08:01] %%%%%%%% 72%
[2025-06-05 10:08:02] Processing frame 482/5000... 2.49s
[2025-06-05 10:08:03] DEBUG: node_cache hit=1 queue_size=10
[2025-06-05 10:08:04] DEBUG: node_cache hit=0 queue_size=2
[2025-06-05 10:08:05] DEBUG: node_cache hit=1 queue_size=4
[2025-06-05 10:08:06] DEBUG: node_cache hit=0 queue_size=11
[2025-06-05 10:08:07] %%%%%%%% 23%
[2025-06-05 10:08:08] DEBUG: node_cache hit=1 queue_size=5
[2025-06-05 10:08:09] DEBUG: node_cache hit=1 queue_size=5
[2025-06-05 10:08:10] WARNING: VRAM usage at 95%
[2025-06-05 10:08:11] Processing frame 491/5000... 1.99s
[2025-06-05 10:08:12] DEBUG: node_cache hit=1 queue_size=1
[2025-06-05 10:08:13] DEBUG: node_cache hit=0 queue_size=0
[2025-06-05 10:08:14] DEBUG: node_cache hit=0 queue_size=7
[2025-06-05 10:08:15] WARNING: VRAM usage at 84%
[2025-06-05 10:08:16] %%%%%%%% 91%
[2025-06-05 10:08:17] %%%%%%%% 81%
[2025-06-05 10:08:18] DEBUG: node_cache hit=1 queue_size=1
[2025-06-05 10:08:19] DEBUG: node_cache hit=0 queue_size=7
[2025-06-05 10:08:20] Processing frame 500/5000... 1.55s
[2025-06-05 10:08:21] Processing frame 501/5000... 1.34s
[2025-06-05 10:08:22] DEBUG: node_cache hit=1 queue_size=7
[2025-06-05 10:08:23] Processing frame 503/5000... 2.64s
[2025-06-05 10:08:24] Processing frame 504/5000... 0.89s
[2025-06-05 10:08:25] DEBUG: node_cache hit=0 queue_size=10
[2025-06-05 10:08:26] Processing frame 506/5000... 1.05s
[2025-06-05 10:08:27] DEBUG: node_cache hit=1 queue_size=6
[2025-06-05 10:08:28] Processing frame 508/5000... 2.88s
[2025-06-05 10:08:29] DEBUG: node_cache hit=0 queue_size=6
[2025-06-05 10:08:30] DEBUG: node_cache hit=0 queue_size=5
[2025-06-05 10:08:31] DEBUG: node_cache hit=1 queue_size=7
[2025-06-05 10:08:32] DEBUG: node_cache hit=1 queue_size=6
[2025-06-05 10:08:33] DEBUG: node_cache hit=0 queue_size=12
[2025-06-05 10:08:34] DEBUG: node_cache hit=1 queue_size=12
[2025-06-05 10:08:35] DEBUG: node_cache hit=0 queue_size=2
[2025-06-05 10:08:36] DEBUG: node_cache hit=0 queue_size=1
[2025-06-05 10:08:37] Processing frame 517/5000... 0.61s
[2025-06-05 10:08:38] DEBUG: node_cache hit=0 queue_size=3
[2025-06-05 10:08:39] DEBUG: node_cache hit=1 queue_size=4
[2025-06-05 10:08:40] WARNING: VRAM usage at 99%
[2025-06-05 10:08:41] DEBUG: node_cache hit=1 queue_size=1
[2025-06-05 10:08:42] DEBUG: node_cache hit=0 queue_size=3
[2025-06-05 10:08:43] DEBUG: node_cache hit=1 queue_size=12
[2025-06-05 10:08:44] DEBUG: node_cache hit=1 queue_size=11
[2025-06-05 10:08:45] DEBUG: node_cache hit=0 queue_size=12
[2025-06-05 10:08:46] DEBUG: node_cache hit=0 queue_size=8
[2025-06-05 10:08:47] DEBUG: node_cache hit=1 queue_size=8
[2025-06-05 10:08:48] DEBUG: node_cache hit=1 queue_size=3
[2025-06-05 10:08:49] DEBUG: node_cache hit=0 queue_size=9
[2025-06-05 10:08:50] DEBUG: node_cache hit=0 queue_size=11
[2025-06-05 10:08:51] DEBUG: node_cache hit=0 queue_size=4
[2025-06-05 10:08:52] DEBUG: node_cache hit=1 queue_size=0
[2025-06-05 10:08:53] DEBUG: node_cache hit=1 queue_size=7
[2025-06-05 10:08:54] DEBUG: node_cache hit=0 queue_size=5
[2025-06-05 10:08:55] DEBUG: node_cache hit=1 queue_size=10
[2025-06-05 10:08:56] %%%%%%%% 27%
[2025-06-05 10:08:57] Processing frame 537/5000... 1.33s
[2025-06-05 10:08:58] DEBUG: node_cache hit=1 queue_size=7
[2025-06-05 10:08:59] DEBUG: node_cache hit=1 queue_size=4
[2025-06-05 10:09:00] Processing frame 540/5000... 2.67s
[2025-06-05 10:09:01] DEBUG: node_cache hit=1 queue_size=3
[2025-06-05 10:09:02] DEBUG: node_cache hit=1 queue_size=9
[2025-06-05 10:09:03] DEBUG: node_cache hit=0 queue_size=8
[2025-06-05 10:09:04] DEBUG: node_cache hit=1 queue_size=2
[2025-06-05 10:09:05] DEBUG: node_cache hit=0 queue_size=0
[2025-06-05 10:09:06] DEBUG: node_cache hit=0 queue_size=5
[2025-06-05 10:09:07] DEBUG: node_cache hit=0 queue_size=6
[2025-06-05 10:09:08] DEBUG: node_cache hit=1 queue_size=6
[2025-06-05 10:09:09] DEBUG: node_cache hit=0 queue_size=4
[2025-06-05 10:09:10] DEBUG: node_cache hit=1 queue_size=12
[2025-06-05 10:09:11] %%%%%%%% 48%
[2025-06-05 10:09:12] Processing frame 552/5000... 1.24s
[2025-06-05 10:09:13] Processing frame 553/5000... 2.22s
[2025-06-05 10:09:14] DEBUG: node_cache hit=1 queue_size=9
[2025-06-05 10:09:15] DEBUG: node_cache hit=0 queue_size=0
[2025-06-05 10:09:16] DEBUG: node_cache hit=0 queue_size=11
[2025-06-05 10:09:17] DEBUG: node_cache hit=1 queue_size=2
[2025-06-05 10:09:18] Processing frame 558/5000... 0.67s
[2025-06-05 10:09:19] DEBUG: node_cache hit=1 queue_size=12
[2025-06-05 10:09:20] %%%%%%%% 35%
[2025-06-05 10:09:21] DEBUG: node_cache hit=1 queue_size=3
[2025-06-05 10:09:22] Processing frame 562/5000... 2.67s
[2025-06-05 10:09:23] DEBUG: node_cache hit=0 queue_size=6
[2025-06-05 10:09:24] DEBUG: node_cache hit=0 queue_size=12
[2025-06-05 10:09:25] DEBUG: node_cache hit=1 queue_size=1
[2025-06-05 10:09:26] DEBUG: node_cache hit=1 queue_size=5
[2025-06-05 10:09:27] %%%%%%%% 27%
[2025-06-05 10:09:28] DEBUG: node_cache hit=1 queue_size=0
[2025-06-05 10:09:29] Processing frame 569/5000... 2.38s
[2025-06-05 10:09:30] DEBUG: node_cache hit=1 queue_size=11
[2025-06-05 10:09:31] Processing frame 571/5000... 1.27s
[2025-06-05 10:09:32] WARNING: VRAM usage at 98%
[2025-06-05 10:09:33] DEBUG: node_cache hit=0 queue_size=6
[2025-06-05 10:09:34] Processing frame 574/5000... 1.04s
[2025-06-05 10:09:35] DEBUG: node_cache hit=1 queue_size=6
[2025-06-05 10:09:36] DEBUG: node_cache hit=0 queue_size=8
[2025-06-05 10:09:37] DEBUG: node_cache hit=1 queue_size=6
[2025-06-05 10:09:38] DEBUG: node_cache hit=1 queue_size=8
[2025-06-05 10:09:39] DEBUG: node_cache hit=1 queue_size=3
[2025-06-05 10:09:40] DEBUG: node_cache hit=0 queue_size=11
[2025-06-05 10:09:41] DEBUG: node_cache hit=1 queue_size=9
[2025-06-05 10:09:42] WARNING: VRAM usage at 81%
[2025-06-05 10:09:43] DEBUG: node_cache hit=0 queue_size=7
[2025-06-05 10:09:44] DEBUG: node_cache hit=1 queue_size=3
[2025-06-05 10:09:45] DEBUG: node_cache hit=0 queue_size=9
[2025-06-05 10:09:46] WARNING: VRAM usage at 83%
[2025-06-05 10:09:47] Processing frame 587/5000... 2.14s
[2025-06-05 10:09:48] DEBUG: node_cache hit=1 queue_size=8
[2025-06-05 10:09:49] DEBUG: node_cache hit=0 queue_size=2
[2025-06-05 10:09:50] DEBUG: node_cache hit=0 queue_size=4
[2025-06-05 10:09:51] DEBUG: node_cache hit=0 queue_size=7
[2025-06-05 10:09:52] Processing frame 592/5000... 2.20s
[2025-06-05 10:09:53] DEBUG: node_cache hit=0 queue_size=6
[2025-06-05 10:09:54] %%%%%%%% 66%
[2025-06-05 10:09:55] Processing frame 595/5000... 2.09s
[2025-06-05 10:09:56] DEBUG: node_cache hit=0 queue_size=6
[2025-06-05 10:09:57] Processing frame 597/5000... 0.57s
[2025-06-05 10:09:58] WARNING: VRAM usage at 93%
[2025-06-05 10:09:59] DEBUG: node_cache hit=0 queue_size=3
[2025-06-05 10:10:00] DEBUG: node_cache hit=0 queue_size=0
[2025-06-05 10:10:01] DEBUG: node_cache hit=0 queue_size=9
[2025-06-05 10:10:02] DEBUG: node_cache hit=0 queue_size=2
[2025-06-05 10:10:03] DEBUG: node_cache hit=0 queue_size=12
[2025-06-05 10:10:04] DEBUG: node_cache hit=1 queue_size=12
[2025-06-05 10:10:05] DEBUG: node_cache hit=0 queue_size=0
[2025-06-05 10:10:06] DEBUG: node_cache hit=1 queue_size=0
[2025-06-05 10:10:07] DEBUG: node_cache hit=1 queue_size=6
[2025-06-05 10:10:08] DEBUG: node_cache hit=0 queue_size=1
[2025-06-05 10:10:09] DEBUG: node_cache hit=1 queue_size=12
[2025-06-05 10:10:10] DEBUG: node_cache hit=0 queue_size=9
[2025-06-05 10:10:11] DEBUG: node_cache hit=1 queue_size=0
[2025-06-05 10:10:12] DEBUG: node_cache hit=1 queue_size=2
[2025-06-05 10:10:13] Processing frame 613/5000... 2.99s
[2025-06-05 10:10:14] DEBUG: node_cache hit=0 queue_size=3
[2025-06-05 10:10:15] DEBUG: node_cache hit=0 queue_size=10
[2025-06-05 10:10:16] Processing frame 616/5000... 1.88s
[2025-06-05 10:10:17] Processing frame 617/5000... 2.48s
[2025-06-05 10:10:18] Processing frame 618/5000... 2.95s
[2025-06-05 10:10:19] Processing frame 619/5000... 2.65s
[2025-06-05 10:10:20] DEBUG: node_cache hit=0 queue_size=4
[2025-06-05 10:10:21] DEBUG: node_cache hit=0 queue_size=3
[2025-06-05 10:10:22] %%%%%%%% 52%
[2025-06-05 10:10:23] DEBUG: node_cache hit=0 queue_size=0
[2025-06-05 10:10:24] DEBUG: node_cache hit=0 queue_size=7
[2025-06-05 10:10:25] Processing frame 625/5000... 2.17s
[2025-06-05 10:10:26] DEBUG: node_cache hit=1 queue_size=11
[2025-06-05 10:10:27] DEBUG: node_cache hit=1 queue_size=9
[2025-06-05 10:10:28] DEBUG: node_cache hit=1 queue_size=2
[2025-06-05 10:10:29] Processing frame 629/5000... 1.08s
[2025-06-05 10:10:30] Processing frame 630/5000... 0.58s
[2025-06-05 10:10:31] WARNING: VRAM usage at 87%
[2025-06-05 10:10:32] DEBUG: node_cache hit=0 queue_size=7
[2025-06-05 10:10:33] DEBUG: node_cache hit=1 queue_size=11
[2025-06-05 10:10:34] DEBUG: node_cache hit=1 queue_size=3
[2025-06-05 10:10:35] %%%%%%%% 66%
[2025-06-05 10:10:36] DEBUG: node_cache hit=0 queue_size=12
[2025-06-05 10:10:37] DEBUG: node_cache hit=1 queue_size=6
[2025-06-05 10:10:38] Processing frame 638/5000... 1.24s
[2025-06-05 10:10:39] DEBUG: node_cache hit=0 queue_size=4
[2025-06-05 10:10:40] DEBUG: node_cache hit=0 queue_size=0
[2025-06-05 10:10:41] DEBUG: node_cache hit=0 queue_size=1
[2025-06-05 10:10:42] DEBUG: node_cache hit=0 queue_size=9
[2025-06-05 10:10:43] %%%%%%%% 22%
[2025-06-05 10:10:44] DEBUG: node_cache hit=0 queue_size=7
[2025-06-05 10:10:45] DEBUG: node_cache hit=1 queue_size=6
[2025-06-05 10:10:46] DEBUG: node_cache hit=0 queue_size=7
[2025-06-05 10:10:47] DEBUG: node_cache hit=0 queue_size=3
[2025-06-05 10:10:48] Processing frame 648/5000... 2.86s
[2025-06-05 10:10:49] DEBUG: node_cache hit=1 queue_size=10
[2025-06-05 10:10:50] DEBUG: node_cache hit=1 queue_size=10
[2025-06-05 10:10:51] DEBUG: node_cache hit=0 queue_size=2
[2025-06-05 10:10:52] DEBUG: node_cache hit=1 queue_size=10
[2025-06-05 10:10:53] DEBUG: node_cache hit=0 queue_size=6
[2025-06-05 10:10:54] DEBUG: node_cache hit=1 queue_size=11
[2025-06-05 10:10:55] DEBUG: node_cache hit=0 queue_size=8
[2025-06-05 10:10:56] Processing frame 656/5000... 1.64s
[2025-06-05 10:10:57] DEBUG: node_cache hit=0 queue_size=2
[2025-06-05 10:10:58] DEBUG: node_cache hit=0 queue_size=1
[2025-06-05 10:10:59] DEBUG: node_cache hit=1 queue_size=9
[2025-06-05 10:11:00] Processing frame 660/5000... 1.19s
[2025-06-05 10:11:01] DEBUG: node_cache hit=0 queue_size=4
[2025-06-05 10:11:02] Processing frame 662/5000... 2.76s
[2025-06-05 10:11:03] DEBUG: node_cache hit=1 queue_size=6
[2025-06-05 10:11:04] DEBUG: node_cache hit=0 queue_size=9
[2025-06-05 10:11:05] DEBUG: node_cache hit=1 queue_size=6
[2025-06-05 10:11:06] DEBUG: node_cache hit=0 queue_size=6
[2025-06-05 10:11:07] DEBUG: node_cache hit=1 queue_size=8
[2025-06-05 10:11:08] ERROR: CUDA out of memory
  File src/pipeline.py, line 400, in process_frame
  File src/pipeline.py, line 63, in process_frame
  File src/pipeline.py, line 153, in process_frame
  File src/pipeline.py, line 11, in process_frame
  File src/pipeline.py, line 134, in process_frame
  raise CUDA out of memory
[2025-06-05 10:11:09] Processing frame 669/5000... 2.09s
[2025-06-05 10:11:10] DEBUG: node_cache hit=0 queue_size=4
[2025-06-05 10:11:11] DEBUG: node_cache hit=0 queue_size=2
[2025-06-05 10:11:12] WARNING: VRAM usage at 80%
[2025-06-05 10:11:13] Processing frame 673/5000... 2.03s
[2025-06-05 10:11:14] DEBUG: node_cache hit=0 queue_size=7
[2025-06-05 10:11:15] DEBUG: node_cache hit=0 queue_size=8
[2025-06-05 10:11:16] DEBUG: node_cache hit=1 queue_size=6
[2025-06-05 10:11:17] DEBUG: node_cache hit=0 queue_size=6
[2025-06-05 10:11:18] DEBUG: node_cache hit=0 queue_size=12
[2025-06-05 10:11:19] DEBUG: node_cache hit=1 queue_size=3
[2025-06-05 10:11:20] DEBUG: node_cache hit=1 queue_size=11
[2025-06-05 10:11:21] WARNING: VRAM usage at 83%
[2025-06-05 10:11:22] DEBUG: node_cache hit=1 queue_size=12
[2025-06-05 10:11:23] WARNING: VRAM usage at 85%
[2025-06-05 10:11:24] DEBUG: node_cache hit=1 queue_size=8
[2025-06-05 10:11:25] DEBUG: node_cache hit=1 queue_size=7
[2025-06-05 10:11:26] DEBUG: node_cache hit=0 queue_size=2
[2025-06-05 10:11:27] DEBUG: node_cache hit=0 queue_size=6
[2025-06-05 10:11:28] DEBUG: node_cache hit=0 queue_size=10
[2025-06-05 10:11:29] DEBUG: node_cache hit=0 queue_size=2
[2025-06-05 10:11:30] Processing frame 690/5000... 1.88s
[2025-06-05 10:11:31] DEBUG: node_cache hit=0 queue_size=2
[2025-06-05 10:11:32] DEBUG: node_cache hit=1 queue_size=1
[2025-06-05 10:11:33] Processing frame 693/5000... 1.36s
[2025-06-05 10:11:34] DEBUG: node_cache hit=1 queue_size=12
[2025-06-05 10:11:35] %%%%%%%% 48%
[2025-06-05 10:11:36] %%%%%%%% 41%
[2025-06-05 10:11:37] DEBUG: node_cache hit=0 queue_size=12
[2025-06-05 10:11:38] Processing frame 698/5000... 1.46s
[2025-06-05 10:11:39] DEBUG: node_cache hit=0 queue_size=4
[2025-06-05 10:11:40] Processing frame 700/5000... 0.54s
[2025-06-05 10:11:41] WARNING: VRAM usage at 86%
[2025-06-05 10:11:42] DEBUG: node_cache hit=0 queue_size=5
[2025-06-05 10:11:43] Processing frame 703/5000... 2.64s
[2025-06-05 10:11:44] DEBUG: node_cache hit=1 queue_size=5
[2025-06-05 10:11:45] DEBUG: node_cache hit=0 queue_size=12
[2025-06-05 10:11:46] Processing frame 706/5000... 1.74s
[2025-06-05 10:11:47] Processing frame 707/5000... 1.76s
[2025-06-05 10:11:48] DEBUG: node_cache hit=1 queue_size=4
[2025-06-05 10:11:49] DEBUG: node_cache hit=1 queue_size=10
[2025-06-05 10:11:50] DEBUG: node_cache hit=0 queue_size=1
[2025-06-05 10:11:51] WARNING: VRAM usage at 87%
[2025-06-05 10:11:52] DEBUG: node_cache hit=1 queue_size=4
[2025-06-05 10:11:53] DEBUG: node_cache hit=0 queue_size=2
[2025-06-05 10:11:54] Processing frame 714/5000... 1.84s
[2025-06-05 10:11:55] %%%%%%%% 72%
[2025-06-05 10:11:56] DEBUG: node_cache hit=1 queue_size=5
[2025-06-05 10:11:57] DEBUG: node_cache hit=1 queue_size=2
[2025-06-05 10:11:58] DEBUG: node_cache hit=0 queue_size=2
[2025-06-05 10:11:59] Processing frame 719/5000... 1.67s
[2025-06-05 10:12:00] DEBUG: node_cache hit=1 queue_size=1
[2025-06-05 10:12:01] DEBUG: node_cache hit=0 queue_size=5
[2025-06-05 10:12:02] Processing frame 722/5000... 2.52s
[2025-06-05 10:12:03] Processing frame 723/5000... 1.38s
[2025-06-05 10:12:04] DEBUG: node_cache hit=1 queue_size=3
[2025-06-05 10:12:05] DEBUG: node_cache hit=1 queue_size=0
[2025-06-05 10:12:06] WARNING: VRAM usage at 80%
[2025-06-05 10:12:07] DEBUG: node_cache hit=0 queue_size=11
[2025-06-05 10:12:08] DEBUG: node_cache hit=1 queue_size=2
[2025-06-05 10:12:09] DEBUG: node_cache hit=0 queue_size=6
[2025-06-05 10:12:10] DEBUG: node_cache hit=1 queue_size=10
[2025-06-05 10:12:11] DEBUG: node_cache hit=0 queue_size=1
[2025-06-05 10:12:12] %%%%%%%% 66%
[2025-06-05 10:12:13] DEBUG: node_cache hit=1 queue_size=0
[2025-06-05 10:12:14] DEBUG: node_cache hit=1 queue_size=11
[2025-06-05 10:12:15] ERROR: RuntimeError: expected scalar type Float
  File src/pipeline.py, line 389, in process_frame
  File src/pipeline.py, line 42, in process_frame
  File src/pipeline.py, line 10, in process_frame
  File src/pipeline.py, line 295, in process_frame
  File src/pipeline.py, line 165, in process_frame
  raise ConnectionRefusedError: localhost:8188
[2025-06-05 10:12:16] %%%%%%%% 90%
[2025-06-05 10:12:17] %%%%%%%% 71%
[2025-06-05 10:12:18] DEBUG: node_cache hit=1 queue_size=5
[2025-06-05 10:12:19] DEBUG: node_cache hit=1 queue_size=10
[2025-06-05 10:12:20] DEBUG: node_cache hit=1 queue_size=4
[2025-06-05 10:12:21] Processing frame 741/5000... 2.25s
[2025-06-05 10:12:22] DEBUG: node_cache hit=1 queue_size=9
[2025-06-05 10:12:23] Processing frame 743/5000... 1.17s
[2025-06-05 10:12:24] DEBUG: node_cache hit=0 queue_size=8
[2025-06-05 10:12:25] Processing frame 745/5000... 0.90s
[2025-06-05 10:12:26] DEBUG: node_cache hit=1 queue_size=9
[2025-06-05 10:12:27] ERROR: ConnectionRefusedError: localhost:8188
  File src/pipeline.py, line 297, in process_frame
  File src/pipeline.py, line 416, in process_frame
  File src/pipeline.py, line 50, in process_frame
  File src/pipeline.py, line 189, in process_frame
  File src/pipeline.py, line 272, in process_frame
  raise RuntimeError: expected scalar type Float
[2025-06-05 10:12:28] DEBUG: node_cache hit=0 queue_size=4
[2025-06-05 10:12:29] Processing frame 749/5000... 1.96s
[2025-06-05 10:12:30] Processing frame 750/5000... 0.64s
[2025-06-05 10:12:31] DEBUG: node_cache hit=0 queue_size=8
[2025-06-05 10:12:32] DEBUG: node_cache hit=0 queue_size=11
[2025-06-05 10:12:33] ERROR: CUDA out of memory
  File src/pipeline.py, line 462, in process_frame
  File src/pipeline.py, line 29, in process_frame
  File src/pipeline.py, line 234, in process_frame
  File src/pipeline.py, line 463, in process_frame
  File src/pipeline.py, line 391, in process_frame
  raise RuntimeError: expected scalar type Float
[2025-06-05 10:12:34] DEBUG: node_cache hit=1 queue_size=8
[2025-06-05 10:12:35] WARNING: VRAM usage at 90%
[2025-06-05 10:12:36] %%%%%%%% 21%
[2025-06-05 10:12:37] WARNING: VRAM usage at 89%
[2025-06-05 10:12:38] DEBUG: node_cache hit=0 queue_size=10
[2025-06-05 10:12:39] DEBUG: node_cache hit=1 queue_size=5
[2025-06-05 10:12:40] Processing frame 760/5000... 1.89s
[2025-06-05 10:12:41] DEBUG: node_cache hit=1 queue_size=2
[2025-06-05 10:12:42] DEBUG: node_cache hit=0 queue_size=3
[2025-06-05 10:12:43] DEBUG: node_cache hit=1 queue_size=3
[2025-06-05 10:12:44] DEBUG: node_cache hit=0 queue_size=0
[2025-06-05 10:12:45] DEBUG: node_cache hit=0 queue_size=3
[2025-06-05 10:12:46] DEBUG: node_cache hit=1 queue_size=9
[2025-06-05 10:12:47] Processing frame 767/5000... 2.34s
[2025-06-05 10:12:48] DEBUG: node_cache hit=0 queue_size=4
[2025-06-05 10:12:49] DEBUG: node_cache hit=1 queue_size=3
[2025-06-05 10:12:50] DEBUG: node_cache hit=1 queue_size=8
[2025-06-05 10:12:51] Processing frame 771/5000... 2.86s
[2025-06-05 10:12:52] %%%%%%%% 51%
[2025-06-05 10:12:53] DEBUG: node_cache hit=1 queue_size=3
[2025-06-05 10:12:54] DEBUG: node_cache hit=0 queue_size=5
[2025-06-05 10:12:55] DEBUG: node_cache hit=0 queue_size=2
[2025-06-05 10:12:56] Processing frame 776/5000... 1.94s
[2025-06-05 10:12:57] WARNING: VRAM usage at 95%
[2025-06-05 10:12:58] DEBUG: node_cache hit=1 queue_size=0
[2025-06-05 10:12:59] DEBUG: node_cache hit=1 queue_size=10
[2025-06-05 10:13:00] DEBUG: node_cache hit=0 queue_size=6
[2025-06-05 10:13:01] DEBUG: node_cache hit=0 queue_size=8
[2025-06-05 10:13:02] WARNING: VRAM usage at 88%
[2025-06-05 10:13:03] DEBUG: node_cache hit=1 queue_size=7
[2025-06-05 10:13:04] DEBUG: node_cache hit=0 queue_size=0
[2025-06-05 10:13:05] DEBUG: node_cache hit=1 queue_size=12
[2025-06-05 10:13:06] Processing frame 786/5000... 1.80s
[2025-06-05 10:13:07] DEBUG: node_cache hit=0 queue_size=6
[2025-06-05 10:13:08] DEBUG: node_cache hit=0 queue_size=8
[2025-06-05 10:13:09] WARNING: VRAM usage at 92%
[2025-06-05 10:13:10] DEBUG: node_cache hit=0 queue_size=1
[2025-06-05 10:13:11] DEBUG: node_cache hit=0 queue_size=8
[2025-06-05 10:13:12] Processing frame 792/5000... 1.96s
[2025-06-05 10:13:13] Processing frame 793/5000... 2.56s
[2025-06-05 10:13:14] DEBUG: node_cache hit=0 queue_size=7
[2025-06-05 10:13:15] DEBUG: node_cache hit=1 queue_size=8
[2025-06-05 10:13:16] DEBUG: node_cache hit=1 queue_size=4
[2025-06-05 10:13:17] DEBUG: node_cache hit=1 queue_size=12
[2025-06-05 10:13:18] DEBUG: node_cache hit=0 queue_size=11
[2025-06-05 10:13:19] WARNING: VRAM usage at 83%
[2025-06-05 10:13:20] DEBUG: node_cache hit=0 queue_size=0
[2025-06-05 10:13:21] DEBUG: node_cache hit=0 queue_size=8
[2025-06-05 10:13:22] DEBUG: node_cache hit=1 queue_size=11
[2025-06-05 10:13:23] DEBUG: node_cache hit=1 queue_size=6
[2025-06-05 10:13:24] DEBUG: node_cache hit=1 queue_size=2
[2025-06-05 10:13:25] ERROR: ConnectionRefusedError: localhost:8188
  File src/pipeline.py, line 81, in process_frame
  File src/pipeline.py, line 168, in process_frame
  File src/pipeline.py, line 200, in process_frame
  File src/pipeline.py, line 309, in process_frame
  File src/pipeline.py, line 490, in process_frame
  raise ValueError: invalid literal
[2025-06-05 10:13:26] Processing frame 806/5000... 1.33s
[2025-06-05 10:13:27] DEBUG: node_cache hit=0 queue_size=1
[2025-06-05 10:13:28] WARNING: VRAM usage at 89%
[2025-06-05 10:13:29] WARNING: VRAM usage at 98%
[2025-06-05 10:13:30] %%%%%%%% 21%
[2025-06-05 10:13:31] DEBUG: node_cache hit=0 queue_size=2
[2025-06-05 10:13:32] DEBUG: node_cache hit=1 queue_size=6
[2025-06-05 10:13:33] DEBUG: node_cache hit=0 queue_size=8
[2025-06-05 10:13:34] DEBUG: node_cache hit=1 queue_size=7
[2025-06-05 10:13:35] DEBUG: node_cache hit=1 queue_size=0
[2025-06-05 10:13:36] DEBUG: node_cache hit=0 queue_size=11
[2025-06-05 10:13:37] WARNING: VRAM usage at 98%
[2025-06-05 10:13:38] Processing frame 818/5000... 1.94s
[2025-06-05 10:13:39] %%%%%%%% 25%
[2025-06-05 10:13:40] DEBUG: node_cache hit=0 queue_size=11
[2025-06-05 10:13:41] %%%%%%%% 26%
[2025-06-05 10:13:42] DEBUG: node_cache hit=1 queue_size=2
[2025-06-05 10:13:43] %%%%%%%% 68%
[2025-06-05 10:13:44] DEBUG: node_cache hit=1 queue_size=3
[2025-06-05 10:13:45] Processing frame 825/5000... 0.85s
[2025-06-05 10:13:46] DEBUG: node_cache hit=0 queue_size=2
[2025-06-05 10:13:47] DEBUG: node_cache hit=0 queue_size=8
[2025-06-05 10:13:48] Processing frame 828/5000... 0.90s
[2025-06-05 10:13:49] DEBUG: node_cache hit=0 queue_size=4
[2025-06-05 10:13:50] Processing frame 830/5000... 1.10s
[2025-06-05 10:13:51] DEBUG: node_cache hit=0 queue_size=1
[2025-06-05 10:13:52] DEBUG: node_cache hit=0 queue_size=1
[2025-06-05 10:13:53] DEBUG: node_cache hit=0 queue_size=5
[2025-06-05 10:13:54] DEBUG: node_cache hit=0 queue_size=7
[2025-06-05 10:13:55] DEBUG: node_cache hit=0 queue_size=11
[2025-06-05 10:13:56] Processing frame 836/5000... 1.66s
[2025-06-05 10:13:57] DEBUG: node_cache hit=0 queue_size=7
[2025-06-05 10:13:58] DEBUG: node_cache hit=1 queue_size=10
[2025-06-05 10:13:59] DEBUG: node_cache hit=0 queue_size=5
[2025-06-05 10:14:00] WARNING: VRAM usage at 82%
[2025-06-05 10:14:01] Processing frame 841/5000... 0.66s
[2025-06-05 10:14:02] DEBUG: node_cache hit=1 queue_size=4
[2025-06-05 10:14:03] Processing frame 843/5000... 0.58s
[2025-06-05 10:14:04] DEBUG: node_cache hit=1 queue_size=0
[2025-06-05 10:14:05] DEBUG: node_cache hit=1 queue_size=3
[2025-06-05 10:14:06] Processing frame 846/5000... 0.87s
[2025-06-05 10:14:07] DEBUG: node_cache hit=1 queue_size=3
[2025-06-05 10:14:08] DEBUG: node_cache hit=0 queue_size=7
[2025-06-05 10:14:09] DEBUG: node_cache hit=1 queue_size=8
[2025-06-05 10:14:10] DEBUG: node_cache hit=0 queue_size=12
[2025-06-05 10:14:11] Processing frame 851/5000... 1.78s
[2025-06-05 10:14:12] WARNING: VRAM usage at 98%
[2025-06-05 10:14:13] DEBUG: node_cache hit=1 queue_size=9
[2025-06-05 10:14:14] Processing frame 854/5000... 2.52s
[2025-06-05 10:14:15] Processing frame 855/5000... 2.24s
[2025-06-05 10:14:16] DEBUG: node_cache hit=1 queue_size=3
[2025-06-05 10:14:17] DEBUG: node_cache hit=1 queue_size=6
[2025-06-05 10:14:18] DEBUG: node_cache hit=0 queue_size=4
[2025-06-05 10:14:19] DEBUG: node_cache hit=1 queue_size=11
[2025-06-05 10:14:20] DEBUG: node_cache hit=0 queue_size=12
[2025-06-05 10:14:21] DEBUG: node_cache hit=1 queue_size=9
[2025-06-05 10:14:22] WARNING: VRAM usage at 97%
[2025-06-05 10:14:23] Processing frame 863/5000... 2.35s
[2025-06-05 10:14:24] WARNING: VRAM usage at 86%
[2025-06-05 10:14:25] DEBUG: node_cache hit=0 queue_size=2
[2025-06-05 10:14:26] DEBUG: node_cache hit=0 queue_size=1
[2025-06-05 10:14:27] DEBUG: node_cache hit=1 queue_size=2
[2025-06-05 10:14:28] DEBUG: node_cache hit=0 queue_size=9
[2025-06-05 10:14:29] DEBUG: node_cache hit=0 queue_size=9
[2025-06-05 10:14:30] DEBUG: node_cache hit=0 queue_size=7
[2025-06-05 10:14:31] DEBUG: node_cache hit=1 queue_size=1
[2025-06-05 10:14:32] ERROR: ValueError: invalid literal
  File src/pipeline.py, line 445, in process_frame
  File src/pipeline.py, line 292, in process_frame
  File src/pipeline.py, line 37, in process_frame
  File src/pipeline.py, line 134, in process_frame
  File src/pipeline.py, line 272, in process_frame
  raise RuntimeError: expected scalar type Float
[2025-06-05 10:14:33] DEBUG: node_cache hit=0 queue_size=2
[2025-06-05 10:14:34] DEBUG: node_cache hit=1 queue_size=5
[2025-06-05 10:14:35] DEBUG: node_cache hit=1 queue_size=11
[2025-06-05 10:14:36] DEBUG: node_cache hit=1 queue_size=2
[2025-06-05 10:14:37] %%%%%%%% 48%
[2025-06-05 10:14:38] DEBUG: node_cache hit=1 queue_size=3
[2025-06-05 10:14:39] ERROR: ConnectionRefusedError: localhost:8188
  File src/pipeline.py, line 63, in process_frame
  File src/pipeline.py, line 440, in process_frame
  File src/pipeline.py, line 30, in process_frame
  File src/pipeline.py, line 385, in process_frame
  File src/pipeline.py, line 104, in process_frame
  raise CUDA out of memory
[2025-06-05 10:14:40] DEBUG: node_cache hit=1 queue_size=0
[2025-06-05 10:14:41] Processing frame 881/5000... 1.91s
[2025-06-05 10:14:42] DEBUG: node_cache hit=0 queue_size=5
[2025-06-05 10:14:43] DEBUG: node_cache hit=0 queue_size=11
[2025-06-05 10:14:44] %%%%%%%% 65%
[2025-06-05 10:14:45] DEBUG: node_cache hit=1 queue_size=2
[2025-06-05 10:14:46] WARNING: VRAM usage at 94%
[2025-06-05 10:14:47] Processing frame 887/5000... 1.99s
[2025-06-05 10:14:48] Processing frame 888/5000... 0.58s
[2025-06-05 10:14:49] DEBUG: node_cache hit=1 queue_size=4
[2025-06-05 10:14:50] DEBUG: node_cache hit=1 queue_size=8
[2025-06-05 10:14:51] DEBUG: node_cache hit=1 queue_size=7
[2025-06-05 10:14:52] Processing frame 892/5000... 2.50s
[2025-06-05 10:14:53] DEBUG: node_cache hit=0 queue_size=4
[2025-06-05 10:14:54] %%%%%%%% 92%
[2025-06-05 10:14:55] DEBUG: node_cache hit=1 queue_size=1
[2025-06-05 10:14:56] ERROR: FileNotFoundError: model.safetensors
  File src/pipeline.py, line 156, in process_frame
  File src/pipeline.py, line 451, in process_frame
  File src/pipeline.py, line 376, in process_frame
  File src/pipeline.py, line 425, in process_frame
  File src/pipeline.py, line 66, in process_frame
  raise ValueError: invalid literal
[2025-06-05 10:14:57] WARNING: VRAM usage at 96%
[2025-06-05 10:14:58] DEBUG: node_cache hit=0 queue_size=5
[2025-06-05 10:14:59] DEBUG: node_cache hit=0 queue_size=12
[2025-06-05 10:15:00] DEBUG: node_cache hit=0 queue_size=0
[2025-06-05 10:15:01] WARNING: VRAM usage at 92%
[2025-06-05 10:15:02] Processing frame 902/5000... 2.21s
[2025-06-05 10:15:03] DEBUG: node_cache hit=0 queue_size=10
[2025-06-05 10:15:04] DEBUG: node_cache hit=1 queue_size=12
[2025-06-05 10:15:05] DEBUG: node_cache hit=1 queue_size=10
[2025-06-05 10:15:06] DEBUG: node_cache hit=0 queue_size=6
[2025-06-05 10:15:07] Processing frame 907/5000... 1.10s
[2025-06-05 10:15:08] DEBUG: node_cache hit=1 queue_size=12
[2025-06-05 10:15:09] DEBUG: node_cache hit=0 queue_size=4
[2025-06-05 10:15:10] DEBUG: node_cache hit=1 queue_size=0
[2025-06-05 10:15:11] DEBUG: node_cache hit=1 queue_size=6
[2025-06-05 10:15:12] DEBUG: node_cache hit=1 queue_size=8
[2025-06-05 10:15:13] DEBUG: node_cache hit=1 queue_size=9
[2025-06-05 10:15:14] Processing frame 914/5000... 1.77s
[2025-06-05 10:15:15] DEBUG: node_cache hit=1 queue_size=9
[2025-06-05 10:15:16] Processing frame 916/5000... 0.83s
[2025-06-05 10:15:17] %%%%%%%% 37%
[2025-06-05 10:15:18] DEBUG: node_cache hit=0 queue_size=12
[2025-06-05 10:15:19] DEBUG: node_cache hit=0 queue_size=5
[2025-06-05 10:15:20] DEBUG: node_cache hit=1 queue_size=9
[2025-06-05 10:15:21] DEBUG: node_cache hit=1 queue_size=11
[2025-06-05 10:15:22] WARNING: VRAM usage at 96%
[2025-06-05 10:15:23] DEBUG: node_cache hit=0 queue_size=9
[2025-06-05 10:15:24] DEBUG: node_cache hit=1 queue_size=2
[2025-06-05 10:15:25] DEBUG: node_cache hit=1 queue_size=7
[2025-06-05 10:15:26] Processing frame 926/5000... 1.77s
[2025-06-05 10:15:27] ERROR: ValueError: invalid literal
  File src/pipeline.py, line 481, in process_frame
  File src/pipeline.py, line 385, in process_frame
  File src/pipeline.py, line 112, in process_frame
  File src/pipeline.py, line 486, in process_frame
  File src/pipeline.py, line 189, in process_frame
  raise ValueError: invalid literal
[2025-06-05 10:15:28] DEBUG: node_cache hit=0 queue_size=8
[2025-06-05 10:15:29] DEBUG: node_cache hit=0 queue_size=9
[2025-06-05 10:15:30] WARNING: VRAM usage at 99%
[2025-06-05 10:15:31] WARNING: VRAM usage at 90%
[2025-06-05 10:15:32] Processing frame 932/5000... 0.68s
[2025-06-05 10:15:33] DEBUG: node_cache hit=1 queue_size=12
[2025-06-05 10:15:34] Processing frame 934/5000... 1.66s
[2025-06-05 10:15:35] WARNING: VRAM usage at 94%
[2025-06-05 10:15:36] DEBUG: node_cache hit=1 queue_size=2
[2025-06-05 10:15:37] DEBUG: node_cache hit=0 queue_size=0
[2025-06-05 10:15:38] DEBUG: node_cache hit=0 queue_size=6
[2025-06-05 10:15:39] DEBUG: node_cache hit=0 queue_size=8
[2025-06-05 10:15:40] DEBUG: node_cache hit=1 queue_size=5
[2025-06-05 10:15:41] DEBUG: node_cache hit=0 queue_size=9
[2025-06-05 10:15:42] Processing frame 942/5000... 2.02s
[2025-06-05 10:15:43] DEBUG: node_cache hit=0 queue_size=9
[2025-06-05 10:15:44] DEBUG: node_cache hit=0 queue_size=7
[2025-06-05 10:15:45] DEBUG: node_cache hit=0 queue_size=2
[2025-06-05 10:15:46] DEBUG: node_cache hit=0 queue_size=9
[2025-06-05 10:15:47] DEBUG: node_cache hit=1 queue_size=1
[2025-06-05 10:15:48] DEBUG: node_cache hit=0 queue_size=9
[2025-06-05 10:15:49] DEBUG: node_cache hit=0 queue_size=2
[2025-06-05 10:15:50] DEBUG: node_cache hit=0 queue_size=8
[2025-06-05 10:15:51] DEBUG: node_cache hit=1 queue_size=12
[2025-06-05 10:15:52] Processing frame 952/5000... 2.85s
[2025-06-05 10:15:53] DEBUG: node_cache hit=1 queue_size=1
[2025-06-05 10:15:54] DEBUG: node_cache hit=0 queue_size=11
[2025-06-05 10:15:55] DEBUG: node_cache hit=0 queue_size=9
[2025-06-05 10:15:56] %%%%%%%% 60%
[2025-06-05 10:15:57] ERROR: FileNotFoundError: model.safetensors
  File src/pipeline.py, line 295, in process_frame
  File src/pipeline.py, line 282, in process_frame
  File src/pipeline.py, line 394, in process_frame
  File src/pipeline.py, line 495, in process_frame
  File src/pipeline.py, line 266, in process_frame
  raise FileNotFoundError: model.safetensors
[2025-06-05 10:15:58] DEBUG: node_cache hit=1 queue_size=1
[2025-06-05 10:15:59] Processing frame 959/5000... 2.40s
[2025-06-05 10:16:00] DEBUG: node_cache hit=1 queue_size=3
[2025-06-05 10:16:01] DEBUG: node_cache hit=1 queue_size=10
[2025-06-05 10:16:02] DEBUG: node_cache hit=0 queue_size=5
[2025-06-05 10:16:03] DEBUG: node_cache hit=1 queue_size=1
[2025-06-05 10:16:04] DEBUG: node_cache hit=0 queue_size=7
[2025-06-05 10:16:05] DEBUG: node_cache hit=1 queue_size=4
[2025-06-05 10:16:06] DEBUG: node_cache hit=1 queue_size=3
[2025-06-05 10:16:07] WARNING: VRAM usage at 94%
[2025-06-05 10:16:08] DEBUG: node_cache hit=0 queue_size=12
[2025-06-05 10:16:09] Processing frame 969/5000... 2.89s
[2025-06-05 10:16:10] DEBUG: node_cache hit=0 queue_size=10
[2025-06-05 10:16:11] Processing frame 971/5000... 0.62s
[2025-06-05 10:16:12] Processing frame 972/5000... 0.63s
[2025-06-05 10:16:13] DEBUG: node_cache hit=1 queue_size=10
[2025-06-05 10:16:14] DEBUG: node_cache hit=0 queue_size=6
[2025-06-05 10:16:15] DEBUG: node_cache hit=1 queue_size=1
[2025-06-05 10:16:16] Processing frame 976/5000... 0.83s
[2025-06-05 10:16:17] WARNING: VRAM usage at 87%
[2025-06-05 10:16:18] DEBUG: node_cache hit=1 queue_size=10
[2025-06-05 10:16:19] DEBUG: node_cache hit=0 queue_size=1
[2025-06-05 10:16:20] Processing frame 980/5000... 1.76s
[2025-06-05 10:16:21] DEBUG: node_cache hit=0 queue_size=5
[2025-06-05 10:16:22] DEBUG: node_cache hit=0 queue_size=11
[2025-06-05 10:16:23] DEBUG: node_cache hit=1 queue_size=1
[2025-06-05 10:16:24] Processing frame 984/5000... 2.50s
[2025-06-05 10:16:25] ERROR: FileNotFoundError: model.safetensors
  File src/pipeline.py, line 263, in process_frame
  File src/pipeline.py, line 482, in process_frame
  File src/pipeline.py, line 256, in process_frame
  File src/pipeline.py, line 22, in process_frame
  File src/pipeline.py, line 162, in process_frame
  raise CUDA out of memory
[2025-06-05 10:16:26] DEBUG: node_cache hit=0 queue_size=0
[2025-06-05 10:16:27] DEBUG: node_cache hit=0 queue_size=5
[2025-06-05 10:16:28] Processing frame 988/5000... 1.51s
[2025-06-05 10:16:29] DEBUG: node_cache hit=0 queue_size=3
[2025-06-05 10:16:30] Processing frame 990/5000... 1.88s
[2025-06-05 10:16:31] Processing frame 991/5000... 1.06s
[2025-06-05 10:16:32] WARNING: VRAM usage at 90%
[2025-06-05 10:16:33] WARNING: VRAM usage at 93%
[2025-06-05 10:16:34] %%%%%%%% 88%
[2025-06-05 10:16:35] WARNING: VRAM usage at 95%
[2025-06-05 10:16:36] DEBUG: node_cache hit=0 queue_size=10
[2025-06-05 10:16:37] DEBUG: node_cache hit=1 queue_size=5
[2025-06-05 10:16:38] DEBUG: node_cache hit=1 queue_size=12
[2025-06-05 10:16:39] DEBUG: node_cache hit=1 queue_size=0
[2025-06-05 10:16:40] %%%%%%%% 21%
[2025-06-05 10:16:41] DEBUG: node_cache hit=0 queue_size=7
[2025-06-05 10:16:42] Processing frame 1002/5000... 1.22s
[2025-06-05 10:16:43] DEBUG: node_cache hit=1 queue_size=7
[2025-06-05 10:16:44] Processing frame 1004/5000... 2.66s
[2025-06-05 10:16:45] WARNING: VRAM usage at 88%
[2025-06-05 10:16:46] Processing frame 1006/5000... 1.48s
[2025-06-05 10:16:47] DEBUG: node_cache hit=1 queue_size=1
[2025-06-05 10:16:48] WARNING: VRAM usage at 96%
[2025-06-05 10:16:49] DEBUG: node_cache hit=1 queue_size=1
[2025-06-05 10:16:50] Processing frame 1010/5000... 0.78s
[2025-06-05 10:16:51] DEBUG: node_cache hit=0 queue_size=9
[2025-06-05 10:16:52] Processing frame 1012/5000... 1.70s
[2025-06-05 10:16:53] DEBUG: node_cache hit=1 queue_size=5
[2025-06-05 10:16:54] DEBUG: node_cache hit=0 queue_size=8
[2025-06-05 10:16:55] DEBUG: node_cache hit=1 queue_size=8
[2025-06-05 10:16:56] Processing frame 1016/5000... 1.80s
[2025-06-05 10:16:57] Processing frame 1017/5000... 1.92s
[2025-06-05 10:16:58] DEBUG: node_cache hit=0 queue_size=8
[2025-06-05 10:16:59] DEBUG: node_cache hit=1 queue_size=7
[2025-06-05 10:17:00] DEBUG: node_cache hit=0 queue_size=0
[2025-06-05 10:17:01] DEBUG: node_cache hit=0 queue_size=7
[2025-06-05 10:17:02] WARNING: VRAM usage at 89%
[2025-06-05 10:17:03] DEBUG: node_cache hit=1 queue_size=10
[2025-06-05 10:17:04] DEBUG: node_cache hit=0 queue_size=3
[2025-06-05 10:17:05] DEBUG: node_cache hit=1 queue_size=4
[2025-06-05 10:17:06] DEBUG: node_cache hit=1 queue_size=7
[2025-06-05 10:17:07] %%%%%%%% 39%
[2025-06-05 10:17:08] DEBUG: node_cache hit=1 queue_size=8
[2025-06-05 10:17:09] DEBUG: node_cache hit=1 queue_size=0
[2025-06-05 10:17:10] DEBUG: node_cache hit=1 queue_size=10
[2025-06-05 10:17:11] DEBUG: node_cache hit=1 queue_size=9
[2025-06-05 10:17:12] DEBUG: node_cache hit=1 queue_size=1
[2025-06-05 10:17:13] DEBUG: node_cache hit=0 queue_size=4
[2025-06-05 10:17:14] DEBUG: node_cache hit=1 queue_size=7
[2025-06-05 10:17:15] Processing frame 1035/5000... 2.07s
[2025-06-05 10:17:16] DEBUG: node_cache hit=1 queue_size=4
[2025-06-05 10:17:17] DEBUG: node_cache hit=0 queue_size=1
[2025-06-05 10:17:18] DEBUG: node_cache hit=1 queue_size=10
[2025-06-05 10:17:19] DEBUG: node_cache hit=1 queue_size=10
[2025-06-05 10:17:20] DEBUG: node_cache hit=1 queue_size=2
[2025-06-05 10:17:21] ERROR: FileNotFoundError: model.safetensors
  File src/pipeline.py, line 191, in process_frame
  File src/pipeline.py, line 88, in process_frame
  File src/pipeline.py, line 432, in process_frame
  File src/pipeline.py, line 93, in process_frame
  File src/pipeline.py, line 319, in process_frame
  raise ConnectionRefusedError: localhost:8188
[2025-06-05 10:17:22] Processing frame 1042/5000... 2.17s
[2025-06-05 10:17:23] DEBUG: node_cache hit=1 queue_size=5
[2025-06-05 10:17:24] Processing frame 1044/5000... 0.77s
[2025-06-05 10:17:25] WARNING: VRAM usage at 98%
[2025-06-05 10:17:26] WARNING: VRAM usage at 81%
[2025-06-05 10:17:27] Processing frame 1047/5000... 0.55s
[2025-06-05 10:17:28] DEBUG: node_cache hit=0 queue_size=11
[2025-06-05 10:17:29] WARNING: VRAM usage at 96%
[2025-06-05 10:17:30] %%%%%%%% 25%
[2025-06-05 10:17:31] DEBUG: node_cache hit=0 queue_size=8
[2025-06-05 10:17:32] DEBUG: node_cache hit=1 queue_size=9
[2025-06-05 10:17:33] DEBUG: node_cache hit=1 queue_size=9
[2025-06-05 10:17:34] Processing frame 1054/5000... 0.64s
[2025-06-05 10:17:35] Processing frame 1055/5000... 1.64s
[2025-06-05 10:17:36] DEBUG: node_cache hit=0 queue_size=9
[2025-06-05 10:17:37] Processing frame 1057/5000... 1.41s
[2025-06-05 10:17:38] DEBUG: node_cache hit=1 queue_size=5
[2025-06-05 10:17:39] %%%%%%%% 20%
[2025-06-05 10:17:40] DEBUG: node_cache hit=0 queue_size=1
[2025-06-05 10:17:41] DEBUG: node_cache hit=0 queue_size=5
[2025-06-05 10:17:42] DEBUG: node_cache hit=1 queue_size=3
[2025-06-05 10:17:43] Processing frame 1063/5000... 1.53s
[2025-06-05 10:17:44] DEBUG: node_cache hit=1 queue_size=3
[2025-06-05 10:17:45] DEBUG: node_cache hit=1 queue_size=4
[2025-06-05 10:17:46] WARNING: VRAM usage at 99%
[2025-06-05 10:17:47] DEBUG: node_cache hit=1 queue_size=2
[2025-06-05 10:17:48] Processing frame 1068/5000... 1.77s
[2025-06-05 10:17:49] Processing frame 1069/5000... 2.14s
[2025-06-05 10:17:50] DEBUG: node_cache hit=0 queue_size=6
[2025-06-05 10:17:51] DEBUG: node_cache hit=1 queue_size=11
[2025-06-05 10:17:52] DEBUG: node_cache hit=1 queue_size=12
[2025-06-05 10:17:53] DEBUG: node_cache hit=1 queue_size=1
[2025-06-05 10:17:54] WARNING: VRAM usage at 80%
[2025-06-05 10:17:55] DEBUG: node_cache hit=1 queue_size=10
[2025-06-05 10:17:56] %%%%%%%% 46%
[2025-06-05 10:17:57] DEBUG: node_cache hit=0 queue_size=9
[2025-06-05 10:17:58] ERROR: FileNotFoundError: model.safetensors
  File src/pipeline.py, line 84, in process_frame
  File src/pipeline.py, line 431, in process_frame
  File src/pipeline.py, line 394, in process_frame
  File src/pipeline.py, line 436, in process_frame
  File src/pipeline.py, line 335, in process_frame
  raise ValueError: invalid literal
[2025-06-05 10:17:59] Processing frame 1079/5000... 1.81s
[2025-06-05 10:18:00] WARNING: VRAM usage at 87%
[2025-06-05 10:18:01] DEBUG: node_cache hit=1 queue_size=4
[2025-06-05 10:18:02] DEBUG: node_cache hit=1 queue_size=8
[2025-06-05 10:18:03] Processing frame 1083/5000... 2.17s
[2025-06-05 10:18:04] %%%%%%%% 87%
[2025-06-05 10:18:05] DEBUG: node_cache hit=0 queue_size=8
[2025-06-05 10:18:06] DEBUG: node_cache hit=0 queue_size=12
[2025-06-05 10:18:07] DEBUG: node_cache hit=0 queue_size=6
[2025-06-05 10:18:08] DEBUG: node_cache hit=0 queue_size=10
[2025-06-05 10:18:09] DEBUG: node_cache hit=0 queue_size=0
[2025-06-05 10:18:10] DEBUG: node_cache hit=0 queue_size=12
[2025-06-05 10:18:11] DEBUG: node_cache hit=1 queue_size=9
[2025-06-05 10:18:12] DEBUG: node_cache hit=0 queue_size=5
[2025-06-05 10:18:13] %%%%%%%% 42%
[2025-06-05 10:18:14] Processing frame 1094/5000... 2.57s
[2025-06-05 10:18:15] Processing frame 1095/5000... 2.91s
[2025-06-05 10:18:16] DEBUG: node_cache hit=1 queue_size=11
[2025-06-05 10:18:17] Processing frame 1097/5000... 2.59s
[2025-06-05 10:18:18] DEBUG: node_cache hit=1 queue_size=3
[2025-06-05 10:18:19] DEBUG: node_cache hit=0 queue_size=8
[2025-06-05 10:18:20] DEBUG: node_cache hit=0 queue_size=10
[2025-06-05 10:18:21] DEBUG: node_cache hit=0 queue_size=8
[2025-06-05 10:18:22] Processing frame 1102/5000... 1.62s
[2025-06-05 10:18:23] DEBUG: node_cache hit=1 queue_size=12
[2025-06-05 10:18:24] Processing frame 1104/5000... 1.91s
[2025-06-05 10:18:25] %%%%%%%% 72%
[2025-06-05 10:18:26] DEBUG: node_cache hit=1 queue_size=2
[2025-06-05 10:18:27] DEBUG: node_cache hit=0 queue_size=0
[2025-06-05 10:18:28] Processing frame 1108/5000... 2.97s
[2025-06-05 10:18:29] DEBUG: node_cache hit=1 queue_size=12
[2025-06-05 10:18:30] DEBUG: node_cache hit=0 queue_size=6
[2025-06-05 10:18:31] Processing frame 1111/5000... 1.70s
[2025-06-05 10:18:32] DEBUG: node_cache hit=0 queue_size=12
[2025-06-05 10:18:33] Processing frame 1113/5000... 0.66s
[2025-06-05 10:18:34] Processing frame 1114/5000... 0.62s
[2025-06-05 10:18:35] DEBUG: node_cache hit=1 queue_size=2
[2025-06-05 10:18:36] Processing frame 1116/5000... 2.79s
[2025-06-05 10:18:37] WARNING: VRAM usage at 99%
[2025-06-05 10:18:38] DEBUG: node_cache hit=0 queue_size=7
[2025-06-05 10:18:39] DEBUG: node_cache hit=1 queue_size=5
[2025-06-05 10:18:40] DEBUG: node_cache hit=1 queue_size=12
[2025-06-05 10:18:41] DEBUG: node_cache hit=0 queue_size=5
[2025-06-05 10:18:42] %%%%%%%% 47%
[2025-06-05 10:18:43] Processing frame 1123/5000... 0.98s
[2025-06-05 10:18:44] DEBUG: node_cache hit=1 queue_size=2
[2025-06-05 10:18:45] Processing frame 1125/5000... 2.02s
[2025-06-05 10:18:46] DEBUG: node_cache hit=0 queue_size=11
[2025-06-05 10:18:47] %%%%%%%% 88%
[2025-06-05 10:18:48] DEBUG: node_cache hit=0 queue_size=1
[2025-06-05 10:18:49] DEBUG: node_cache hit=1 queue_size=11
[2025-06-05 10:18:50] Processing frame 1130/5000... 0.60s
[2025-06-05 10:18:51] DEBUG: node_cache hit=0 queue_size=12
[2025-06-05 10:18:52] DEBUG: node_cache hit=1 queue_size=1
[2025-06-05 10:18:53] DEBUG: node_cache hit=1 queue_size=8
[2025-06-05 10:18:54] Processing frame 1134/5000... 0.89s
[2025-06-05 10:18:55] DEBUG: node_cache hit=1 queue_size=1
[2025-06-05 10:18:56] DEBUG: node_cache hit=0 queue_size=9
[2025-06-05 10:18:57] ERROR: RuntimeError: expected scalar type Float
  File src/pipeline.py, line 298, in process_frame
  File src/pipeline.py, line 352, in process_frame
  File src/pipeline.py, line 450, in process_frame
  File src/pipeline.py, line 31, in process_frame
  File src/pipeline.py, line 246, in process_frame
  raise ConnectionRefusedError: localhost:8188
[2025-06-05 10:18:58] DEBUG: node_cache hit=1 queue_size=10
[2025-06-05 10:18:59] %%%%%%%% 48%
[2025-06-05 10:19:00] DEBUG: node_cache hit=1 queue_size=3
[2025-06-05 10:19:01] DEBUG: node_cache hit=0 queue_size=3
[2025-06-05 10:19:02] DEBUG: node_cache hit=0 queue_size=10
[2025-06-05 10:19:03] DEBUG: node_cache hit=1 queue_size=6
[2025-06-05 10:19:04] DEBUG: node_cache hit=0 queue_size=12
[2025-06-05 10:19:05] WARNING: VRAM usage at 87%
[2025-06-05 10:19:06] DEBUG: node_cache hit=0 queue_size=3
[2025-06-05 10:19:07] DEBUG: node_cache hit=1 queue_size=1
[2025-06-05 10:19:08] DEBUG: node_cache hit=1 queue_size=6
[2025-06-05 10:19:09] DEBUG: node_cache hit=0 queue_size=2
[2025-06-05 10:19:10] DEBUG: node_cache hit=0 queue_size=2
[2025-06-05 10:19:11] WARNING: VRAM usage at 86%
[2025-06-05 10:19:12] WARNING: VRAM usage at 98%
[2025-06-05 10:19:13] DEBUG: node_cache hit=1 queue_size=5
[2025-06-05 10:19:14] DEBUG: node_cache hit=1 queue_size=2
[2025-06-05 10:19:15] DEBUG: node_cache hit=0 queue_size=9
[2025-06-05 10:19:16] WARNING: VRAM usage at 86%
[2025-06-05 10:19:17] Processing frame 1157/5000... 0.97s
[2025-06-05 10:19:18] WARNING: VRAM usage at 89%
[2025-06-05 10:19:19] DEBUG: node_cache hit=0 queue_size=6
[2025-06-05 10:19:20] DEBUG: node_cache hit=0 queue_size=1
[2025-06-05 10:19:21] DEBUG: node_cache hit=0 queue_size=1
[2025-06-05 10:19:22] DEBUG: node_cache hit=1 queue_size=4
[2025-06-05 10:19:23] DEBUG: node_cache hit=1 queue_size=6
[2025-06-05 10:19:24] DEBUG: node_cache hit=0 queue_size=10
[2025-06-05 10:19:25] DEBUG: node_cache hit=0 queue_size=10
[2025-06-05 10:19:26] DEBUG: node_cache hit=0 queue_size=6
[2025-06-05 10:19:27] DEBUG: node_cache hit=0 queue_size=6
[2025-06-05 10:19:28] DEBUG: node_cache hit=1 queue_size=9
[2025-06-05 10:19:29] DEBUG: node_cache hit=1 queue_size=8
[2025-06-05 10:19:30] DEBUG: node_cache hit=1 queue_size=10
[2025-06-05 10:19:31] Processing frame 1171/5000... 1.30s
[2025-06-05 10:19:32] Processing frame 1172/5000... 1.38s
[2025-06-05 10:19:33] DEBUG: node_cache hit=0 queue_size=1
[2025-06-05 10:19:34] DEBUG: node_cache hit=0 queue_size=12
[2025-06-05 10:19:35] DEBUG: node_cache hit=0 queue_size=7
[2025-06-05 10:19:36] Processing frame 1176/5000... 2.65s
[2025-06-05 10:19:37] DEBUG: node_cache hit=0 queue_size=0
[2025-06-05 10:19:38] Processing frame 1178/5000... 0.85s
[2025-06-05 10:19:39] DEBUG: node_cache hit=0 queue_size=12
[2025-06-05 10:19:40] WARNING: VRAM usage at 97%
[2025-06-05 10:19:41] Processing frame 1181/5000... 2.27s
[2025-06-05 10:19:42] DEBUG: node_cache hit=0 queue_size=8
[2025-06-05 10:19:43] %%%%%%%% 46%
[2025-06-05 10:19:44] DEBUG: node_cache hit=1 queue_size=0
[2025-06-05 10:19:45] DEBUG: node_cache hit=1 queue_size=3
[2025-06-05 10:19:46] WARNING: VRAM usage at 86%
[2025-06-05 10:19:47] DEBUG: node_cache hit=1 queue_size=5
[2025-06-05 10:19:48] DEBUG: node_cache hit=0 queue_size=5
[2025-06-05 10:19:49] %%%%%%%% 57%
[2025-06-05 10:19:50] Processing frame 1190/5000... 0.87s
[2025-06-05 10:19:51] Processing frame 1191/5000... 2.35s
[2025-06-05 10:19:52] DEBUG: node_cache hit=1 queue_size=1
[2025-06-05 10:19:53] DEBUG: node_cache hit=1 queue_size=9
[2025-06-05 10:19:54] Processing frame 1194/5000... 1.38s
[2025-06-05 10:19:55] Processing frame 1195/5000... 1.33s
[2025-06-05 10:19:56] DEBUG: node_cache hit=0 queue_size=4
[2025-06-05 10:19:57] Processing frame 1197/5000... 1.68s
[2025-06-05 10:19:58] DEBUG: node_cache hit=0 queue_size=9
[2025-06-05 10:19:59] WARNING: VRAM usage at 97%
[2025-06-05 10:20:00] DEBUG: node_cache hit=0 queue_size=12
[2025-06-05 10:20:01] WARNING: VRAM usage at 87%
[2025-06-05 10:20:02] %%%%%%%% 22%
[2025-06-05 10:20:03] DEBUG: node_cache hit=0 queue_size=5
[2025-06-05 10:20:04] DEBUG: node_cache hit=1 queue_size=8
[2025-06-05 10:20:05] DEBUG: node_cache hit=0 queue_size=10
[2025-06-05 10:20:06] DEBUG: node_cache hit=1 queue_size=8
[2025-06-05 10:20:07] Processing frame 1207/5000... 2.49s
[2025-06-05 10:20:08] DEBUG: node_cache hit=1 queue_size=7
[2025-06-05 10:20:09] Processing frame 1209/5000... 0.84s
[2025-06-05 10:20:10] Processing frame 1210/5000... 2.26s
[2025-06-05 10:20:11] DEBUG: node_cache hit=1 queue_size=12
[2025-06-05 10:20:12] DEBUG: node_cache hit=0 queue_size=8
[2025-06-05 10:20:13] DEBUG: node_cache hit=1 queue_size=9
[2025-06-05 10:20:14] DEBUG: node_cache hit=1 queue_size=3
[2025-06-05 10:20:15] DEBUG: node_cache hit=1 queue_size=1
[2025-06-05 10:20:16] DEBUG: node_cache hit=1 queue_size=0
[2025-06-05 10:20:17] Processing frame 1217/5000... 2.58s
[2025-06-05 10:20:18] DEBUG: node_cache hit=0 queue_size=9
[2025-06-05 10:20:19] DEBUG: node_cache hit=0 queue_size=5
[2025-06-05 10:20:20] DEBUG: node_cache hit=0 queue_size=10
[2025-06-05 10:20:21] DEBUG: node_cache hit=1 queue_size=7
[2025-06-05 10:20:22] DEBUG: node_cache hit=1 queue_size=5
[2025-06-05 10:20:23] WARNING: VRAM usage at 85%
[2025-06-05 10:20:24] DEBUG: node_cache hit=1 queue_size=10
[2025-06-05 10:20:25] DEBUG: node_cache hit=0 queue_size=11
[2025-06-05 10:20:26] DEBUG: node_cache hit=0 queue_size=6
[2025-06-05 10:20:27] DEBUG: node_cache hit=1 queue_size=10
[2025-06-05 10:20:28] DEBUG: node_cache hit=1 queue_size=4
[2025-06-05 10:20:29] Processing frame 1229/5000... 2.90s
[2025-06-05 10:20:30] Processing frame 1230/5000... 2.96s
[2025-06-05 10:20:31] DEBUG: node_cache hit=1 queue_size=2
[2025-06-05 10:20:32] DEBUG: node_cache hit=0 queue_size=4
[2025-06-05 10:20:33] DEBUG: node_cache hit=1 queue_size=10
[2025-06-05 10:20:34] DEBUG: node_cache hit=1 queue_size=0
[2025-06-05 10:20:35] DEBUG: node_cache hit=0 queue_size=1
[2025-06-05 10:20:36] %%%%%%%% 32%
[2025-06-05 10:20:37] Processing frame 1237/5000... 2.05s
[2025-06-05 10:20:38] Processing frame 1238/5000... 1.75s
[2025-06-05 10:20:39] DEBUG: node_cache hit=1 queue_size=11
[2025-06-05 10:20:40] DEBUG: node_cache hit=1 queue_size=4
[2025-06-05 10:20:41] DEBUG: node_cache hit=0 queue_size=1
[2025-06-05 10:20:42] DEBUG: node_cache hit=1 queue_size=10
[2025-06-05 10:20:43] Processing frame 1243/5000... 1.30s
[2025-06-05 10:20:44] DEBUG: node_cache hit=0 queue_size=0
[2025-06-05 10:20:45] Processing frame 1245/5000... 0.84s
[2025-06-05 10:20:46] DEBUG: node_cache hit=0 queue_size=7
[2025-06-05 10:20:47] DEBUG: node_cache hit=0 queue_size=1
[2025-06-05 10:20:48] DEBUG: node_cache hit=1 queue_size=4
[2025-06-05 10:20:49] Processing frame 1249/5000... 1.01s
[2025-06-05 10:20:50] DEBUG: node_cache hit=1 queue_size=9
[2025-06-05 10:20:51] DEBUG: node_cache hit=1 queue_size=4
[2025-06-05 10:20:52] Processing frame 1252/5000... 2.80s
[2025-06-05 10:20:53] Processing frame 1253/5000... 1.77s
[2025-06-05 10:20:54] DEBUG: node_cache hit=1 queue_size=9
[2025-06-05 10:20:55] DEBUG: node_cache hit=0 queue_size=9
[2025-06-05 10:20:56] Processing frame 1256/5000... 0.53s
[2025-06-05 10:20:57] DEBUG: node_cache hit=1 queue_size=0
[2025-06-05 10:20:58] Processing frame 1258/5000... 1.35s
[2025-06-05 10:20:59] DEBUG: node_cache hit=1 queue_size=6
[2025-06-05 10:21:00] DEBUG: node_cache hit=0 queue_size=1
[2025-06-05 10:21:01] WARNING: VRAM usage at 88%
[2025-06-05 10:21:02] DEBUG: node_cache hit=1 queue_size=10
[2025-06-05 10:21:03] DEBUG: node_cache hit=0 queue_size=8
[2025-06-05 10:21:04] ERROR: RuntimeError: expected scalar type Float
  File src/pipeline.py, line 193, in process_frame
  File src/pipeline.py, line 436, in process_frame
  File src/pipeline.py, line 393, in process_frame
  File src/pipeline.py, line 152, in process_frame
  File src/pipeline.py, line 303, in process_frame
  raise FileNotFoundError: model.safetensors
[2025-06-05 10:21:05] DEBUG: node_cache hit=0 queue_size=4
[2025-06-05 10:21:06] DEBUG: node_cache hit=0 queue_size=9
[2025-06-05 10:21:07] DEBUG: node_cache hit=1 queue_size=2
[2025-06-05 10:21:08] DEBUG: node_cache hit=1 queue_size=11
[2025-06-05 10:21:09] DEBUG: node_cache hit=0 queue_size=2
[2025-06-05 10:21:10] DEBUG: node_cache hit=0 queue_size=10
[2025-06-05 10:21:11] DEBUG: node_cache hit=1 queue_size=2
[2025-06-05 10:21:12] DEBUG: node_cache hit=1 queue_size=12
[2025-06-05 10:21:13] DEBUG: node_cache hit=1 queue_size=1
[2025-06-05 10:21:14] WARNING: VRAM usage at 94%
[2025-06-05 10:21:15] DEBUG: node_cache hit=0 queue_size=3
[2025-06-05 10:21:16] DEBUG: node_cache hit=1 queue_size=1
[2025-06-05 10:21:17] DEBUG: node_cache hit=0 queue_size=2
[2025-06-05 10:21:18] DEBUG: node_cache hit=0 queue_size=11
[2025-06-05 10:21:19] DEBUG: node_cache hit=1 queue_size=0
[2025-06-05 10:21:20] DEBUG: node_cache hit=1 queue_size=4
[2025-06-05 10:21:21] Processing frame 1281/5000... 1.71s
[2025-06-05 10:21:22] DEBUG: node_cache hit=0 queue_size=8
[2025-06-05 10:21:23] Processing frame 1283/5000... 1.00s
[2025-06-05 10:21:24] WARNING: VRAM usage at 95%
[2025-06-05 10:21:25] DEBUG: node_cache hit=1 queue_size=8
[2025-06-05 10:21:26] Processing frame 1286/5000... 2.98s
[2025-06-05 10:21:27] DEBUG: node_cache hit=0 queue_size=5
[2025-06-05 10:21:28] DEBUG: node_cache hit=0 queue_size=8
[2025-06-05 10:21:29] DEBUG: node_cache hit=0 queue_size=1
[2025-06-05 10:21:30] DEBUG: node_cache hit=0 queue_size=2
[2025-06-05 10:21:31] DEBUG: node_cache hit=0 queue_size=11
[2025-06-05 10:21:32] DEBUG: node_cache hit=1 queue_size=4
[2025-06-05 10:21:33] DEBUG: node_cache hit=0 queue_size=5
[2025-06-05 10:21:34] DEBUG: node_cache hit=1 queue_size=11
[2025-06-05 10:21:35] Processing frame 1295/5000... 2.59s
[2025-06-05 10:21:36] %%%%%%%% 45%
[2025-06-05 10:21:37] DEBUG: node_cache hit=1 queue_size=5
[2025-06-05 10:21:38] DEBUG: node_cache hit=1 queue_size=6
[2025-06-05 10:21:39] DEBUG: node_cache hit=0 queue_size=6
[2025-06-05 10:21:40] %%%%%%%% 75%
[2025-06-05 10:21:41] %%%%%%%% 60%
[2025-06-05 10:21:42] DEBUG: node_cache hit=0 queue_size=2
[2025-06-05 10:21:43] DEBUG: node_cache hit=1 queue_size=10
[2025-06-05 10:21:44] DEBUG: node_cache hit=1 queue_size=12
[2025-06-05 10:21:45] DEBUG: node_cache hit=0 queue_size=12
[2025-06-05 10:21:46] ERROR: FileNotFoundError: model.safetensors
  File src/pipeline.py, line 62, in process_frame
  File src/pipeline.py, line 346, in process_frame
  File src/pipeline.py, line 97, in process_frame
  File src/pipeline.py, line 222, in process_frame
  File src/pipeline.py, line 56, in process_frame
  raise FileNotFoundError: model.safetensors
[2025-06-05 10:21:47] ERROR: FileNotFoundError: model.safetensors
  File src/pipeline.py, line 366, in process_frame
  File src/pipeline.py, line 342, in process_frame
  File src/pipeline.py, line 410, in process_frame
  File src/pipeline.py, line 395, in process_frame
  File src/pipeline.py, line 23, in process_frame
  raise ValueError: invalid literal
[2025-06-05 10:21:48] DEBUG: node_cache hit=0 queue_size=9
[2025-06-05 10:21:49] Processing frame 1309/5000... 1.64s
[2025-06-05 10:21:50] DEBUG: node_cache hit=0 queue_size=10
[2025-06-05 10:21:51] DEBUG: node_cache hit=0 queue_size=6
[2025-06-05 10:21:52] DEBUG: node_cache hit=1 queue_size=0
[2025-06-05 10:21:53] Processing frame 1313/5000... 2.93s
[2025-06-05 10:21:54] ERROR: RuntimeError: expected scalar type Float
  File src/pipeline.py, line 250, in process_frame
  File src/pipeline.py, line 357, in process_frame
  File src/pipeline.py, line 319, in process_frame
  File src/pipeline.py, line 186, in process_frame
  File src/pipeline.py, line 157, in process_frame
  raise ConnectionRefusedError: localhost:8188
[2025-06-05 10:21:55] %%%%%%%% 78%
[2025-06-05 10:21:56] DEBUG: node_cache hit=1 queue_size=10
[2025-06-05 10:21:57] DEBUG: node_cache hit=0 queue_size=3
[2025-06-05 10:21:58] DEBUG: node_cache hit=0 queue_size=2
[2025-06-05 10:21:59] DEBUG: node_cache hit=0 queue_size=0
[2025-06-05 10:22:00] Processing frame 1320/5000... 1.03s
[2025-06-05 10:22:01] DEBUG: node_cache hit=0 queue_size=2
[2025-06-05 10:22:02] %%%%%%%% 25%
[2025-06-05 10:22:03] DEBUG: node_cache hit=0 queue_size=3
[2025-06-05 10:22:04] DEBUG: node_cache hit=0 queue_size=6
[2025-06-05 10:22:05] Processing frame 1325/5000... 2.80s
[2025-06-05 10:22:06] Processing frame 1326/5000... 2.53s
[2025-06-05 10:22:07] DEBUG: node_cache hit=1 queue_size=9
[2025-06-05 10:22:08] DEBUG: node_cache hit=0 queue_size=12
[2025-06-05 10:22:09] DEBUG: node_cache hit=0 queue_size=5
[2025-06-05 10:22:10] Processing frame 1330/5000... 2.35s
[2025-06-05 10:22:11] DEBUG: node_cache hit=1 queue_size=2
[2025-06-05 10:22:12] DEBUG: node_cache hit=1 queue_size=10
[2025-06-05 10:22:13] Processing frame 1333/5000... 1.79s
[2025-06-05 10:22:14] DEBUG: node_cache hit=0 queue_size=7
[2025-06-05 10:22:15] Processing frame 1335/5000... 2.13s
[2025-06-05 10:22:16] DEBUG: node_cache hit=1 queue_size=9
[2025-06-05 10:22:17] DEBUG: node_cache hit=1 queue_size=7
[2025-06-05 10:22:18] DEBUG: node_cache hit=1 queue_size=8
[2025-06-05 10:22:19] DEBUG: node_cache hit=1 queue_size=9
[2025-06-05 10:22:20] Processing frame 1340/5000... 1.74s
[2025-06-05 10:22:21] DEBUG: node_cache hit=0 queue_size=2
[2025-06-05 10:22:22] Processing frame 1342/5000... 0.85s
[2025-06-05 10:22:23] DEBUG: node_cache hit=1 queue_size=11
[2025-06-05 10:22:24] %%%%%%%% 81%
[2025-06-05 10:22:25] Processing frame 1345/5000... 0.94s
[2025-06-05 10:22:26] DEBUG: node_cache hit=0 queue_size=6
[2025-06-05 10:22:27] DEBUG: node_cache hit=1 queue_size=6
[2025-06-05 10:22:28] DEBUG: node_cache hit=1 queue_size=2
[2025-06-05 10:22:29] DEBUG: node_cache hit=0 queue_size=4
[2025-06-05 10:22:30] WARNING: VRAM usage at 98%
[2025-06-05 10:22:31] Processing frame 1351/5000... 2.14s
[2025-06-05 10:22:32] DEBUG: node_cache hit=1 queue_size=7
[2025-06-05 10:22:33] Processing frame 1353/5000... 1.26s
[2025-06-05 10:22:34] DEBUG: node_cache hit=0 queue_size=9
[2025-06-05 10:22:35] DEBUG: node_cache hit=1 queue_size=11
[2025-06-05 10:22:36] DEBUG: node_cache hit=0 queue_size=5
[2025-06-05 10:22:37] DEBUG: node_cache hit=0 queue_size=3
[2025-06-05 10:22:38] DEBUG: node_cache hit=1 queue_size=2
[2025-06-05 10:22:39] Processing frame 1359/5000... 1.34s
[2025-06-05 10:22:40] DEBUG: node_cache hit=1 queue_size=6
[2025-06-05 10:22:41] DEBUG: node_cache hit=1 queue_size=3
[2025-06-05 10:22:42] DEBUG: node_cache hit=1 queue_size=0
[2025-06-05 10:22:43] DEBUG: node_cache hit=1 queue_size=2
[2025-06-05 10:22:44] Processing frame 1364/5000... 0.52s
[2025-06-05 10:22:45] DEBUG: node_cache hit=1 queue_size=0
[2025-06-05 10:22:46] DEBUG: node_cache hit=1 queue_size=7
[2025-06-05 10:22:47] DEBUG: node_cache hit=1 queue_size=7
[2025-06-05 10:22:48] Processing frame 1368/5000... 2.38s
[2025-06-05 10:22:49] Processing frame 1369/5000... 2.47s
[2025-06-05 10:22:50] DEBUG: node_cache hit=1 queue_size=12
[2025-06-05 10:22:51] DEBUG: node_cache hit=1 queue_size=3
[2025-06-05 10:22:52] Processing frame 1372/5000... 0.83s
[2025-06-05 10:22:53] WARNING: VRAM usage at 98%
[2025-06-05 10:22:54] DEBUG: node_cache hit=1 queue_size=4
[2025-06-05 10:22:55] ERROR: CUDA out of memory
  File src/pipeline.py, line 103, in process_frame
  File src/pipeline.py, line 412, in process_frame
  File src/pipeline.py, line 202, in process_frame
  File src/pipeline.py, line 169, in process_frame
  File src/pipeline.py, line 420, in process_frame
  raise CUDA out of memory
[2025-06-05 10:22:56] Processing frame 1376/5000... 0.63s
[2025-06-05 10:22:57] DEBUG: node_cache hit=1 queue_size=7
[2025-06-05 10:22:58] DEBUG: node_cache hit=1 queue_size=12
[2025-06-05 10:22:59] DEBUG: node_cache hit=0 queue_size=1
[2025-06-05 10:23:00] Processing frame 1380/5000... 2.28s
[2025-06-05 10:23:01] WARNING: VRAM usage at 90%
[2025-06-05 10:23:02] DEBUG: node_cache hit=0 queue_size=7
[2025-06-05 10:23:03] DEBUG: node_cache hit=1 queue_size=10
[2025-06-05 10:23:04] DEBUG: node_cache hit=1 queue_size=1
[2025-06-05 10:23:05] DEBUG: node_cache hit=1 queue_size=8
[2025-06-05 10:23:06] WARNING: VRAM usage at 87%
[2025-06-05 10:23:07] DEBUG: node_cache hit=1 queue_size=8
[2025-06-05 10:23:08] DEBUG: node_cache hit=1 queue_size=0
[2025-06-05 10:23:09] DEBUG: node_cache hit=1 queue_size=9
[2025-06-05 10:23:10] %%%%%%%% 75%
[2025-06-05 10:23:11] Processing frame 1391/5000... 2.63s
[2025-06-05 10:23:12] WARNING: VRAM usage at 86%
[2025-06-05 10:23:13] DEBUG: node_cache hit=1 queue_size=4
[2025-06-05 10:23:14] DEBUG: node_cache hit=1 queue_size=9
[2025-06-05 10:23:15] DEBUG: node_cache hit=1 queue_size=7
[2025-06-05 10:23:16] Processing frame 1396/5000... 2.80s
[2025-06-05 10:23:17] Processing frame 1397/5000... 2.55s
[2025-06-05 10:23:18] DEBUG: node_cache hit=1 queue_size=0
[2025-06-05 10:23:19] Processing frame 1399/5000... 2.37s
[2025-06-05 10:23:20] WARNING: VRAM usage at 88%
[2025-06-05 10:23:21] DEBUG: node_cache hit=0 queue_size=3
[2025-06-05 10:23:22] DEBUG: node_cache hit=1 queue_size=5
[2025-06-05 10:23:23] DEBUG: node_cache hit=1 queue_size=5
[2025-06-05 10:23:24] DEBUG: node_cache hit=0 queue_size=7
[2025-06-05 10:23:25] DEBUG: node_cache hit=0 queue_size=3
[2025-06-05 10:23:26] Processing frame 1406/5000... 0.50s
[2025-06-05 10:23:27] Processing frame 1407/5000... 2.51s
[2025-06-05 10:23:28] DEBUG: node_cache hit=1 queue_size=6
[2025-06-05 10:23:29] Processing frame 1409/5000... 1.01s
[2025-06-05 10:23:30] DEBUG: node_cache hit=1 queue_size=7
[2025-06-05 10:23:31] Processing frame 1411/5000... 0.97s
[2025-06-05 10:23:32] DEBUG: node_cache hit=0 queue_size=9
[2025-06-05 10:23:33] %%%%%%%% 77%
[2025-06-05 10:23:34] DEBUG: node_cache hit=0 queue_size=2
[2025-06-05 10:23:35] DEBUG: node_cache hit=1 queue_size=11
[2025-06-05 10:23:36] ERROR: CUDA out of memory
  File src/pipeline.py, line 207, in process_frame
  File src/pipeline.py, line 465, in process_frame
  File src/pipeline.py, line 64, in process_frame
  File src/pipeline.py, line 42, in process_frame
  File src/pipeline.py, line 374, in process_frame
  raise RuntimeError: expected scalar type Float
[2025-06-05 10:23:37] DEBUG: node_cache hit=0 queue_size=11
[2025-06-05 10:23:38] Processing frame 1418/5000... 2.33s
[2025-06-05 10:23:39] Processing frame 1419/5000... 2.73s
[2025-06-05 10:23:40] Processing frame 1420/5000... 2.93s
[2025-06-05 10:23:41] Processing frame 1421/5000... 2.75s
[2025-06-05 10:23:42] WARNING: VRAM usage at 87%
[2025-06-05 10:23:43] DEBUG: node_cache hit=0 queue_size=4
[2025-06-05 10:23:44] DEBUG: node_cache hit=0 queue_size=4
[2025-06-05 10:23:45] DEBUG: node_cache hit=1 queue_size=5
[2025-06-05 10:23:46] DEBUG: node_cache hit=0 queue_size=5
[2025-06-05 10:23:47] WARNING: VRAM usage at 94%
[2025-06-05 10:23:48] WARNING: VRAM usage at 96%
[2025-06-05 10:23:49] DEBUG: node_cache hit=1 queue_size=11
[2025-06-05 10:23:50] Processing frame 1430/5000... 2.94s
[2025-06-05 10:23:51] DEBUG: node_cache hit=0 queue_size=1
[2025-06-05 10:23:52] DEBUG: node_cache hit=1 queue_size=4
[2025-06-05 10:23:53] Processing frame 1433/5000... 0.95s
[2025-06-05 10:23:54] DEBUG: node_cache hit=0 queue_size=9
[2025-06-05 10:23:55] Processing frame 1435/5000... 2.45s
[2025-06-05 10:23:56] DEBUG: node_cache hit=1 queue_size=1
[2025-06-05 10:23:57] DEBUG: node_cache hit=1 queue_size=0
[2025-06-05 10:23:58] DEBUG: node_cache hit=1 queue_size=0
[2025-06-05 10:23:59] Processing frame 1439/5000... 3.00s
[2025-06-05 10:24:00] DEBUG: node_cache hit=1 queue_size=2
[2025-06-05 10:24:01] DEBUG: node_cache hit=0 queue_size=0
[2025-06-05 10:24:02] Processing frame 1442/5000... 2.99s
[2025-06-05 10:24:03] %%%%%%%% 93%
[2025-06-05 10:24:04] Processing frame 1444/5000... 0.58s
[2025-06-05 10:24:05] DEBUG: node_cache hit=0 queue_size=9
[2025-06-05 10:24:06] DEBUG: node_cache hit=1 queue_size=3
[2025-06-05 10:24:07] DEBUG: node_cache hit=0 queue_size=3
[2025-06-05 10:24:08] DEBUG: node_cache hit=0 queue_size=5
[2025-06-05 10:24:09] Processing frame 1449/5000... 2.90s
[2025-06-05 10:24:10] DEBUG: node_cache hit=1 queue_size=9
[2025-06-05 10:24:11] DEBUG: node_cache hit=1 queue_size=2
[2025-06-05 10:24:12] DEBUG: node_cache hit=1 queue_size=1
[2025-06-05 10:24:13] ERROR: ConnectionRefusedError: localhost:8188
  File src/pipeline.py, line 298, in process_frame
  File src/pipeline.py, line 417, in process_frame
  File src/pipeline.py, line 418, in process_frame
  File src/pipeline.py, line 189, in process_frame
  File src/pipeline.py, line 29, in process_frame
  raise CUDA out of memory
[2025-06-05 10:24:14] DEBUG: node_cache hit=0 queue_size=5
[2025-06-05 10:24:15] ERROR: CUDA out of memory
  File src/pipeline.py, line 82, in process_frame
  File src/pipeline.py, line 41, in process_frame
  File src/pipeline.py, line 149, in process_frame
  File src/pipeline.py, line 332, in process_frame
  File src/pipeline.py, line 487, in process_frame
  raise FileNotFoundError: model.safetensors
[2025-06-05 10:24:16] DEBUG: node_cache hit=0 queue_size=3
[2025-06-05 10:24:17] DEBUG: node_cache hit=0 queue_size=11
[2025-06-05 10:24:18] DEBUG: node_cache hit=1 queue_size=4
[2025-06-05 10:24:19] DEBUG: node_cache hit=0 queue_size=10
[2025-06-05 10:24:20] DEBUG: node_cache hit=0 queue_size=1
[2025-06-05 10:24:21] Processing frame 1461/5000... 2.31s
[2025-06-05 10:24:22] ERROR: FileNotFoundError: model.safetensors
  File src/pipeline.py, line 10, in process_frame
  File src/pipeline.py, line 434, in process_frame
  File src/pipeline.py, line 13, in process_frame
  File src/pipeline.py, line 302, in process_frame
  File src/pipeline.py, line 386, in process_frame
  raise CUDA out of memory
[2025-06-05 10:24:23] Processing frame 1463/5000... 1.26s
[2025-06-05 10:24:24] Processing frame 1464/5000... 1.54s
[2025-06-05 10:24:25] DEBUG: node_cache hit=0 queue_size=8
[2025-06-05 10:24:26] DEBUG: node_cache hit=0 queue_size=0
[2025-06-05 10:24:27] %%%%%%%% 85%
[2025-06-05 10:24:28] DEBUG: node_cache hit=0 queue_size=4
[2025-06-05 10:24:29] Processing frame 1469/5000... 1.85s
[2025-06-05 10:24:30] Processing frame 1470/5000... 2.61s
[2025-06-05 10:24:31] DEBUG: node_cache hit=0 queue_size=3
[2025-06-05 10:24:32] WARNING: VRAM usage at 95%
[2025-06-05 10:24:33] DEBUG: node_cache hit=0 queue_size=10
[2025-06-05 10:24:34] DEBUG: node_cache hit=1 queue_size=2
[2025-06-05 10:24:35] DEBUG: node_cache hit=1 queue_size=0
[2025-06-05 10:24:36] WARNING: VRAM usage at 90%
[2025-06-05 10:24:37] %%%%%%%% 71%
[2025-06-05 10:24:38] DEBUG: node_cache hit=1 queue_size=5
[2025-06-05 10:24:39] Processing frame 1479/5000... 1.16s
[2025-06-05 10:24:40] WARNING: VRAM usage at 93%
[2025-06-05 10:24:41] DEBUG: node_cache hit=1 queue_size=3
[2025-06-05 10:24:42] DEBUG: node_cache hit=0 queue_size=3
[2025-06-05 10:24:43] WARNING: VRAM usage at 82%
[2025-06-05 10:24:44] Processing frame 1484/5000... 1.33s
[2025-06-05 10:24:45] ERROR: FileNotFoundError: model.safetensors
  File src/pipeline.py, line 437, in process_frame
  File src/pipeline.py, line 32, in process_frame
  File src/pipeline.py, line 101, in process_frame
  File src/pipeline.py, line 93, in process_frame
  File src/pipeline.py, line 476, in process_frame
  raise FileNotFoundError: model.safetensors
[2025-06-05 10:24:46] %%%%%%%% 84%
[2025-06-05 10:24:47] DEBUG: node_cache hit=0 queue_size=0
[2025-06-05 10:24:48] DEBUG: node_cache hit=0 queue_size=7
[2025-06-05 10:24:49] DEBUG: node_cache hit=1 queue_size=0
[2025-06-05 10:24:50] DEBUG: node_cache hit=0 queue_size=0
[2025-06-05 10:24:51] DEBUG: node_cache hit=0 queue_size=1
[2025-06-05 10:24:52] DEBUG: node_cache hit=1 queue_size=12
[2025-06-05 10:24:53] DEBUG: node_cache hit=1 queue_size=11
[2025-06-05 10:24:54] DEBUG: node_cache hit=1 queue_size=3
[2025-06-05 10:24:55] DEBUG: node_cache hit=0 queue_size=8
[2025-06-05 10:24:56] DEBUG: node_cache hit=1 queue_size=2
[2025-06-05 10:24:57] DEBUG: node_cache hit=1 queue_size=9
[2025-06-05 10:24:58] DEBUG: node_cache hit=0 queue_size=1
[2025-06-05 10:24:59] DEBUG: node_cache hit=0 queue_size=0
[2025-06-05 10:25:00] DEBUG: node_cache hit=0 queue_size=7
[2025-06-05 10:25:01] Processing frame 1501/5000... 2.78s
[2025-06-05 10:25:02] Processing frame 1502/5000... 1.17s
[2025-06-05 10:25:03] DEBUG: node_cache hit=1 queue_size=11
[2025-06-05 10:25:04] DEBUG: node_cache hit=1 queue_size=0
[2025-06-05 10:25:05] DEBUG: node_cache hit=1 queue_size=8
[2025-06-05 10:25:06] Processing frame 1506/5000... 2.94s
[2025-06-05 10:25:07] Processing frame 1507/5000... 0.65s
[2025-06-05 10:25:08] WARNING: VRAM usage at 88%
[2025-06-05 10:25:09] DEBUG: node_cache hit=1 queue_size=11
[2025-06-05 10:25:10] DEBUG: node_cache hit=0 queue_size=4
[2025-06-05 10:25:11] %%%%%%%% 54%
[2025-06-05 10:25:12] DEBUG: node_cache hit=1 queue_size=4
[2025-06-05 10:25:13] DEBUG: node_cache hit=1 queue_size=11
[2025-06-05 10:25:14] DEBUG: node_cache hit=1 queue_size=6
[2025-06-05 10:25:15] Processing frame 1515/5000... 1.14s
[2025-06-05 10:25:16] DEBUG: node_cache hit=0 queue_size=4
[2025-06-05 10:25:17] DEBUG: node_cache hit=0 queue_size=12
[2025-06-05 10:25:18] DEBUG: node_cache hit=0 queue_size=7
[2025-06-05 10:25:19] DEBUG: node_cache hit=1 queue_size=2
[2025-06-05 10:25:20] Processing frame 1520/5000... 0.99s
[2025-06-05 10:25:21] DEBUG: node_cache hit=1 queue_size=7
[2025-06-05 10:25:22] DEBUG: node_cache hit=1 queue_size=5
[2025-06-05 10:25:23] %%%%%%%% 74%
[2025-06-05 10:25:24] Processing frame 1524/5000... 0.69s
[2025-06-05 10:25:25] DEBUG: node_cache hit=1 queue_size=7
[2025-06-05 10:25:26] %%%%%%%% 26%
[2025-06-05 10:25:27] WARNING: VRAM usage at 80%
[2025-06-05 10:25:28] ERROR: ValueError: invalid literal
  File src/pipeline.py, line 390, in process_frame
  File src/pipeline.py, line 333, in process_frame
  File src/pipeline.py, line 405, in process_frame
  File src/pipeline.py, line 442, in process_frame
  File src/pipeline.py, line 236, in process_frame
  raise RuntimeError: expected scalar type Float
[2025-06-05 10:25:29] Processing frame 1529/5000... 1.27s
[2025-06-05 10:25:30] DEBUG: node_cache hit=0 queue_size=11
[2025-06-05 10:25:31] WARNING: VRAM usage at 81%
[2025-06-05 10:25:32] DEBUG: node_cache hit=0 queue_size=9
[2025-06-05 10:25:33] DEBUG: node_cache hit=0 queue_size=5
[2025-06-05 10:25:34] DEBUG: node_cache hit=0 queue_size=2
[2025-06-05 10:25:35] DEBUG: node_cache hit=1 queue_size=2
[2025-06-05 10:25:36] DEBUG: node_cache hit=0 queue_size=8
[2025-06-05 10:25:37] DEBUG: node_cache hit=1 queue_size=2
[2025-06-05 10:25:38] ERROR: CUDA out of memory
  File src/pipeline.py, line 403, in process_frame
  File src/pipeline.py, line 80, in process_frame
  File src/pipeline.py, line 342, in process_frame
  File src/pipeline.py, line 300, in process_frame
  File src/pipeline.py, line 225, in process_frame
  raise ConnectionRefusedError: localhost:8188
[2025-06-05 10:25:39] %%%%%%%% 23%
[2025-06-05 10:25:40] DEBUG: node_cache hit=0 queue_size=7
[2025-06-05 10:25:41] DEBUG: node_cache hit=0 queue_size=0
[2025-06-05 10:25:42] Processing frame 1542/5000... 1.70s
[2025-06-05 10:25:43] DEBUG: node_cache hit=0 queue_size=6
[2025-06-05 10:25:44] %%%%%%%% 57%
[2025-06-05 10:25:45] Processing frame 1545/5000... 2.84s
[2025-06-05 10:25:46] Processing frame 1546/5000... 0.87s
[2025-06-05 10:25:47] Processing frame 1547/5000... 1.45s
[2025-06-05 10:25:48] DEBUG: node_cache hit=1 queue_size=5
[2025-06-05 10:25:49] Processing frame 1549/5000... 2.48s
[2025-06-05 10:25:50] WARNING: VRAM usage at 95%
[2025-06-05 10:25:51] DEBUG: node_cache hit=1 queue_size=8
[2025-06-05 10:25:52] WARNING: VRAM usage at 86%
[2025-06-05 10:25:53] DEBUG: node_cache hit=1 queue_size=10
[2025-06-05 10:25:54] WARNING: VRAM usage at 90%
[2025-06-05 10:25:55] WARNING: VRAM usage at 88%
[2025-06-05 10:25:56] DEBUG: node_cache hit=1 queue_size=11
[2025-06-05 10:25:57] DEBUG: node_cache hit=1 queue_size=9
[2025-06-05 10:25:58] DEBUG: node_cache hit=1 queue_size=9
[2025-06-05 10:25:59] DEBUG: node_cache hit=0 queue_size=6
[2025-06-05 10:26:00] DEBUG: node_cache hit=0 queue_size=3
[2025-06-05 10:26:01] DEBUG: node_cache hit=1 queue_size=0
[2025-06-05 10:26:02] Processing frame 1562/5000... 0.83s
[2025-06-05 10:26:03] %%%%%%%% 75%
[2025-06-05 10:26:04] DEBUG: node_cache hit=1 queue_size=5
[2025-06-05 10:26:05] Processing frame 1565/5000... 1.78s
[2025-06-05 10:26:06] DEBUG: node_cache hit=1 queue_size=1
[2025-06-05 10:26:07] DEBUG: node_cache hit=1 queue_size=2
[2025-06-05 10:26:08] Processing frame 1568/5000... 1.49s
[2025-06-05 10:26:09] DEBUG: node_cache hit=1 queue_size=4
[2025-06-05 10:26:10] DEBUG: node_cache hit=1 queue_size=0
[2025-06-05 10:26:11] DEBUG: node_cache hit=1 queue_size=9
[2025-06-05 10:26:12] DEBUG: node_cache hit=1 queue_size=3
[2025-06-05 10:26:13] DEBUG: node_cache hit=0 queue_size=3
[2025-06-05 10:26:14] DEBUG: node_cache hit=0 queue_size=7
[2025-06-05 10:26:15] Processing frame 1575/5000... 1.24s
[2025-06-05 10:26:16] Processing frame 1576/5000... 0.87s
[2025-06-05 10:26:17] DEBUG: node_cache hit=1 queue_size=7
[2025-06-05 10:26:18] Processing frame 1578/5000... 2.18s
[2025-06-05 10:26:19] %%%%%%%% 95%
[2025-06-05 10:26:20] WARNING: VRAM usage at 83%
[2025-06-05 10:26:21] DEBUG: node_cache hit=0 queue_size=11
[2025-06-05 10:26:22] DEBUG: node_cache hit=0 queue_size=7
[2025-06-05 10:26:23] DEBUG: node_cache hit=0 queue_size=5
[2025-06-05 10:26:24] Processing frame 1584/5000... 2.60s
[2025-06-05 10:26:25] DEBUG: node_cache hit=0 queue_size=1
[2025-06-05 10:26:26] DEBUG: node_cache hit=0 queue_size=5
[2025-06-05 10:26:27] Processing frame 1587/5000... 2.82s
[2025-06-05 10:26:28] DEBUG: node_cache hit=1 queue_size=10
[2025-06-05 10:26:29] Processing frame 1589/5000... 2.04s
[2025-06-05 10:26:30] DEBUG: node_cache hit=0 queue_size=1
[2025-06-05 10:26:31] Processing frame 1591/5000... 2.28s
[2025-06-05 10:26:32] WARNING: VRAM usage at 91%
[2025-06-05 10:26:33] Processing frame 1593/5000... 0.66s
[2025-06-05 10:26:34] Processing frame 1594/5000... 2.29s
[2025-06-05 10:26:35] DEBUG: node_cache hit=1 queue_size=2
[2025-06-05 10:26:36] DEBUG: node_cache hit=0 queue_size=3
[2025-06-05 10:26:37] Processing frame 1597/5000... 2.44s
[2025-06-05 10:26:38] DEBUG: node_cache hit=0 queue_size=7
[2025-06-05 10:26:39] DEBUG: node_cache hit=1 queue_size=2
[2025-06-05 10:26:40] DEBUG: node_cache hit=0 queue_size=1
[2025-06-05 10:26:41] %%%%%%%% 45%
[2025-06-05 10:26:42] DEBUG: node_cache hit=0 queue_size=4
[2025-06-05 10:26:43] DEBUG: node_cache hit=0 queue_size=0
[2025-06-05 10:26:44] DEBUG: node_cache hit=0 queue_size=6
[2025-06-05 10:26:45] Processing frame 1605/5000... 2.97s
[2025-06-05 10:26:46] DEBUG: node_cache hit=1 queue_size=12
[2025-06-05 10:26:47] DEBUG: node_cache hit=0 queue_size=9
[2025-06-05 10:26:48] WARNING: VRAM usage at 93%
[2025-06-05 10:26:49] Processing frame 1609/5000... 0.65s
[2025-06-05 10:26:50] DEBUG: node_cache hit=0 queue_size=10
[2025-06-05 10:26:51] DEBUG: node_cache hit=0 queue_size=4
[2025-06-05 10:26:52] DEBUG: node_cache hit=0 queue_size=2
[2025-06-05 10:26:53] DEBUG: node_cache hit=1 queue_size=7
[2025-06-05 10:26:54] DEBUG: node_cache hit=0 queue_size=10
[2025-06-05 10:26:55] Processing frame 1615/5000... 2.86s
[2025-06-05 10:26:56] DEBUG: node_cache hit=0 queue_size=5
[2025-06-05 10:26:57] ERROR: CUDA out of memory
  File src/pipeline.py, line 269, in process_frame
  File src/pipeline.py, line 114, in process_frame
  File src/pipeline.py, line 438, in process_frame
  File src/pipeline.py, line 249, in process_frame
  File src/pipeline.py, line 430, in process_frame
  raise ConnectionRefusedError: localhost:8188
[2025-06-05 10:26:58] DEBUG: node_cache hit=0 queue_size=12
[2025-06-05 10:26:59] Processing frame 1619/5000... 2.67s
[2025-06-05 10:27:00] DEBUG: node_cache hit=0 queue_size=2
[2025-06-05 10:27:01] WARNING: VRAM usage at 80%
[2025-06-05 10:27:02] DEBUG: node_cache hit=0 queue_size=12
[2025-06-05 10:27:03] DEBUG: node_cache hit=1 queue_size=4
[2025-06-05 10:27:04] WARNING: VRAM usage at 89%
[2025-06-05 10:27:05] DEBUG: node_cache hit=1 queue_size=9
[2025-06-05 10:27:06] Processing frame 1626/5000... 0.82s
[2025-06-05 10:27:07] DEBUG: node_cache hit=0 queue_size=1
[2025-06-05 10:27:08] Processing frame 1628/5000... 2.41s
[2025-06-05 10:27:09] WARNING: VRAM usage at 82%
[2025-06-05 10:27:10] WARNING: VRAM usage at 98%
[2025-06-05 10:27:11] DEBUG: node_cache hit=0 queue_size=1
[2025-06-05 10:27:12] %%%%%%%% 63%
[2025-06-05 10:27:13] Processing frame 1633/5000... 1.48s
[2025-06-05 10:27:14] Processing frame 1634/5000... 1.26s
[2025-06-05 10:27:15] Processing frame 1635/5000... 1.31s
[2025-06-05 10:27:16] DEBUG: node_cache hit=0 queue_size=9
[2025-06-05 10:27:17] DEBUG: node_cache hit=1 queue_size=0
[2025-06-05 10:27:18] WARNING: VRAM usage at 89%
[2025-06-05 10:27:19] DEBUG: node_cache hit=1 queue_size=3
[2025-06-05 10:27:20] DEBUG: node_cache hit=0 queue_size=2
[2025-06-05 10:27:21] DEBUG: node_cache hit=1 queue_size=6
[2025-06-05 10:27:22] Processing frame 1642/5000... 1.95s
[2025-06-05 10:27:23] DEBUG: node_cache hit=0 queue_size=10
[2025-06-05 10:27:24] WARNING: VRAM usage at 95%
[2025-06-05 10:27:25] WARNING: VRAM usage at 88%
[2025-06-05 10:27:26] Processing frame 1646/5000... 0.50s
[2025-06-05 10:27:27] DEBUG: node_cache hit=1 queue_size=1
[2025-06-05 10:27:28] DEBUG: node_cache hit=1 queue_size=0
[2025-06-05 10:27:29] WARNING: VRAM usage at 91%
[2025-06-05 10:27:30] Processing frame 1650/5000... 1.59s
[2025-06-05 10:27:31] DEBUG: node_cache hit=0 queue_size=8
[2025-06-05 10:27:32] DEBUG: node_cache hit=1 queue_size=0
[2025-06-05 10:27:33] DEBUG: node_cache hit=1 queue_size=11
[2025-06-05 10:27:34] DEBUG: node_cache hit=1 queue_size=2
[2025-06-05 10:27:35] DEBUG: node_cache hit=1 queue_size=10
[2025-06-05 10:27:36] DEBUG: node_cache hit=1 queue_size=11
[2025-06-05 10:27:37] Processing frame 1657/5000... 1.94s
[2025-06-05 10:27:38] Processing frame 1658/5000... 2.18s
[2025-06-05 10:27:39] WARNING: VRAM usage at 87%
[2025-06-05 10:27:40] DEBUG: node_cache hit=0 queue_size=2
[2025-06-05 10:27:41] DEBUG: node_cache hit=1 queue_size=4
[2025-06-05 10:27:42] DEBUG: node_cache hit=1 queue_size=0
[2025-06-05 10:27:43] DEBUG: node_cache hit=1 queue_size=8
[2025-06-05 10:27:44] DEBUG: node_cache hit=1 queue_size=9
[2025-06-05 10:27:45] DEBUG: node_cache hit=0 queue_size=9
[2025-06-05 10:27:46] DEBUG: node_cache hit=1 queue_size=11
[2025-06-05 10:27:47] Processing frame 1667/5000... 1.57s
[2025-06-05 10:27:48] DEBUG: node_cache hit=0 queue_size=6
[2025-06-05 10:27:49] DEBUG: node_cache hit=0 queue_size=11
[2025-06-05 10:27:50] DEBUG: node_cache hit=0 queue_size=11
[2025-06-05 10:27:51] Processing frame 1671/5000... 0.95s
[2025-06-05 10:27:52] DEBUG: node_cache hit=0 queue_size=3
[2025-06-05 10:27:53] DEBUG: node_cache hit=1 queue_size=9
[2025-06-05 10:27:54] Processing frame 1674/5000... 2.11s
[2025-06-05 10:27:55] DEBUG: node_cache hit=1 queue_size=10
[2025-06-05 10:27:56] Processing frame 1676/5000... 1.80s
[2025-06-05 10:27:57] Processing frame 1677/5000... 0.96s
[2025-06-05 10:27:58] DEBUG: node_cache hit=1 queue_size=8
[2025-06-05 10:27:59] DEBUG: node_cache hit=0 queue_size=12
[2025-06-05 10:28:00] DEBUG: node_cache hit=0 queue_size=0
[2025-06-05 10:28:01] DEBUG: node_cache hit=1 queue_size=8
[2025-06-05 10:28:02] DEBUG: node_cache hit=1 queue_size=5
[2025-06-05 10:28:03] DEBUG: node_cache hit=1 queue_size=7
[2025-06-05 10:28:04] DEBUG: node_cache hit=1 queue_size=11
[2025-06-05 10:28:05] DEBUG: node_cache hit=0 queue_size=11
[2025-06-05 10:28:06] ERROR: RuntimeError: expected scalar type Float
  File src/pipeline.py, line 105, in process_frame
  File src/pipeline.py, line 292, in process_frame
  File src/pipeline.py, line 283, in process_frame
  File src/pipeline.py, line 139, in process_frame
  File src/pipeline.py, line 363, in process_frame
  raise ConnectionRefusedError: localhost:8188
[2025-06-05 10:28:07] DEBUG: node_cache hit=1 queue_size=10
[2025-06-05 10:28:08] DEBUG: node_cache hit=0 queue_size=3
[2025-06-05 10:28:09] DEBUG: node_cache hit=0 queue_size=5
[2025-06-05 10:28:10] DEBUG: node_cache hit=0 queue_size=6
[2025-06-05 10:28:11] WARNING: VRAM usage at 97%
[2025-06-05 10:28:12] WARNING: VRAM usage at 97%
[2025-06-05 10:28:13] DEBUG: node_cache hit=0 queue_size=11
[2025-06-05 10:28:14] DEBUG: node_cache hit=0 queue_size=8
[2025-06-05 10:28:15] DEBUG: node_cache hit=1 queue_size=10
[2025-06-05 10:28:16] DEBUG: node_cache hit=1 queue_size=0
[2025-06-05 10:28:17] Processing frame 1697/5000... 2.39s
[2025-06-05 10:28:18] DEBUG: node_cache hit=0 queue_size=12
[2025-06-05 10:28:19] %%%%%%%% 70%
[2025-06-05 10:28:20] DEBUG: node_cache hit=1 queue_size=4
[2025-06-05 10:28:21] DEBUG: node_cache hit=1 queue_size=1
[2025-06-05 10:28:22] ERROR: RuntimeError: expected scalar type Float
  File src/pipeline.py, line 241, in process_frame
  File src/pipeline.py, line 448, in process_frame
  File src/pipeline.py, line 70, in process_frame
  File src/pipeline.py, line 364, in process_frame
  File src/pipeline.py, line 271, in process_frame
  raise ValueError: invalid literal
[2025-06-05 10:28:23] DEBUG: node_cache hit=1 queue_size=1
[2025-06-05 10:28:24] DEBUG: node_cache hit=1 queue_size=10
[2025-06-05 10:28:25] DEBUG: node_cache hit=1 queue_size=12
[2025-06-05 10:28:26] Processing frame 1706/5000... 0.74s
[2025-06-05 10:28:27] DEBUG: node_cache hit=1 queue_size=3
[2025-06-05 10:28:28] DEBUG: node_cache hit=1 queue_size=3
[2025-06-05 10:28:29] ERROR: CUDA out of memory
  File src/pipeline.py, line 365, in process_frame
  File src/pipeline.py, line 231, in process_frame
  File src/pipeline.py, line 434, in process_frame
  File src/pipeline.py, line 134, in process_frame
  File src/pipeline.py, line 60, in process_frame
  raise ConnectionRefusedError: localhost:8188
[2025-06-05 10:28:30] DEBUG: node_cache hit=0 queue_size=11
[2025-06-05 10:28:31] DEBUG: node_cache hit=0 queue_size=10
[2025-06-05 10:28:32] DEBUG: node_cache hit=0 queue_size=6
[2025-06-05 10:28:33] DEBUG: node_cache hit=0 queue_size=12
[2025-06-05 10:28:34] Processing frame 1714/5000... 1.39s
[2025-06-05 10:28:35] %%%%%%%% 85%
[2025-06-05 10:28:36] DEBUG: node_cache hit=0 queue_size=10
[2025-06-05 10:28:37] ERROR: ValueError: invalid literal
  File src/pipeline.py, line 196, in process_frame
  File src/pipeline.py, line 468, in process_frame
  File src/pipeline.py, line 156, in process_frame
  File src/pipeline.py, line 329, in process_frame
  File src/pipeline.py, line 408, in process_frame
  raise ValueError: invalid literal
[2025-06-05 10:28:38] DEBUG: node_cache hit=1 queue_size=12
[2025-06-05 10:28:39] Processing frame 1719/5000... 2.68s
[2025-06-05 10:28:40] WARNING: VRAM usage at 83%
[2025-06-05 10:28:41] WARNING: VRAM usage at 98%
[2025-06-05 10:28:42] DEBUG: node_cache hit=0 queue_size=10
[2025-06-05 10:28:43] DEBUG: node_cache hit=0 queue_size=10
[2025-06-05 10:28:44] %%%%%%%% 61%
[2025-06-05 10:28:45] DEBUG: node_cache hit=0 queue_size=8
[2025-06-05 10:28:46] Processing frame 1726/5000... 1.17s
[2025-06-05 10:28:47] DEBUG: node_cache hit=1 queue_size=12
[2025-06-05 10:28:48] DEBUG: node_cache hit=0 queue_size=6
[2025-06-05 10:28:49] %%%%%%%% 40%
[2025-06-05 10:28:50] DEBUG: node_cache hit=0 queue_size=7
[2025-06-05 10:28:51] Processing frame 1731/5000... 0.81s
[2025-06-05 10:28:52] DEBUG: node_cache hit=0 queue_size=11
[2025-06-05 10:28:53] DEBUG: node_cache hit=1 queue_size=2
[2025-06-05 10:28:54] DEBUG: node_cache hit=0 queue_size=10
[2025-06-05 10:28:55] DEBUG: node_cache hit=0 queue_size=0
[2025-06-05 10:28:56] DEBUG: node_cache hit=0 queue_size=2
[2025-06-05 10:28:57] DEBUG: node_cache hit=0 queue_size=10
[2025-06-05 10:28:58] DEBUG: node_cache hit=1 queue_size=12
[2025-06-05 10:28:59] DEBUG: node_cache hit=1 queue_size=3
[2025-06-05 10:29:00] DEBUG: node_cache hit=0 queue_size=3
[2025-06-05 10:29:01] DEBUG: node_cache hit=0 queue_size=8
[2025-06-05 10:29:02] DEBUG: node_cache hit=1 queue_size=10
[2025-06-05 10:29:03] DEBUG: node_cache hit=0 queue_size=10
[2025-06-05 10:29:04] WARNING: VRAM usage at 90%
[2025-06-05 10:29:05] DEBUG: node_cache hit=0 queue_size=11
[2025-06-05 10:29:06] DEBUG: node_cache hit=0 queue_size=7
[2025-06-05 10:29:07] Processing frame 1747/5000... 2.15s
[2025-06-05 10:29:08] WARNING: VRAM usage at 80%
[2025-06-05 10:29:09] ERROR: RuntimeError: expected scalar type Float
  File src/pipeline.py, line 458, in process_frame
  File src/pipeline.py, line 254, in process_frame
  File src/pipeline.py, line 166, in process_frame
  File src/pipeline.py, line 74, in process_frame
  File src/pipeline.py, line 315, in process_frame
  raise ConnectionRefusedError: localhost:8188
[2025-06-05 10:29:10] Processing frame 1750/5000... 1.10s
[2025-06-05 10:29:11] DEBUG: node_cache hit=1 queue_size=5
[2025-06-05 10:29:12] DEBUG: node_cache hit=0 queue_size=10
[2025-06-05 10:29:13] Processing frame 1753/5000... 1.61s
[2025-06-05 10:29:14] DEBUG: node_cache hit=1 queue_size=6
[2025-06-05 10:29:15] DEBUG: node_cache hit=0 queue_size=1
[2025-06-05 10:29:16] DEBUG: node_cache hit=0 queue_size=11
[2025-06-05 10:29:17] DEBUG: node_cache hit=1 queue_size=10
[2025-06-05 10:29:18] Processing frame 1758/5000... 2.12s
[2025-06-05 10:29:19] %%%%%%%% 61%
[2025-06-05 10:29:20] DEBUG: node_cache hit=1 queue_size=2
[2025-06-05 10:29:21] Processing frame 1761/5000... 2.77s
[2025-06-05 10:29:22] DEBUG: node_cache hit=1 queue_size=9
[2025-06-05 10:29:23] Processing frame 1763/5000... 1.95s
[2025-06-05 10:29:24] DEBUG: node_cache hit=0 queue_size=9
[2025-06-05 10:29:25] DEBUG: node_cache hit=0 queue_size=11
[2025-06-05 10:29:26] Processing frame 1766/5000... 2.97s
[2025-06-05 10:29:27] DEBUG: node_cache hit=0 queue_size=11
[2025-06-05 10:29:28] DEBUG: node_cache hit=1 queue_size=9
[2025-06-05 10:29:29] DEBUG: node_cache hit=1 queue_size=2
[2025-06-05 10:29:30] Processing frame 1770/5000... 2.82s
[2025-06-05 10:29:31] DEBUG: node_cache hit=1 queue_size=10
[2025-06-05 10:29:32] DEBUG: node_cache hit=1 queue_size=9
[2025-06-05 10:29:33] Processing frame 1773/5000... 2.40s
[2025-06-05 10:29:34] Processing frame 1774/5000... 2.55s
[2025-06-05 10:29:35] Processing frame 1775/5000... 2.14s
[2025-06-05 10:29:36] WARNING: VRAM usage at 80%
[2025-06-05 10:29:37] WARNING: VRAM usage at 92%
[2025-06-05 10:29:38] DEBUG: node_cache hit=0 queue_size=1
[2025-06-05 10:29:39] DEBUG: node_cache hit=0 queue_size=1
[2025-06-05 10:29:40] Processing frame 1780/5000... 2.79s
[2025-06-05 10:29:41] DEBUG: node_cache hit=0 queue_size=4
[2025-06-05 10:29:42] DEBUG: node_cache hit=1 queue_size=12
[2025-06-05 10:29:43] DEBUG: node_cache hit=1 queue_size=4
[2025-06-05 10:29:44] DEBUG: node_cache hit=0 queue_size=11
[2025-06-05 10:29:45] DEBUG: node_cache hit=1 queue_size=7
[2025-06-05 10:29:46] DEBUG: node_cache hit=0 queue_size=0
[2025-06-05 10:29:47] DEBUG: node_cache hit=1 queue_size=0
[2025-06-05 10:29:48] DEBUG: node_cache hit=1 queue_size=4
[2025-06-05 10:29:49] DEBUG: node_cache hit=1 queue_size=12
[2025-06-05 10:29:50] ERROR: CUDA out of memory
  File src/pipeline.py, line 292, in process_frame
  File src/pipeline.py, line 286, in process_frame
  File src/pipeline.py, line 451, in process_frame
  File src/pipeline.py, line 23, in process_frame
  File src/pipeline.py, line 97, in process_frame
  raise ValueError: invalid literal
[2025-06-05 10:29:51] Processing frame 1791/5000... 1.93s
[2025-06-05 10:29:52] DEBUG: node_cache hit=0 queue_size=2
[2025-06-05 10:29:53] WARNING: VRAM usage at 84%
[2025-06-05 10:29:54] DEBUG: node_cache hit=0 queue_size=2
[2025-06-05 10:29:55] %%%%%%%% 74%
[2025-06-05 10:29:56] DEBUG: node_cache hit=1 queue_size=1
[2025-06-05 10:29:57] DEBUG: node_cache hit=0 queue_size=7
[2025-06-05 10:29:58] DEBUG: node_cache hit=1 queue_size=6
[2025-06-05 10:29:59] Processing frame 1799/5000... 1.52s
[2025-06-05 10:30:00] DEBUG: node_cache hit=1 queue_size=12
[2025-06-05 10:30:01] DEBUG: node_cache hit=0 queue_size=1
[2025-06-05 10:30:02] DEBUG: node_cache hit=1 queue_size=11
[2025-06-05 10:30:03] DEBUG: node_cache hit=1 queue_size=12
[2025-06-05 10:30:04] DEBUG: node_cache hit=0 queue_size=1
[2025-06-05 10:30:05] DEBUG: node_cache hit=0 queue_size=2
[2025-06-05 10:30:06] WARNING: VRAM usage at 86%
[2025-06-05 10:30:07] WARNING: VRAM usage at 92%
[2025-06-05 10:30:08] DEBUG: node_cache hit=1 queue_size=8
[2025-06-05 10:30:09] DEBUG: node_cache hit=0 queue_size=1
[2025-06-05 10:30:10] DEBUG: node_cache hit=0 queue_size=9
[2025-06-05 10:30:11] Processing frame 1811/5000... 2.02s
[2025-06-05 10:30:12] DEBUG: node_cache hit=1 queue_size=10
[2025-06-05 10:30:13] Processing frame 1813/5000... 1.45s
[2025-06-05 10:30:14] Processing frame 1814/5000... 1.32s
[2025-06-05 10:30:15] Processing frame 1815/5000... 2.13s
[2025-06-05 10:30:16] WARNING: VRAM usage at 89%
[2025-06-05 10:30:17] DEBUG: node_cache hit=0 queue_size=12
[2025-06-05 10:30:18] DEBUG: node_cache hit=1 queue_size=3
[2025-06-05 10:30:19] %%%%%%%% 47%
[2025-06-05 10:30:20] DEBUG: node_cache hit=0 queue_size=7
[2025-06-05 10:30:21] Processing frame 1821/5000... 2.19s
[2025-06-05 10:30:22] DEBUG: node_cache hit=1 queue_size=12
[2025-06-05 10:30:23] Processing frame 1823/5000... 2.34s
[2025-06-05 10:30:24] %%%%%%%% 21%
[2025-06-05 10:30:25] Processing frame 1825/5000... 2.89s
[2025-06-05 10:30:26] DEBUG: node_cache hit=1 queue_size=3
[2025-06-05 10:30:27] DEBUG: node_cache hit=0 queue_size=10
[2025-06-05 10:30:28] DEBUG: node_cache hit=0 queue_size=11
[2025-06-05 10:30:29] DEBUG: node_cache hit=1 queue_size=4
[2025-06-05 10:30:30] Processing frame 1830/5000... 2.23s
[2025-06-05 10:30:31] %%%%%%%% 78%
[2025-06-05 10:30:32] DEBUG: node_cache hit=0 queue_size=3
[2025-06-05 10:30:33] DEBUG: node_cache hit=1 queue_size=7
[2025-06-05 10:30:34] DEBUG: node_cache hit=1 queue_size=10
[2025-06-05 10:30:35] DEBUG: node_cache hit=1 queue_size=5
[2025-06-05 10:30:36] DEBUG: node_cache hit=0 queue_size=0
[2025-06-05 10:30:37] %%%%%%%% 92%
[2025-06-05 10:30:38] DEBUG: node_cache hit=0 queue_size=8
[2025-06-05 10:30:39] DEBUG: node_cache hit=0 queue_size=4
[2025-06-05 10:30:40] DEBUG: node_cache hit=0 queue_size=10
[2025-06-05 10:30:41] DEBUG: node_cache hit=1 queue_size=7
[2025-06-05 10:30:42] DEBUG: node_cache hit=1 queue_size=10
[2025-06-05 10:30:43] DEBUG: node_cache hit=0 queue_size=8
[2025-06-05 10:30:44] Processing frame 1844/5000... 2.85s
[2025-06-05 10:30:45] DEBUG: node_cache hit=1 queue_size=12
[2025-06-05 10:30:46] Processing frame 1846/5000... 1.53s
[2025-06-05 10:30:47] DEBUG: node_cache hit=0 queue_size=12
[2025-06-05 10:30:48] DEBUG: node_cache hit=0 queue_size=7
[2025-06-05 10:30:49] Processing frame 1849/5000... 1.48s
[2025-06-05 10:30:50] DEBUG: node_cache hit=0 queue_size=2
[2025-06-05 10:30:51] WARNING: VRAM usage at 96%
[2025-06-05 10:30:52] DEBUG: node_cache hit=0 queue_size=9
[2025-06-05 10:30:53] DEBUG: node_cache hit=0 queue_size=1
[2025-06-05 10:30:54] Processing frame 1854/5000... 2.62s
[2025-06-05 10:30:55] DEBUG: node_cache hit=0 queue_size=1
[2025-06-05 10:30:56] DEBUG: node_cache hit=0 queue_size=6
[2025-06-05 10:30:57] Processing frame 1857/5000... 1.02s
[2025-06-05 10:30:58] DEBUG: node_cache hit=0 queue_size=8
[2025-06-05 10:30:59] DEBUG: node_cache hit=1 queue_size=4
[2025-06-05 10:31:00] WARNING: VRAM usage at 95%
[2025-06-05 10:31:01] DEBUG: node_cache hit=0 queue_size=3
[2025-06-05 10:31:02] DEBUG: node_cache hit=0 queue_size=3
[2025-06-05 10:31:03] DEBUG: node_cache hit=0 queue_size=4
[2025-06-05 10:31:04] DEBUG: node_cache hit=1 queue_size=0
[2025-06-05 10:31:05] DEBUG: node_cache hit=1 queue_size=4
[2025-06-05 10:31:06] Processing frame 1866/5000... 1.08s
[2025-06-05 10:31:07] DEBUG: node_cache hit=1 queue_size=5
[2025-06-05 10:31:08] DEBUG: node_cache hit=1 queue_size=11
[2025-06-05 10:31:09] Processing frame 1869/5000... 2.87s
[2025-06-05 10:31:10] WARNING: VRAM usage at 92%
[2025-06-05 10:31:11] %%%%%%%% 29%
[2025-06-05 10:31:12] DEBUG: node_cache hit=0 queue_size=11
[2025-06-05 10:31:13] Processing frame 1873/5000... 1.27s
[2025-06-05 10:31:14] Processing frame 1874/5000... 0.65s
[2025-06-05 10:31:15] DEBUG: node_cache hit=1 queue_size=11
[2025-06-05 10:31:16] DEBUG: node_cache hit=0 queue_size=1
[2025-06-05 10:31:17] Processing frame 1877/5000... 1.62s
[2025-06-05 10:31:18] Processing frame 1878/5000... 2.51s
[2025-06-05 10:31:19] DEBUG: node_cache hit=1 queue_size=7
[2025-06-05 10:31:20] DEBUG: node_cache hit=0 queue_size=11
[2025-06-05 10:31:21] DEBUG: node_cache hit=0 queue_size=6
[2025-06-05 10:31:22] DEBUG: node_cache hit=1 queue_size=3
[2025-06-05 10:31:23] DEBUG: node_cache hit=0 queue_size=1
[2025-06-05 10:31:24] DEBUG: node_cache hit=0 queue_size=8
[2025-06-05 10:31:25] DEBUG: node_cache hit=0 queue_size=4
[2025-06-05 10:31:26] DEBUG: node_cache hit=0 queue_size=8
[2025-06-05 10:31:27] DEBUG: node_cache hit=1 queue_size=10
[2025-06-05 10:31:28] DEBUG: node_cache hit=1 queue_size=5
[2025-06-05 10:31:29] WARNING: VRAM usage at 90%
[2025-06-05 10:31:30] Processing frame 1890/5000... 2.35s
[2025-06-05 10:31:31] DEBUG: node_cache hit=1 queue_size=2
[2025-06-05 10:31:32] DEBUG: node_cache hit=1 queue_size=4
[2025-06-05 10:31:33] DEBUG: node_cache hit=0 queue_size=2
[2025-06-05 10:31:34] DEBUG: node_cache hit=1 queue_size=8
[2025-06-05 10:31:35] Processing frame 1895/5000... 2.90s
[2025-06-05 10:31:36] WARNING: VRAM usage at 90%
[2025-06-05 10:31:37] Processing frame 1897/5000... 2.85s
[2025-06-05 10:31:38] DEBUG: node_cache hit=1 queue_size=4
[2025-06-05 10:31:39] DEBUG: node_cache hit=1 queue_size=10
[2025-06-05 10:31:40] DEBUG: node_cache hit=1 queue_size=8
[2025-06-05 10:31:41] DEBUG: node_cache hit=0 queue_size=1
[2025-06-05 10:31:42] DEBUG: node_cache hit=1 queue_size=12
[2025-06-05 10:31:43] Processing frame 1903/5000... 1.78s
[2025-06-05 10:31:44] DEBUG: node_cache hit=1 queue_size=8
[2025-06-05 10:31:45] Processing frame 1905/5000... 2.45s
[2025-06-05 10:31:46] Processing frame 1906/5000... 1.00s
[2025-06-05 10:31:47] DEBUG: node_cache hit=0 queue_size=11
[2025-06-05 10:31:48] DEBUG: node_cache hit=0 queue_size=3
[2025-06-05 10:31:49] DEBUG: node_cache hit=0 queue_size=8
[2025-06-05 10:31:50] ERROR: ConnectionRefusedError: localhost:8188
  File src/pipeline.py, line 98, in process_frame
  File src/pipeline.py, line 244, in process_frame
  File src/pipeline.py, line 180, in process_frame
  File src/pipeline.py, line 321, in process_frame
  File src/pipeline.py, line 86, in process_frame
  raise ValueError: invalid literal
[2025-06-05 10:31:51] DEBUG: node_cache hit=1 queue_size=9
[2025-06-05 10:31:52] DEBUG: node_cache hit=1 queue_size=12
[2025-06-05 10:31:53] DEBUG: node_cache hit=1 queue_size=11
[2025-06-05 10:31:54] Processing frame 1914/5000... 2.26s
[2025-06-05 10:31:55] DEBUG: node_cache hit=1 queue_size=7
[2025-06-05 10:31:56] DEBUG: node_cache hit=1 queue_size=8
[2025-06-05 10:31:57] WARNING: VRAM usage at 95%
[2025-06-05 10:31:58] DEBUG: node_cache hit=0 queue_size=1
[2025-06-05 10:31:59] DEBUG: node_cache hit=1 queue_size=2
[2025-06-05 10:32:00] Processing frame 1920/5000... 1.23s
[2025-06-05 10:32:01] DEBUG: node_cache hit=1 queue_size=1
[2025-06-05 10:32:02] WARNING: VRAM usage at 95%
[2025-06-05 10:32:03] DEBUG: node_cache hit=1 queue_size=12
[2025-06-05 10:32:04] ERROR: RuntimeError: expected scalar type Float
  File src/pipeline.py, line 44, in process_frame
  File src/pipeline.py, line 50, in process_frame
  File src/pipeline.py, line 358, in process_frame
  File src/pipeline.py, line 152, in process_frame
  File src/pipeline.py, line 262, in process_frame
  raise RuntimeError: expected scalar type Float
[2025-06-05 10:32:05] DEBUG: node_cache hit=0 queue_size=2
[2025-06-05 10:32:06] DEBUG: node_cache hit=1 queue_size=0
[2025-06-05 10:32:07] DEBUG: node_cache hit=1 queue_size=12
[2025-06-05 10:32:08] WARNING: VRAM usage at 92%
[2025-06-05 10:32:09] DEBUG: node_cache hit=0 queue_size=0
[2025-06-05 10:32:10] DEBUG: node_cache hit=0 queue_size=2
[2025-06-05 10:32:11] ERROR: RuntimeError: expected scalar type Float
  File src/pipeline.py, line 317, in process_frame
  File src/pipeline.py, line 173, in process_frame
  File src/pipeline.py, line 382, in process_frame
  File src/pipeline.py, line 477, in process_frame
  File src/pipeline.py, line 337, in process_frame
  raise RuntimeError: expected scalar type Float
[2025-06-05 10:32:12] DEBUG: node_cache hit=0 queue_size=1
[2025-06-05 10:32:13] WARNING: VRAM usage at 98%
[2025-06-05 10:32:14] DEBUG: node_cache hit=0 queue_size=7
[2025-06-05 10:32:15] DEBUG: node_cache hit=1 queue_size=7
[2025-06-05 10:32:16] Processing frame 1936/5000... 1.48s
[2025-06-05 10:32:17] DEBUG: node_cache hit=1 queue_size=2
[2025-06-05 10:32:18] Processing frame 1938/5000... 2.59s
[2025-06-05 10:32:19] %%%%%%%% 21%
[2025-06-05 10:32:20] DEBUG: node_cache hit=1 queue_size=10
[2025-06-05 10:32:21] DEBUG: node_cache hit=1 queue_size=5
[2025-06-05 10:32:22] Processing frame 1942/5000... 2.79s
[2025-06-05 10:32:23] DEBUG: node_cache hit=1 queue_size=7
[2025-06-05 10:32:24] DEBUG: node_cache hit=1 queue_size=0
[2025-06-05 10:32:25] Processing frame 1945/5000... 1.37s
[2025-06-05 10:32:26] DEBUG: node_cache hit=0 queue_size=4
[2025-06-05 10:32:27] DEBUG: node_cache hit=1 queue_size=4
[2025-06-05 10:32:28] DEBUG: node_cache hit=1 queue_size=4
[2025-06-05 10:32:29] Processing frame 1949/5000... 1.28s
[2025-06-05 10:32:30] DEBUG: node_cache hit=1 queue_size=5
[2025-06-05 10:32:31] DEBUG: node_cache hit=1 queue_size=10
[2025-06-05 10:32:32] DEBUG: node_cache hit=1 queue_size=1
[2025-06-05 10:32:33] WARNING: VRAM usage at 99%
[2025-06-05 10:32:34] DEBUG: node_cache hit=1 queue_size=9
[2025-06-05 10:32:35] %%%%%%%% 95%
[2025-06-05 10:32:36] DEBUG: node_cache hit=1 queue_size=1
[2025-06-05 10:32:37] DEBUG: node_cache hit=1 queue_size=9
[2025-06-05 10:32:38] DEBUG: node_cache hit=0 queue_size=7
[2025-06-05 10:32:39] WARNING: VRAM usage at 95%
[2025-06-05 10:32:40] Processing frame 1960/5000... 0.59s
[2025-06-05 10:32:41] WARNING: VRAM usage at 91%
[2025-06-05 10:32:42] Processing frame 1962/5000... 0.60s
[2025-06-05 10:32:43] DEBUG: node_cache hit=1 queue_size=6
[2025-06-05 10:32:44] DEBUG: node_cache hit=1 queue_size=6
[2025-06-05 10:32:45] DEBUG: node_cache hit=1 queue_size=3
[2025-06-05 10:32:46] DEBUG: node_cache hit=1 queue_size=12
[2025-06-05 10:32:47] %%%%%%%% 74%
[2025-06-05 10:32:48] DEBUG: node_cache hit=0 queue_size=4
[2025-06-05 10:32:49] Processing frame 1969/5000... 1.87s
[2025-06-05 10:32:50] DEBUG: node_cache hit=0 queue_size=11
[2025-06-05 10:32:51] DEBUG: node_cache hit=1 queue_size=4
[2025-06-05 10:32:52] DEBUG: node_cache hit=0 queue_size=1
[2025-06-05 10:32:53] Processing frame 1973/5000... 2.57s
[2025-06-05 10:32:54] Processing frame 1974/5000... 2.28s
[2025-06-05 10:32:55] DEBUG: node_cache hit=0 queue_size=12
[2025-06-05 10:32:56] DEBUG: node_cache hit=0 queue_size=0
[2025-06-05 10:32:57] DEBUG: node_cache hit=0 queue_size=11
[2025-06-05 10:32:58] DEBUG: node_cache hit=1 queue_size=8
[2025-06-05 10:32:59] %%%%%%%% 51%
[2025-06-05 10:33:00] DEBUG: node_cache hit=0 queue_size=1
[2025-06-05 10:33:01] DEBUG: node_cache hit=0 queue_size=10
[2025-06-05 10:33:02] DEBUG: node_cache hit=0 queue_size=2
[2025-06-05 10:33:03] Processing frame 1983/5000... 0.86s
[2025-06-05 10:33:04] DEBUG: node_cache hit=0 queue_size=0
[2025-06-05 10:33:05] DEBUG: node_cache hit=0 queue_size=7
[2025-06-05 10:33:06] DEBUG: node_cache hit=1 queue_size=2
[2025-06-05 10:33:07] WARNING: VRAM usage at 97%
[2025-06-05 10:33:08] Processing frame 1988/5000... 0.60s
[2025-06-05 10:33:09] %%%%%%%% 31%
[2025-06-05 10:33:10] DEBUG: node_cache hit=0 queue_size=5
[2025-06-05 10:33:11] Processing frame 1991/5000... 1.78s
[2025-06-05 10:33:12] DEBUG: node_cache hit=0 queue_size=4
[2025-06-05 10:33:13] DEBUG: node_cache hit=0 queue_size=2
[2025-06-05 10:33:14] DEBUG: node_cache hit=1 queue_size=8
[2025-06-05 10:33:15] DEBUG: node_cache hit=1 queue_size=4
[2025-06-05 10:33:16] DEBUG: node_cache hit=1 queue_size=5
[2025-06-05 10:33:17] Processing frame 1997/5000... 1.69s
[2025-06-05 10:33:18] DEBUG: node_cache hit=0 queue_size=0
[2025-06-05 10:33:19] DEBUG: node_cache hit=1 queue_size=6
[2025-06-05 10:33:20] DEBUG: node_cache hit=0 queue_size=0
[2025-06-05 10:33:21] Processing frame 2001/5000... 2.63s
[2025-06-05 10:33:22] Processing frame 2002/5000... 1.71s
[2025-06-05 10:33:23] DEBUG: node_cache hit=0 queue_size=9
[2025-06-05 10:33:24] DEBUG: node_cache hit=0 queue_size=9
[2025-06-05 10:33:25] Processing frame 2005/5000... 2.99s
[2025-06-05 10:33:26] Processing frame 2006/5000... 0.94s
[2025-06-05 10:33:27] DEBUG: node_cache hit=1 queue_size=8
[2025-06-05 10:33:28] Processing frame 2008/5000... 1.52s
[2025-06-05 10:33:29] DEBUG: node_cache hit=0 queue_size=12
[2025-06-05 10:33:30] DEBUG: node_cache hit=0 queue_size=4
[2025-06-05 10:33:31] DEBUG: node_cache hit=1 queue_size=9
[2025-06-05 10:33:32] DEBUG: node_cache hit=0 queue_size=7
[2025-06-05 10:33:33] DEBUG: node_cache hit=1 queue_size=12
[2025-06-05 10:33:34] DEBUG: node_cache hit=0 queue_size=3
[2025-06-05 10:33:35] Processing frame 2015/5000... 1.09s
[2025-06-05 10:33:36] DEBUG: node_cache hit=1 queue_size=10
[2025-06-05 10:33:37] DEBUG: node_cache hit=0 queue_size=11
[2025-06-05 10:33:38] Processing frame 2018/5000... 2.48s
[2025-06-05 10:33:39] DEBUG: node_cache hit=0 queue_size=0
[2025-06-05 10:33:40] DEBUG: node_cache hit=0 queue_size=12
[2025-06-05 10:33:41] Processing frame 2021/5000... 1.42s
[2025-06-05 10:33:42] Processing frame 2022/5000... 0.81s
[2025-06-05 10:33:43] DEBUG: node_cache hit=1 queue_size=2
[2025-06-05 10:33:44] DEBUG: node_cache hit=1 queue_size=2
[2025-06-05 10:33:45] WARNING: VRAM usage at 97%
[2025-06-05 10:33:46] Processing frame 2026/5000... 2.92s
[2025-06-05 10:33:47] Processing frame 2027/5000... 3.00s
[2025-06-05 10:33:48] DEBUG: node_cache hit=0 queue_size=10
[2025-06-05 10:33:49] Processing frame 2029/5000... 2.71s
[2025-06-05 10:33:50] %%%%%%%% 94%
[2025-06-05 10:33:51] DEBUG: node_cache hit=0 queue_size=5
[2025-06-05 10:33:52] DEBUG: node_cache hit=0 queue_size=1
[2025-06-05 10:33:53] DEBUG: node_cache hit=1 queue_size=8
[2025-06-05 10:33:54] DEBUG: node_cache hit=0 queue_size=7
[2025-06-05 10:33:55] DEBUG: node_cache hit=1 queue_size=8
[2025-06-05 10:33:56] DEBUG: node_cache hit=1 queue_size=5
[2025-06-05 10:33:57] Processing frame 2037/5000... 0.77s
[2025-06-05 10:33:58] %%%%%%%% 81%
[2025-06-05 10:33:59] Processing frame 2039/5000... 0.69s
[2025-06-05 10:34:00] DEBUG: node_cache hit=0 queue_size=12
[2025-06-05 10:34:01] DEBUG: node_cache hit=1 queue_size=0
[2025-06-05 10:34:02] %%%%%%%% 27%
[2025-06-05 10:34:03] DEBUG: node_cache hit=0 queue_size=10
[2025-06-05 10:34:04] Processing frame 2044/5000... 2.03s
[2025-06-05 10:34:05] DEBUG: node_cache hit=0 queue_size=6
[2025-06-05 10:34:06] DEBUG: node_cache hit=0 queue_size=11
[2025-06-05 10:34:07] DEBUG: node_cache hit=0 queue_size=9
[2025-06-05 10:34:08] Processing frame 2048/5000... 2.76s
[2025-06-05 10:34:09] DEBUG: node_cache hit=1 queue_size=2
[2025-06-05 10:34:10] Processing frame 2050/5000... 2.47s
[2025-06-05 10:34:11] DEBUG: node_cache hit=1 queue_size=6
[2025-06-05 10:34:12] DEBUG: node_cache hit=0 queue_size=3
[2025-06-05 10:34:13] DEBUG: node_cache hit=1 queue_size=4
[2025-06-05 10:34:14] DEBUG: node_cache hit=1 queue_size=4
[2025-06-05 10:34:15] DEBUG: node_cache hit=0 queue_size=3
[2025-06-05 10:34:16] Processing frame 2056/5000... 0.93s
[2025-06-05 10:34:17] DEBUG: node_cache hit=0 queue_size=6
[2025-06-05 10:34:18] DEBUG: node_cache hit=0 queue_size=3
[2025-06-05 10:34:19] DEBUG: node_cache hit=1 queue_size=2
[2025-06-05 10:34:20] DEBUG: node_cache hit=0 queue_size=6
[2025-06-05 10:34:21] %%%%%%%% 53%
[2025-06-05 10:34:22] DEBUG: node_cache hit=1 queue_size=6
[2025-06-05 10:34:23] DEBUG: node_cache hit=1 queue_size=7
[2025-06-05 10:34:24] Processing frame 2064/5000... 1.53s
[2025-06-05 10:34:25] DEBUG: node_cache hit=1 queue_size=2
[2025-06-05 10:34:26] Processing frame 2066/5000... 0.74s
[2025-06-05 10:34:27] DEBUG: node_cache hit=1 queue_size=8
[2025-06-05 10:34:28] ERROR: CUDA out of memory
  File src/pipeline.py, line 433, in process_frame
  File src/pipeline.py, line 166, in process_frame
  File src/pipeline.py, line 424, in process_frame
  File src/pipeline.py, line 208, in process_frame
  File src/pipeline.py, line 497, in process_frame
  raise FileNotFoundError: model.safetensors
[2025-06-05 10:34:29] DEBUG: node_cache hit=0 queue_size=0
[2025-06-05 10:34:30] DEBUG: node_cache hit=0 queue_size=1
[2025-06-05 10:34:31] DEBUG: node_cache hit=0 queue_size=8
[2025-06-05 10:34:32] Processing frame 2072/5000... 0.63s
[2025-06-05 10:34:33] Processing frame 2073/5000... 0.55s
[2025-06-05 10:34:34] DEBUG: node_cache hit=0 queue_size=3
[2025-06-05 10:34:35] Processing frame 2075/5000... 2.18s
[2025-06-05 10:34:36] DEBUG: node_cache hit=1 queue_size=11
[2025-06-05 10:34:37] %%%%%%%% 44%
[2025-06-05 10:34:38] DEBUG: node_cache hit=1 queue_size=3
[2025-06-05 10:34:39] WARNING: VRAM usage at 99%
[2025-06-05 10:34:40] WARNING: VRAM usage at 89%
[2025-06-05 10:34:41] DEBUG: node_cache hit=0 queue_size=8
[2025-06-05 10:34:42] DEBUG: node_cache hit=0 queue_size=10
[2025-06-05 10:34:43] DEBUG: node_cache hit=1 queue_size=9
[2025-06-05 10:34:44] DEBUG: node_cache hit=0 queue_size=12
[2025-06-05 10:34:45] DEBUG: node_cache hit=0 queue_size=8
[2025-06-05 10:34:46] DEBUG: node_cache hit=1 queue_size=5
[2025-06-05 10:34:47] DEBUG: node_cache hit=0 queue_size=10
[2025-06-05 10:34:48] DEBUG: node_cache hit=1 queue_size=7
[2025-06-05 10:34:49] Processing frame 2089/5000... 0.95s
[2025-06-05 10:34:50] DEBUG: node_cache hit=1 queue_size=6
[2025-06-05 10:34:51] Processing frame 2091/5000... 1.70s
[2025-06-05 10:34:52] DEBUG: node_cache hit=1 queue_size=8
[2025-06-05 10:34:53] Processing frame 2093/5000... 0.67s
[2025-06-05 10:34:54] Processing frame 2094/5000... 2.84s
[2025-06-05 10:34:55] DEBUG: node_cache hit=1 queue_size=4
[2025-06-05 10:34:56] DEBUG: node_cache hit=0 queue_size=8
[2025-06-05 10:34:57] DEBUG: node_cache hit=0 queue_size=0
[2025-06-05 10:34:58] DEBUG: node_cache hit=0 queue_size=3
[2025-06-05 10:34:59] DEBUG: node_cache hit=0 queue_size=5
[2025-06-05 10:35:00] Processing frame 2100/5000... 0.61s
[2025-06-05 10:35:01] Processing frame 2101/5000... 0.69s
[2025-06-05 10:35:02] DEBUG: node_cache hit=1 queue_size=12
[2025-06-05 10:35:03] WARNING: VRAM usage at 86%
[2025-06-05 10:35:04] DEBUG: node_cache hit=1 queue_size=12
[2025-06-05 10:35:05] DEBUG: node_cache hit=1 queue_size=2
[2025-06-05 10:35:06] %%%%%%%% 95%
[2025-06-05 10:35:07] DEBUG: node_cache hit=0 queue_size=4
[2025-06-05 10:35:08] DEBUG: node_cache hit=1 queue_size=11
[2025-06-05 10:35:09] WARNING: VRAM usage at 92%
[2025-06-05 10:35:10] DEBUG: node_cache hit=1 queue_size=1
[2025-06-05 10:35:11] Processing frame 2111/5000... 3.00s
[2025-06-05 10:35:12] Processing frame 2112/5000... 0.92s
[2025-06-05 10:35:13] DEBUG: node_cache hit=0 queue_size=11
[2025-06-05 10:35:14] DEBUG: node_cache hit=0 queue_size=11
[2025-06-05 10:35:15] DEBUG: node_cache hit=1 queue_size=1
[2025-06-05 10:35:16] DEBUG: node_cache hit=1 queue_size=0
[2025-06-05 10:35:17] DEBUG: node_cache hit=1 queue_size=5
[2025-06-05 10:35:18] DEBUG: node_cache hit=1 queue_size=3
[2025-06-05 10:35:19] DEBUG: node_cache hit=0 queue_size=3
[2025-06-05 10:35:20] Processing frame 2120/5000... 1.48s
[2025-06-05 10:35:21] DEBUG: node_cache hit=1 queue_size=7
[2025-06-05 10:35:22] DEBUG: node_cache hit=1 queue_size=10
[2025-06-05 10:35:23] DEBUG: node_cache hit=1 queue_size=11
[2025-06-05 10:35:24] DEBUG: node_cache hit=1 queue_size=5
[2025-06-05 10:35:25] DEBUG: node_cache hit=1 queue_size=2
[2025-06-05 10:35:26] %%%%%%%% 87%
[2025-06-05 10:35:27] DEBUG: node_cache hit=1 queue_size=7
[2025-06-05 10:35:28] DEBUG: node_cache hit=0 queue_size=1
[2025-06-05 10:35:29] DEBUG: node_cache hit=1 queue_size=10
[2025-06-05 10:35:30] DEBUG: node_cache hit=0 queue_size=10
[2025-06-05 10:35:31] DEBUG: node_cache hit=0 queue_size=6
[2025-06-05 10:35:32] DEBUG: node_cache hit=0 queue_size=9
[2025-06-05 10:35:33] Processing frame 2133/5000... 2.58s
[2025-06-05 10:35:34] DEBUG: node_cache hit=0 queue_size=5
[2025-06-05 10:35:35] Processing frame 2135/5000... 2.38s
[2025-06-05 10:35:36] DEBUG: node_cache hit=1 queue_size=3
[2025-06-05 10:35:37] DEBUG: node_cache hit=0 queue_size=3
[2025-06-05 10:35:38] Processing frame 2138/5000... 1.37s
[2025-06-05 10:35:39] %%%%%%%% 53%
[2025-06-05 10:35:40] Processing frame 2140/5000... 2.67s
[2025-06-05 10:35:41] DEBUG: node_cache hit=0 queue_size=8
[2025-06-05 10:35:42] DEBUG: node_cache hit=0 queue_size=10
[2025-06-05 10:35:43] DEBUG: node_cache hit=1 queue_size=8
[2025-06-05 10:35:44] DEBUG: node_cache hit=0 queue_size=5
[2025-06-05 10:35:45] DEBUG: node_cache hit=0 queue_size=1
[2025-06-05 10:35:46] DEBUG: node_cache hit=0 queue_size=1
[2025-06-05 10:35:47] DEBUG: node_cache hit=0 queue_size=10
[2025-06-05 10:35:48] DEBUG: node_cache hit=0 queue_size=5
[2025-06-05 10:35:49] DEBUG: node_cache hit=0 queue_size=9
[2025-06-05 10:35:50] DEBUG: node_cache hit=0 queue_size=6
[2025-06-05 10:35:51] DEBUG: node_cache hit=0 queue_size=4
[2025-06-05 10:35:52] DEBUG: node_cache hit=1 queue_size=0
[2025-06-05 10:35:53] DEBUG: node_cache hit=0 queue_size=11
[2025-06-05 10:35:54] DEBUG: node_cache hit=1 queue_size=2
[2025-06-05 10:35:55] DEBUG: node_cache hit=0 queue_size=12
[2025-06-05 10:35:56] DEBUG: node_cache hit=0 queue_size=3
[2025-06-05 10:35:57] DEBUG: node_cache hit=1 queue_size=4
[2025-06-05 10:35:58] DEBUG: node_cache hit=1 queue_size=7
[2025-06-05 10:35:59] DEBUG: node_cache hit=0 queue_size=2
[2025-06-05 10:36:00] Processing frame 2160/5000... 2.99s
[2025-06-05 10:36:01] WARNING: VRAM usage at 98%
[2025-06-05 10:36:02] Processing frame 2162/5000... 2.54s
[2025-06-05 10:36:03] DEBUG: node_cache hit=1 queue_size=1
[2025-06-05 10:36:04] Processing frame 2164/5000... 1.01s
[2025-06-05 10:36:05] WARNING: VRAM usage at 93%
[2025-06-05 10:36:06] DEBUG: node_cache hit=0 queue_size=7
[2025-06-05 10:36:07] %%%%%%%% 48%
[2025-06-05 10:36:08] DEBUG: node_cache hit=1 queue_size=6
[2025-06-05 10:36:09] DEBUG: node_cache hit=1 queue_size=4
[2025-06-05 10:36:10] DEBUG: node_cache hit=1 queue_size=9
[2025-06-05 10:36:11] Processing frame 2171/5000... 1.30s
[2025-06-05 10:36:12] Processing frame 2172/5000... 1.91s
[2025-06-05 10:36:13] Processing frame 2173/5000... 0.52s
[2025-06-05 10:36:14] Processing frame 2174/5000... 1.63s
[2025-06-05 10:36:15] DEBUG: node_cache hit=0 queue_size=4
[2025-06-05 10:36:16] DEBUG: node_cache hit=0 queue_size=0
[2025-06-05 10:36:17] Processing frame 2177/5000... 1.10s
[2025-06-05 10:36:18] DEBUG: node_cache hit=0 queue_size=1
[2025-06-05 10:36:19] DEBUG: node_cache hit=0 queue_size=11
[2025-06-05 10:36:20] DEBUG: node_cache hit=0 queue_size=3
[2025-06-05 10:36:21] DEBUG: node_cache hit=0 queue_size=2
[2025-06-05 10:36:22] DEBUG: node_cache hit=0 queue_size=3
[2025-06-05 10:36:23] WARNING: VRAM usage at 87%
[2025-06-05 10:36:24] ERROR: RuntimeError: expected scalar type Float
  File src/pipeline.py, line 453, in process_frame
  File src/pipeline.py, line 418, in process_frame
  File src/pipeline.py, line 490, in process_frame
  File src/pipeline.py, line 296, in process_frame
  File src/pipeline.py, line 16, in process_frame
  raise FileNotFoundError: model.safetensors
[2025-06-05 10:36:25] Processing frame 2185/5000... 2.89s
[2025-06-05 10:36:26] Processing frame 2186/5000... 2.97s
[2025-06-05 10:36:27] Processing frame 2187/5000... 1.78s
[2025-06-05 10:36:28] DEBUG: node_cache hit=1 queue_size=11
[2025-06-05 10:36:29] DEBUG: node_cache hit=1 queue_size=0
[2025-06-05 10:36:30] DEBUG: node_cache hit=1 queue_size=0
[2025-06-05 10:36:31] DEBUG: node_cache hit=1 queue_size=6
[2025-06-05 10:36:32] DEBUG: node_cache hit=1 queue_size=10
[2025-06-05 10:36:33] Processing frame 2193/5000... 1.50s
[2025-06-05 10:36:34] DEBUG: node_cache hit=0 queue_size=4
[2025-06-05 10:36:35] DEBUG: node_cache hit=1 queue_size=0
[2025-06-05 10:36:36] DEBUG: node_cache hit=1 queue_size=12
[2025-06-05 10:36:37] DEBUG: node_cache hit=1 queue_size=10
[2025-06-05 10:36:38] DEBUG: node_cache hit=0 queue_size=11
[2025-06-05 10:36:39] DEBUG: node_cache hit=1 queue_size=0
[2025-06-05 10:36:40] DEBUG: node_cache hit=1 queue_size=1
[2025-06-05 10:36:41] DEBUG: node_cache hit=1 queue_size=3
[2025-06-05 10:36:42] DEBUG: node_cache hit=0 queue_size=7
[2025-06-05 10:36:43] DEBUG: node_cache hit=1 queue_size=8
[2025-06-05 10:36:44] WARNING: VRAM usage at 89%
[2025-06-05 10:36:45] Processing frame 2205/5000... 0.65s
[2025-06-05 10:36:46] DEBUG: node_cache hit=0 queue_size=12
[2025-06-05 10:36:47] DEBUG: node_cache hit=1 queue_size=7
[2025-06-05 10:36:48] Processing frame 2208/5000... 1.34s
[2025-06-05 10:36:49] DEBUG: node_cache hit=0 queue_size=7
[2025-06-05 10:36:50] Processing frame 2210/5000... 2.48s
[2025-06-05 10:36:51] Processing frame 2211/5000... 0.59s
[2025-06-05 10:36:52] DEBUG: node_cache hit=1 queue_size=2
[2025-06-05 10:36:53] Processing frame 2213/5000... 1.78s
[2025-06-05 10:36:54] Processing frame 2214/5000... 2.28s
[2025-06-05 10:36:55] Processing frame 2215/5000... 1.81s
[2025-06-05 10:36:56] Processing frame 2216/5000... 0.86s
[2025-06-05 10:36:57] DEBUG: node_cache hit=0 queue_size=11
[2025-06-05 10:36:58] DEBUG: node_cache hit=1 queue_size=0
[2025-06-05 10:36:59] DEBUG: node_cache hit=1 queue_size=10
[2025-06-05 10:37:00] WARNING: VRAM usage at 81%
[2025-06-05 10:37:01] DEBUG: node_cache hit=0 queue_size=7
[2025-06-05 10:37:02] DEBUG: node_cache hit=1 queue_size=1
[2025-06-05 10:37:03] DEBUG: node_cache hit=0 queue_size=12
[2025-06-05 10:37:04] DEBUG: node_cache hit=0 queue_size=8
[2025-06-05 10:37:05] Processing frame 2225/5000... 0.51s
[2025-06-05 10:37:06] %%%%%%%% 72%
[2025-06-05 10:37:07] DEBUG: node_cache hit=1 queue_size=0
[2025-06-05 10:37:08] Processing frame 2228/5000... 0.97s
[2025-06-05 10:37:09] DEBUG: node_cache hit=1 queue_size=12
[2025-06-05 10:37:10] Processing frame 2230/5000... 0.97s
[2025-06-05 10:37:11] DEBUG: node_cache hit=1 queue_size=8
[2025-06-05 10:37:12] Processing frame 2232/5000... 2.13s
[2025-06-05 10:37:13] DEBUG: node_cache hit=0 queue_size=0
[2025-06-05 10:37:14] DEBUG: node_cache hit=1 queue_size=1
[2025-06-05 10:37:15] DEBUG: node_cache hit=0 queue_size=11
[2025-06-05 10:37:16] Processing frame 2236/5000... 1.51s
[2025-06-05 10:37:17] Processing frame 2237/5000... 1.78s
[2025-06-05 10:37:18] ERROR: RuntimeError: expected scalar type Float
  File src/pipeline.py, line 293, in process_frame
  File src/pipeline.py, line 369, in process_frame
  File src/pipeline.py, line 12, in process_frame
  File src/pipeline.py, line 273, in process_frame
  File src/pipeline.py, line 41, in process_frame
  raise FileNotFoundError: model.safetensors
[2025-06-05 10:37:19] DEBUG: node_cache hit=1 queue_size=6
[2025-06-05 10:37:20] %%%%%%%% 44%
[2025-06-05 10:37:21] DEBUG: node_cache hit=1 queue_size=1
[2025-06-05 10:37:22] DEBUG: node_cache hit=0 queue_size=4
[2025-06-05 10:37:23] DEBUG: node_cache hit=1 queue_size=8
[2025-06-05 10:37:24] WARNING: VRAM usage at 89%
[2025-06-05 10:37:25] DEBUG: node_cache hit=1 queue_size=7
[2025-06-05 10:37:26] DEBUG: node_cache hit=0 queue_size=10
[2025-06-05 10:37:27] DEBUG: node_cache hit=0 queue_size=5
[2025-06-05 10:37:28] Processing frame 2248/5000... 2.95s
[2025-06-05 10:37:29] Processing frame 2249/5000... 2.65s
[2025-06-05 10:37:30] DEBUG: node_cache hit=1 queue_size=9
[2025-06-05 10:37:31] Processing frame 2251/5000... 0.77s
[2025-06-05 10:37:32] DEBUG: node_cache hit=0 queue_size=8
[2025-06-05 10:37:33] Processing frame 2253/5000... 2.29s
[2025-06-05 10:37:34] DEBUG: node_cache hit=1 queue_size=8
[2025-06-05 10:37:35] DEBUG: node_cache hit=0 queue_size=12
[2025-06-05 10:37:36] Processing frame 2256/5000... 1.23s
[2025-06-05 10:37:37] Processing frame 2257/5000... 2.86s
[2025-06-05 10:37:38] DEBUG: node_cache hit=0 queue_size=8
[2025-06-05 10:37:39] DEBUG: node_cache hit=0 queue_size=12
[2025-06-05 10:37:40] DEBUG: node_cache hit=0 queue_size=8
[2025-06-05 10:37:41] DEBUG: node_cache hit=0 queue_size=3
[2025-06-05 10:37:42] DEBUG: node_cache hit=0 queue_size=5
[2025-06-05 10:37:43] Processing frame 2263/5000... 2.88s
[2025-06-05 10:37:44] DEBUG: node_cache hit=0 queue_size=9
[2025-06-05 10:37:45] DEBUG: node_cache hit=1 queue_size=7
[2025-06-05 10:37:46] DEBUG: node_cache hit=1 queue_size=9
[2025-06-05 10:37:47] %%%%%%%% 30%
[2025-06-05 10:37:48] DEBUG: node_cache hit=0 queue_size=1
[2025-06-05 10:37:49] DEBUG: node_cache hit=1 queue_size=8
[2025-06-05 10:37:50] DEBUG: node_cache hit=1 queue_size=5
[2025-06-05 10:37:51] Processing frame 2271/5000... 1.81s
[2025-06-05 10:37:52] DEBUG: node_cache hit=1 queue_size=10
[2025-06-05 10:37:53] DEBUG: node_cache hit=0 queue_size=10
[2025-06-05 10:37:54] DEBUG: node_cache hit=1 queue_size=3
[2025-06-05 10:37:55] DEBUG: node_cache hit=1 queue_size=0
[2025-06-05 10:37:56] DEBUG: node_cache hit=0 queue_size=0
[2025-06-05 10:37:57] Processing frame 2277/5000... 2.51s
[2025-06-05 10:37:58] DEBUG: node_cache hit=1 queue_size=9
[2025-06-05 10:37:59] DEBUG: node_cache hit=1 queue_size=8
[2025-06-05 10:38:00] DEBUG: node_cache hit=1 queue_size=6
[2025-06-05 10:38:01] DEBUG: node_cache hit=1 queue_size=7
[2025-06-05 10:38:02] Processing frame 2282/5000... 1.83s
[2025-06-05 10:38:03] DEBUG: node_cache hit=1 queue_size=5
[2025-06-05 10:38:04] DEBUG: node_cache hit=1 queue_size=5
[2025-06-05 10:38:05] Processing frame 2285/5000... 1.59s
[2025-06-05 10:38:06] WARNING: VRAM usage at 92%
[2025-06-05 10:38:07] DEBUG: node_cache hit=0 queue_size=0
[2025-06-05 10:38:08] DEBUG: node_cache hit=1 queue_size=4
[2025-06-05 10:38:09] DEBUG: node_cache hit=1 queue_size=11
[2025-06-05 10:38:10] ERROR: ConnectionRefusedError: localhost:8188
  File src/pipeline.py, line 105, in process_frame
  File src/pipeline.py, line 288, in process_frame
  File src/pipeline.py, line 283, in process_frame
  File src/pipeline.py, line 137, in process_frame
  File src/pipeline.py, line 27, in process_frame
  raise CUDA out of memory
[2025-06-05 10:38:11] Processing frame 2291/5000... 0.83s
[2025-06-05 10:38:12] DEBUG: node_cache hit=1 queue_size=6
[2025-06-05 10:38:13] DEBUG: node_cache hit=0 queue_size=11
[2025-06-05 10:38:14] DEBUG: node_cache hit=1 queue_size=12
[2025-06-05 10:38:15] DEBUG: node_cache hit=1 queue_size=7
[2025-06-05 10:38:16] %%%%%%%% 68%
[2025-06-05 10:38:17] DEBUG: node_cache hit=1 queue_size=5
[2025-06-05 10:38:18] DEBUG: node_cache hit=1 queue_size=1
[2025-06-05 10:38:19] DEBUG: node_cache hit=1 queue_size=5
[2025-06-05 10:38:20] DEBUG: node_cache hit=0 queue_size=8
[2025-06-05 10:38:21] DEBUG: node_cache hit=1 queue_size=6
[2025-06-05 10:38:22] DEBUG: node_cache hit=0 queue_size=7
[2025-06-05 10:38:23] Processing frame 2303/5000... 2.41s
[2025-06-05 10:38:24] WARNING: VRAM usage at 85%
[2025-06-05 10:38:25] DEBUG: node_cache hit=1 queue_size=1
[2025-06-05 10:38:26] WARNING: VRAM usage at 84%
[2025-06-05 10:38:27] %%%%%%%% 64%
[2025-06-05 10:38:28] Processing frame 2308/5000... 1.50s
[2025-06-05 10:38:29] WARNING: VRAM usage at 92%
[2025-06-05 10:38:30] DEBUG: node_cache hit=0 queue_size=11
[2025-06-05 10:38:31] Processing frame 2311/5000... 0.89s
[2025-06-05 10:38:32] DEBUG: node_cache hit=1 queue_size=9
[2025-06-05 10:38:33] DEBUG: node_cache hit=1 queue_size=6
[2025-06-05 10:38:34] ERROR: RuntimeError: expected scalar type Float
  File src/pipeline.py, line 161, in process_frame
  File src/pipeline.py, line 118, in process_frame
  File src/pipeline.py, line 254, in process_frame
  File src/pipeline.py, line 164, in process_frame
  File src/pipeline.py, line 322, in process_frame
  raise RuntimeError: expected scalar type Float
[2025-06-05 10:38:35] DEBUG: node_cache hit=0 queue_size=3
[2025-06-05 10:38:36] DEBUG: node_cache hit=0 queue_size=12
[2025-06-05 10:38:37] WARNING: VRAM usage at 87%
[2025-06-05 10:38:38] DEBUG: node_cache hit=0 queue_size=11
[2025-06-05 10:38:39] DEBUG: node_cache hit=0 queue_size=11
[2025-06-05 10:38:40] DEBUG: node_cache hit=0 queue_size=5
[2025-06-05 10:38:41] Processing frame 2321/5000... 0.74s
[2025-06-05 10:38:42] %%%%%%%% 57%
[2025-06-05 10:38:43] DEBUG: node_cache hit=0 queue_size=10
[2025-06-05 10:38:44] DEBUG: node_cache hit=0 queue_size=3
[2025-06-05 10:38:45] DEBUG: node_cache hit=1 queue_size=9
[2025-06-05 10:38:46] DEBUG: node_cache hit=1 queue_size=1
[2025-06-05 10:38:47] DEBUG: node_cache hit=1 queue_size=0
[2025-06-05 10:38:48] DEBUG: node_cache hit=1 queue_size=12
[2025-06-05 10:38:49] DEBUG: node_cache hit=0 queue_size=0
[2025-06-05 10:38:50] WARNING: VRAM usage at 81%
[2025-06-05 10:38:51] Processing frame 2331/5000... 2.43s
[2025-06-05 10:38:52] DEBUG: node_cache hit=1 queue_size=11
[2025-06-05 10:38:53] Processing frame 2333/5000... 2.74s
[2025-06-05 10:38:54] %%%%%%%% 26%
[2025-06-05 10:38:55] DEBUG: node_cache hit=1 queue_size=3
[2025-06-05 10:38:56] Processing frame 2336/5000... 2.34s
[2025-06-05 10:38:57] WARNING: VRAM usage at 82%
[2025-06-05 10:38:58] DEBUG: node_cache hit=0 queue_size=4
[2025-06-05 10:38:59] DEBUG: node_cache hit=1 queue_size=0
[2025-06-05 10:39:00] DEBUG: node_cache hit=0 queue_size=7
[2025-06-05 10:39:01] Processing frame 2341/5000... 2.73s
[2025-06-05 10:39:02] DEBUG: node_cache hit=0 queue_size=6
[2025-06-05 10:39:03] WARNING: VRAM usage at 90%
[2025-06-05 10:39:04] DEBUG: node_cache hit=1 queue_size=4
[2025-06-05 10:39:05] Processing frame 2345/5000... 2.04s
[2025-06-05 10:39:06] DEBUG: node_cache hit=0 queue_size=3
[2025-06-05 10:39:07] DEBUG: node_cache hit=1 queue_size=8
[2025-06-05 10:39:08] DEBUG: node_cache hit=0 queue_size=3
[2025-06-05 10:39:09] WARNING: VRAM usage at 95%
[2025-06-05 10:39:10] Processing frame 2350/5000... 2.19s
[2025-06-05 10:39:11] DEBUG: node_cache hit=0 queue_size=5
[2025-06-05 10:39:12] ERROR: ConnectionRefusedError: localhost:8188
  File src/pipeline.py, line 92, in process_frame
  File src/pipeline.py, line 442, in process_frame
  File src/pipeline.py, line 220, in process_frame
  File src/pipeline.py, line 183, in process_frame
  File src/pipeline.py, line 264, in process_frame
  raise ValueError: invalid literal
[2025-06-05 10:39:13] Processing frame 2353/5000... 1.93s
[2025-06-05 10:39:14] Processing frame 2354/5000... 2.62s
[2025-06-05 10:39:15] DEBUG: node_cache hit=0 queue_size=7
[2025-06-05 10:39:16] WARNING: VRAM usage at 96%
[2025-06-05 10:39:17] Processing frame 2357/5000... 2.29s
[2025-06-05 10:39:18] Processing frame 2358/5000... 1.59s
[2025-06-05 10:39:19] DEBUG: node_cache hit=1 queue_size=6
[2025-06-05 10:39:20] DEBUG: node_cache hit=1 queue_size=1
[2025-06-05 10:39:21] DEBUG: node_cache hit=1 queue_size=5
[2025-06-05 10:39:22] DEBUG: node_cache hit=1 queue_size=4
[2025-06-05 10:39:23] Processing frame 2363/5000... 1.24s
[2025-06-05 10:39:24] DEBUG: node_cache hit=1 queue_size=7
[2025-06-05 10:39:25] DEBUG: node_cache hit=0 queue_size=7
[2025-06-05 10:39:26] ERROR: RuntimeError: expected scalar type Float
  File src/pipeline.py, line 154, in process_frame
  File src/pipeline.py, line 281, in process_frame
  File src/pipeline.py, line 235, in process_frame
  File src/pipeline.py, line 395, in process_frame
  File src/pipeline.py, line 199, in process_frame
  raise CUDA out of memory
[2025-06-05 10:39:27] DEBUG: node_cache hit=1 queue_size=10
[2025-06-05 10:39:28] DEBUG: node_cache hit=0 queue_size=6
[2025-06-05 10:39:29] %%%%%%%% 87%
[2025-06-05 10:39:30] DEBUG: node_cache hit=1 queue_size=6
[2025-06-05 10:39:31] DEBUG: node_cache hit=1 queue_size=8
[2025-06-05 10:39:32] Processing frame 2372/5000... 1.42s
[2025-06-05 10:39:33] WARNING: VRAM usage at 82%
[2025-06-05 10:39:34] Processing frame 2374/5000... 2.54s
[2025-06-05 10:39:35] DEBUG: node_cache hit=0 queue_size=3
[2025-06-05 10:39:36] Processing frame 2376/5000... 1.05s
[2025-06-05 10:39:37] DEBUG: node_cache hit=1 queue_size=11
[2025-06-05 10:39:38] WARNING: VRAM usage at 84%
[2025-06-05 10:39:39] Processing frame 2379/5000... 0.62s
[2025-06-05 10:39:40] WARNING: VRAM usage at 93%
[2025-06-05 10:39:41] DEBUG: node_cache hit=0 queue_size=6
[2025-06-05 10:39:42] WARNING: VRAM usage at 90%
[2025-06-05 10:39:43] ERROR: ConnectionRefusedError: localhost:8188
  File src/pipeline.py, line 371, in process_frame
  File src/pipeline.py, line 346, in process_frame
  File src/pipeline.py, line 366, in process_frame
  File src/pipeline.py, line 297, in process_frame
  File src/pipeline.py, line 361, in process_frame
  raise ValueError: invalid literal
[2025-06-05 10:39:44] DEBUG: node_cache hit=0 queue_size=7
[2025-06-05 10:39:45] DEBUG: node_cache hit=0 queue_size=11
[2025-06-05 10:39:46] DEBUG: node_cache hit=1 queue_size=0
[2025-06-05 10:39:47] WARNING: VRAM usage at 83%
[2025-06-05 10:39:48] Processing frame 2388/5000... 2.64s
[2025-06-05 10:39:49] DEBUG: node_cache hit=0 queue_size=11
[2025-06-05 10:39:50] DEBUG: node_cache hit=1 queue_size=5
[2025-06-05 10:39:51] DEBUG: node_cache hit=1 queue_size=12
[2025-06-05 10:39:52] DEBUG: node_cache hit=0 queue_size=11
[2025-06-05 10:39:53] Processing frame 2393/5000... 2.70s
[2025-06-05 10:39:54] DEBUG: node_cache hit=1 queue_size=6
[2025-06-05 10:39:55] Processing frame 2395/5000... 2.10s
[2025-06-05 10:39:56] Processing frame 2396/5000... 2.92s
[2025-06-05 10:39:57] DEBUG: node_cache hit=0 queue_size=3
[2025-06-05 10:39:58] DEBUG: node_cache hit=1 queue_size=12
[2025-06-05 10:39:59] WARNING: VRAM usage at 97%
[2025-06-05 10:40:00] WARNING: VRAM usage at 82%
[2025-06-05 10:40:01] WARNING: VRAM usage at 99%
[2025-06-05 10:40:02] WARNING: VRAM usage at 94%
[2025-06-05 10:40:03] DEBUG: node_cache hit=1 queue_size=3
[2025-06-05 10:40:04] DEBUG: node_cache hit=0 queue_size=9
[2025-06-05 10:40:05] Processing frame 2405/5000... 0.85s
[2025-06-05 10:40:06] Processing frame 2406/5000... 2.07s
[2025-06-05 10:40:07] DEBUG: node_cache hit=0 queue_size=12
[2025-06-05 10:40:08] DEBUG: node_cache hit=1 queue_size=12
[2025-06-05 10:40:09] DEBUG: node_cache hit=1 queue_size=7
[2025-06-05 10:40:10] DEBUG: node_cache hit=0 queue_size=3
[2025-06-05 10:40:11] WARNING: VRAM usage at 95%
[2025-06-05 10:40:12] DEBUG: node_cache hit=0 queue_size=7
[2025-06-05 10:40:13] DEBUG: node_cache hit=0 queue_size=8
[2025-06-05 10:40:14] DEBUG: node_cache hit=0 queue_size=1
[2025-06-05 10:40:15] Processing frame 2415/5000... 0.68s
[2025-06-05 10:40:16] DEBUG: node_cache hit=0 queue_size=8
[2025-06-05 10:40:17] DEBUG: node_cache hit=1 queue_size=1
[2025-06-05 10:40:18] DEBUG: node_cache hit=0 queue_size=2
[2025-06-05 10:40:19] %%%%%%%% 52%
[2025-06-05 10:40:20] ERROR: CUDA out of memory
  File src/pipeline.py, line 255, in process_frame
  File src/pipeline.py, line 11, in process_frame
  File src/pipeline.py, line 297, in process_frame
  File src/pipeline.py, line 316, in process_frame
  File src/pipeline.py, line 360, in process_frame
  raise ConnectionRefusedError: localhost:8188
[2025-06-05 10:40:21] WARNING: VRAM usage at 86%
[2025-06-05 10:40:22] WARNING: VRAM usage at 99%
[2025-06-05 10:40:23] DEBUG: node_cache hit=1 queue_size=8
[2025-06-05 10:40:24] Processing frame 2424/5000... 1.18s
[2025-06-05 10:40:25] DEBUG: node_cache hit=0 queue_size=1
[2025-06-05 10:40:26] WARNING: VRAM usage at 89%
[2025-06-05 10:40:27] DEBUG: node_cache hit=0 queue_size=7
[2025-06-05 10:40:28] DEBUG: node_cache hit=0 queue_size=12
[2025-06-05 10:40:29] DEBUG: node_cache hit=1 queue_size=9
[2025-06-05 10:40:30] DEBUG: node_cache hit=1 queue_size=11
[2025-06-05 10:40:31] DEBUG: node_cache hit=0 queue_size=5
[2025-06-05 10:40:32] DEBUG: node_cache hit=1 queue_size=9
[2025-06-05 10:40:33] Processing frame 2433/5000... 3.00s
[2025-06-05 10:40:34] DEBUG: node_cache hit=0 queue_size=2
[2025-06-05 10:40:35] Processing frame 2435/5000... 1.22s
[2025-06-05 10:40:36] DEBUG: node_cache hit=1 queue_size=3
[2025-06-05 10:40:37] WARNING: VRAM usage at 97%
[2025-06-05 10:40:38] Processing frame 2438/5000... 0.80s
[2025-06-05 10:40:39] DEBUG: node_cache hit=1 queue_size=10
[2025-06-05 10:40:40] DEBUG: node_cache hit=0 queue_size=2
[2025-06-05 10:40:41] DEBUG: node_cache hit=1 queue_size=11
[2025-06-05 10:40:42] DEBUG: node_cache hit=0 queue_size=12
[2025-06-05 10:40:43] DEBUG: node_cache hit=1 queue_size=0
[2025-06-05 10:40:44] WARNING: VRAM usage at 98%
[2025-06-05 10:40:45] Processing frame 2445/5000... 2.53s
[2025-06-05 10:40:46] WARNING: VRAM usage at 93%
[2025-06-05 10:40:47] WARNING: VRAM usage at 94%
[2025-06-05 10:40:48] DEBUG: node_cache hit=1 queue_size=0
[2025-06-05 10:40:49] Processing frame 2449/5000... 2.05s
[2025-06-05 10:40:50] DEBUG: node_cache hit=0 queue_size=1
[2025-06-05 10:40:51] DEBUG: node_cache hit=1 queue_size=9
[2025-06-05 10:40:52] DEBUG: node_cache hit=0 queue_size=5
[2025-06-05 10:40:53] Processing frame 2453/5000... 2.33s
[2025-06-05 10:40:54] DEBUG: node_cache hit=0 queue_size=8
[2025-06-05 10:40:55] DEBUG: node_cache hit=1 queue_size=5
[2025-06-05 10:40:56] DEBUG: node_cache hit=0 queue_size=11
[2025-06-05 10:40:57] DEBUG: node_cache hit=1 queue_size=0
[2025-06-05 10:40:58] DEBUG: node_cache hit=0 queue_size=3
[2025-06-05 10:40:59] DEBUG: node_cache hit=1 queue_size=3
[2025-06-05 10:41:00] %%%%%%%% 93%
[2025-06-05 10:41:01] DEBUG: node_cache hit=0 queue_size=3
[2025-06-05 10:41:02] DEBUG: node_cache hit=0 queue_size=9
[2025-06-05 10:41:03] Processing frame 2463/5000... 2.78s
[2025-06-05 10:41:04] DEBUG: node_cache hit=0 queue_size=3
[2025-06-05 10:41:05] DEBUG: node_cache hit=0 queue_size=2
[2025-06-05 10:41:06] Processing frame 2466/5000... 0.90s
[2025-06-05 10:41:07] DEBUG: node_cache hit=1 queue_size=8
[2025-06-05 10:41:08] WARNING: VRAM usage at 90%
[2025-06-05 10:41:09] DEBUG: node_cache hit=1 queue_size=10
[2025-06-05 10:41:10] Processing frame 2470/5000... 0.56s
[2025-06-05 10:41:11] DEBUG: node_cache hit=1 queue_size=11
[2025-06-05 10:41:12] Processing frame 2472/5000... 1.03s
[2025-06-05 10:41:13] Processing frame 2473/5000... 0.97s
[2025-06-05 10:41:14] Processing frame 2474/5000... 0.82s
[2025-06-05 10:41:15] DEBUG: node_cache hit=0 queue_size=0
[2025-06-05 10:41:16] DEBUG: node_cache hit=0 queue_size=0
[2025-06-05 10:41:17] DEBUG: node_cache hit=0 queue_size=0
[2025-06-05 10:41:18] DEBUG: node_cache hit=1 queue_size=2
[2025-06-05 10:41:19] Processing frame 2479/5000... 0.92s
[2025-06-05 10:41:20] DEBUG: node_cache hit=0 queue_size=2
[2025-06-05 10:41:21] DEBUG: node_cache hit=1 queue_size=4
[2025-06-05 10:41:22] Processing frame 2482/5000... 1.43s
[2025-06-05 10:41:23] DEBUG: node_cache hit=0 queue_size=7
[2025-06-05 10:41:24] ERROR: CUDA out of memory
  File src/pipeline.py, line 72, in process_frame
  File src/pipeline.py, line 279, in process_frame
  File src/pipeline.py, line 439, in process_frame
  File src/pipeline.py, line 438, in process_frame
  File src/pipeline.py, line 486, in process_frame
  raise CUDA out of memory
[2025-06-05 10:41:25] %%%%%%%% 80%
[2025-06-05 10:41:26] %%%%%%%% 56%
[2025-06-05 10:41:27] Processing frame 2487/5000... 0.54s
[2025-06-05 10:41:28] Processing frame 2488/5000... 1.79s
[2025-06-05 10:41:29] DEBUG: node_cache hit=0 queue_size=4
[2025-06-05 10:41:30] WARNING: VRAM usage at 85%
[2025-06-05 10:41:31] Processing frame 2491/5000... 0.80s
[2025-06-05 10:41:32] DEBUG: node_cache hit=0 queue_size=8
[2025-06-05 10:41:33] DEBUG: node_cache hit=1 queue_size=9
[2025-06-05 10:41:34] DEBUG: node_cache hit=0 queue_size=5
[2025-06-05 10:41:35] DEBUG: node_cache hit=1 queue_size=9
[2025-06-05 10:41:36] DEBUG: node_cache hit=1 queue_size=1
[2025-06-05 10:41:37] Processing frame 2497/5000... 0.74s
[2025-06-05 10:41:38] DEBUG: node_cache hit=0 queue_size=12
[2025-06-05 10:41:39] DEBUG: node_cache hit=0 queue_size=12
[2025-06-05 10:41:40] DEBUG: node_cache hit=1 queue_size=8
[2025-06-05 10:41:41] Processing frame 2501/5000... 2.04s
[2025-06-05 10:41:42] DEBUG: node_cache hit=0 queue_size=0
[2025-06-05 10:41:43] DEBUG: node_cache hit=0 queue_size=12
[2025-06-05 10:41:44] Processing frame 2504/5000... 1.78s
[2025-06-05 10:41:45] Processing frame 2505/5000... 1.44s
[2025-06-05 10:41:46] DEBUG: node_cache hit=1 queue_size=8
[2025-06-05 10:41:47] DEBUG: node_cache hit=0 queue_size=6
[2025-06-05 10:41:48] DEBUG: node_cache hit=0 queue_size=10
[2025-06-05 10:41:49] DEBUG: node_cache hit=0 queue_size=8
[2025-06-05 10:41:50] DEBUG: node_cache hit=1 queue_size=11
[2025-06-05 10:41:51] DEBUG: node_cache hit=0 queue_size=1
[2025-06-05 10:41:52] DEBUG: node_cache hit=1 queue_size=5
[2025-06-05 10:41:53] WARNING: VRAM usage at 98%
[2025-06-05 10:41:54] DEBUG: node_cache hit=1 queue_size=1
[2025-06-05 10:41:55] DEBUG: node_cache hit=0 queue_size=0
[2025-06-05 10:41:56] DEBUG: node_cache hit=1 queue_size=6
[2025-06-05 10:41:57] WARNING: VRAM usage at 80%
[2025-06-05 10:41:58] DEBUG: node_cache hit=1 queue_size=8
[2025-06-05 10:41:59] Processing frame 2519/5000... 0.71s
[2025-06-05 10:42:00] DEBUG: node_cache hit=1 queue_size=0
[2025-06-05 10:42:01] DEBUG: node_cache hit=1 queue_size=0
[2025-06-05 10:42:02] Processing frame 2522/5000... 2.17s
[2025-06-05 10:42:03] DEBUG: node_cache hit=1 queue_size=11
[2025-06-05 10:42:04] Processing frame 2524/5000... 0.61s
[2025-06-05 10:42:05] DEBUG: node_cache hit=0 queue_size=0
[2025-06-05 10:42:06] DEBUG: node_cache hit=1 queue_size=8
[2025-06-05 10:42:07] DEBUG: node_cache hit=1 queue_size=2
[2025-06-05 10:42:08] Processing frame 2528/5000... 1.59s
[2025-06-05 10:42:09] Processing frame 2529/5000... 2.18s
[2025-06-05 10:42:10] Processing frame 2530/5000... 2.71s
[2025-06-05 10:42:11] DEBUG: node_cache hit=0 queue_size=0
[2025-06-05 10:42:12] DEBUG: node_cache hit=1 queue_size=9
[2025-06-05 10:42:13] DEBUG: node_cache hit=0 queue_size=11
[2025-06-05 10:42:14] WARNING: VRAM usage at 81%
[2025-06-05 10:42:15] WARNING: VRAM usage at 88%
[2025-06-05 10:42:16] DEBUG: node_cache hit=1 queue_size=0
[2025-06-05 10:42:17] DEBUG: node_cache hit=0 queue_size=10
[2025-06-05 10:42:18] WARNING: VRAM usage at 85%
[2025-06-05 10:42:19] %%%%%%%% 65%
[2025-06-05 10:42:20] Processing frame 2540/5000... 2.75s
[2025-06-05 10:42:21] Processing frame 2541/5000... 1.40s
[2025-06-05 10:42:22] DEBUG: node_cache hit=1 queue_size=4
[2025-06-05 10:42:23] WARNING: VRAM usage at 98%
[2025-06-05 10:42:24] DEBUG: node_cache hit=1 queue_size=8
[2025-06-05 10:42:25] DEBUG: node_cache hit=1 queue_size=12
[2025-06-05 10:42:26] DEBUG: node_cache hit=0 queue_size=7
[2025-06-05 10:42:27] DEBUG: node_cache hit=0 queue_size=12
[2025-06-05 10:42:28] DEBUG: node_cache hit=1 queue_size=10
[2025-06-05 10:42:29] DEBUG: node_cache hit=1 queue_size=10
[2025-06-05 10:42:30] DEBUG: node_cache hit=1 queue_size=8
[2025-06-05 10:42:31] DEBUG: node_cache hit=1 queue_size=0
[2025-06-05 10:42:32] DEBUG: node_cache hit=1 queue_size=8
[2025-06-05 10:42:33] Processing frame 2553/5000... 1.95s
[2025-06-05 10:42:34] DEBUG: node_cache hit=1 queue_size=4
[2025-06-05 10:42:35] WARNING: VRAM usage at 81%
[2025-06-05 10:42:36] %%%%%%%% 36%
[2025-06-05 10:42:37] DEBUG: node_cache hit=0 queue_size=5
[2025-06-05 10:42:38] WARNING: VRAM usage at 90%
[2025-06-05 10:42:39] DEBUG: node_cache hit=1 queue_size=5
[2025-06-05 10:42:40] DEBUG: node_cache hit=1 queue_size=5
[2025-06-05 10:42:41] DEBUG: node_cache hit=1 queue_size=1
[2025-06-05 10:42:42] DEBUG: node_cache hit=0 queue_size=1
[2025-06-05 10:42:43] DEBUG: node_cache hit=1 queue_size=1
[2025-06-05 10:42:44] Processing frame 2564/5000... 2.23s
[2025-06-05 10:42:45] DEBUG: node_cache hit=1 queue_size=5
[2025-06-05 10:42:46] DEBUG: node_cache hit=1 queue_size=7
[2025-06-05 10:42:47] DEBUG: node_cache hit=0 queue_size=7
[2025-06-05 10:42:48] WARNING: VRAM usage at 87%
[2025-06-05 10:42:49] DEBUG: node_cache hit=1 queue_size=3
[2025-06-05 10:42:50] DEBUG: node_cache hit=1 queue_size=3
[2025-06-05 10:42:51] DEBUG: node_cache hit=1 queue_size=2
[2025-06-05 10:42:52] %%%%%%%% 31%
[2025-06-05 10:42:53] DEBUG: node_cache hit=0 queue_size=1
[2025-06-05 10:42:54] DEBUG: node_cache hit=1 queue_size=1
[2025-06-05 10:42:55] DEBUG: node_cache hit=1 queue_size=11
[2025-06-05 10:42:56] WARNING: VRAM usage at 92%
[2025-06-05 10:42:57] DEBUG: node_cache hit=0 queue_size=0
[2025-06-05 10:42:58] WARNING: VRAM usage at 97%
[2025-06-05 10:42:59] DEBUG: node_cache hit=1 queue_size=5
[2025-06-05 10:43:00] WARNING: VRAM usage at 91%
[2025-06-05 10:43:01] DEBUG: node_cache hit=0 queue_size=9
[2025-06-05 10:43:02] DEBUG: node_cache hit=0 queue_size=5
[2025-06-05 10:43:03] DEBUG: node_cache hit=0 queue_size=6
[2025-06-05 10:43:04] DEBUG: node_cache hit=0 queue_size=3
[2025-06-05 10:43:05] DEBUG: node_cache hit=1 queue_size=11
[2025-06-05 10:43:06] DEBUG: node_cache hit=1 queue_size=5
[2025-06-05 10:43:07] DEBUG: node_cache hit=1 queue_size=0
[2025-06-05 10:43:08] DEBUG: node_cache hit=1 queue_size=0
[2025-06-05 10:43:09] DEBUG: node_cache hit=0 queue_size=5
[2025-06-05 10:43:10] DEBUG: node_cache hit=1 queue_size=0
[2025-06-05 10:43:11] ERROR: ValueError: invalid literal
  File src/pipeline.py, line 240, in process_frame
  File src/pipeline.py, line 355, in process_frame
  File src/pipeline.py, line 464, in process_frame
  File src/pipeline.py, line 344, in process_frame
  File src/pipeline.py, line 292, in process_frame
  raise RuntimeError: expected scalar type Float
[2025-06-05 10:43:12] DEBUG: node_cache hit=0 queue_size=4
[2025-06-05 10:43:13] Processing frame 2593/5000... 1.29s
[2025-06-05 10:43:14] DEBUG: node_cache hit=0 queue_size=9
[2025-06-05 10:43:15] DEBUG: node_cache hit=0 queue_size=11
[2025-06-05 10:43:16] Processing frame 2596/5000... 1.55s
[2025-06-05 10:43:17] DEBUG: node_cache hit=0 queue_size=0
[2025-06-05 10:43:18] DEBUG: node_cache hit=1 queue_size=7
[2025-06-05 10:43:19] DEBUG: node_cache hit=1 queue_size=9
[2025-06-05 10:43:20] DEBUG: node_cache hit=0 queue_size=8
[2025-06-05 10:43:21] Processing frame 2601/5000... 1.60s
[2025-06-05 10:43:22] DEBUG: node_cache hit=0 queue_size=3
[2025-06-05 10:43:23] DEBUG: node_cache hit=0 queue_size=1
[2025-06-05 10:43:24] DEBUG: node_cache hit=1 queue_size=0
[2025-06-05 10:43:25] DEBUG: node_cache hit=0 queue_size=3
[2025-06-05 10:43:26] DEBUG: node_cache hit=1 queue_size=4
[2025-06-05 10:43:27] WARNING: VRAM usage at 94%
[2025-06-05 10:43:28] Processing frame 2608/5000... 2.84s
[2025-06-05 10:43:29] DEBUG: node_cache hit=0 queue_size=12
[2025-06-05 10:43:30] Processing frame 2610/5000... 2.37s
[2025-06-05 10:43:31] Processing frame 2611/5000... 1.86s
[2025-06-05 10:43:32] DEBUG: node_cache hit=1 queue_size=5
[2025-06-05 10:43:33] DEBUG: node_cache hit=0 queue_size=2
[2025-06-05 10:43:34] DEBUG: node_cache hit=1 queue_size=10
[2025-06-05 10:43:35] Processing frame 2615/5000... 1.59s
[2025-06-05 10:43:36] DEBUG: node_cache hit=1 queue_size=1
[2025-06-05 10:43:37] DEBUG: node_cache hit=1 queue_size=10
[2025-06-05 10:43:38] ERROR: ConnectionRefusedError: localhost:8188
  File src/pipeline.py, line 26, in process_frame
  File src/pipeline.py, line 83, in process_frame
  File src/pipeline.py, line 338, in process_frame
  File src/pipeline.py, line 121, in process_frame
  File src/pipeline.py, line 147, in process_frame
  raise ValueError: invalid literal
[2025-06-05 10:43:39] DEBUG: node_cache hit=1 queue_size=11
[2025-06-05 10:43:40] DEBUG: node_cache hit=1 queue_size=8
[2025-06-05 10:43:41] WARNING: VRAM usage at 99%
[2025-06-05 10:43:42] DEBUG: node_cache hit=0 queue_size=12
[2025-06-05 10:43:43] DEBUG: node_cache hit=1 queue_size=8
[2025-06-05 10:43:44] DEBUG: node_cache hit=0 queue_size=9
[2025-06-05 10:43:45] WARNING: VRAM usage at 89%
[2025-06-05 10:43:46] WARNING: VRAM usage at 89%
[2025-06-05 10:43:47] Processing frame 2627/5000... 0.89s
[2025-06-05 10:43:48] DEBUG: node_cache hit=0 queue_size=12
[2025-06-05 10:43:49] DEBUG: node_cache hit=1 queue_size=0
[2025-06-05 10:43:50] DEBUG: node_cache hit=0 queue_size=6
[2025-06-05 10:43:51] DEBUG: node_cache hit=0 queue_size=10
[2025-06-05 10:43:52] DEBUG: node_cache hit=1 queue_size=11
[2025-06-05 10:43:53] WARNING: VRAM usage at 87%
[2025-06-05 10:43:54] DEBUG: node_cache hit=1 queue_size=4
[2025-06-05 10:43:55] WARNING: VRAM usage at 95%
[2025-06-05 10:43:56] Processing frame 2636/5000... 0.78s
[2025-06-05 10:43:57] DEBUG: node_cache hit=0 queue_size=7
[2025-06-05 10:43:58] DEBUG: node_cache hit=1 queue_size=10
[2025-06-05 10:43:59] DEBUG: node_cache hit=0 queue_size=6
[2025-06-05 10:44:00] DEBUG: node_cache hit=0 queue_size=12
[2025-06-05 10:44:01] DEBUG: node_cache hit=1 queue_size=10
[2025-06-05 10:44:02] ERROR: ValueError: invalid literal
  File src/pipeline.py, line 303, in process_frame
  File src/pipeline.py, line 286, in process_frame
  File src/pipeline.py, line 194, in process_frame
  File src/pipeline.py, line 449, in process_frame
  File src/pipeline.py, line 137, in process_frame
  raise ConnectionRefusedError: localhost:8188
[2025-06-05 10:44:03] ERROR: ConnectionRefusedError: localhost:8188
  File src/pipeline.py, line 227, in process_frame
  File src/pipeline.py, line 97, in process_frame
  File src/pipeline.py, line 427, in process_frame
  File src/pipeline.py, line 77, in process_frame
  File src/pipeline.py, line 151, in process_frame
  raise FileNotFoundError: model.safetensors
[2025-06-05 10:44:04] WARNING: VRAM usage at 84%
[2025-06-05 10:44:05] DEBUG: node_cache hit=1 queue_size=7
[2025-06-05 10:44:06] DEBUG: node_cache hit=1 queue_size=10
[2025-06-05 10:44:07] Processing frame 2647/5000... 2.29s
[2025-06-05 10:44:08] DEBUG: node_cache hit=1 queue_size=1
[2025-06-05 10:44:09] %%%%%%%% 48%
[2025-06-05 10:44:10] ERROR: ValueError: invalid literal
  File src/pipeline.py, line 337, in process_frame
  File src/pipeline.py, line 183, in process_frame
  File src/pipeline.py, line 282, in process_frame
  File src/pipeline.py, line 90, in process_frame
  File src/pipeline.py, line 298, in process_frame
  raise RuntimeError: expected scalar type Float
[2025-06-05 10:44:11] DEBUG: node_cache hit=0 queue_size=10
[2025-06-05 10:44:12] DEBUG: node_cache hit=1 queue_size=9
[2025-06-05 10:44:13] DEBUG: node_cache hit=1 queue_size=8
[2025-06-05 10:44:14] Processing frame 2654/5000... 1.13s
[2025-06-05 10:44:15] DEBUG: node_cache hit=1 queue_size=2
[2025-06-05 10:44:16] DEBUG: node_cache hit=1 queue_size=1
[2025-06-05 10:44:17] DEBUG: node_cache hit=0 queue_size=8
[2025-06-05 10:44:18] Processing frame 2658/5000... 2.03s
[2025-06-05 10:44:19] DEBUG: node_cache hit=1 queue_size=7
[2025-06-05 10:44:20] DEBUG: node_cache hit=1 queue_size=5
[2025-06-05 10:44:21] DEBUG: node_cache hit=1 queue_size=4
[2025-06-05 10:44:22] DEBUG: node_cache hit=0 queue_size=6
[2025-06-05 10:44:23] DEBUG: node_cache hit=1 queue_size=7
[2025-06-05 10:44:24] DEBUG: node_cache hit=1 queue_size=4
[2025-06-05 10:44:25] DEBUG: node_cache hit=1 queue_size=10
[2025-06-05 10:44:26] DEBUG: node_cache hit=1 queue_size=7
[2025-06-05 10:44:27] DEBUG: node_cache hit=0 queue_size=6
[2025-06-05 10:44:28] DEBUG: node_cache hit=0 queue_size=1
[2025-06-05 10:44:29] DEBUG: node_cache hit=0 queue_size=6
[2025-06-05 10:44:30] DEBUG: node_cache hit=0 queue_size=10
[2025-06-05 10:44:31] DEBUG: node_cache hit=1 queue_size=2
[2025-06-05 10:44:32] DEBUG: node_cache hit=1 queue_size=6
[2025-06-05 10:44:33] DEBUG: node_cache hit=0 queue_size=7
[2025-06-05 10:44:34] DEBUG: node_cache hit=0 queue_size=12
[2025-06-05 10:44:35] DEBUG: node_cache hit=1 queue_size=4
[2025-06-05 10:44:36] DEBUG: node_cache hit=1 queue_size=4
[2025-06-05 10:44:37] DEBUG: node_cache hit=1 queue_size=9
[2025-06-05 10:44:38] DEBUG: node_cache hit=1 queue_size=8
[2025-06-05 10:44:39] WARNING: VRAM usage at 98%
[2025-06-05 10:44:40] DEBUG: node_cache hit=1 queue_size=12
[2025-06-05 10:44:41] WARNING: VRAM usage at 87%
[2025-06-05 10:44:42] DEBUG: node_cache hit=1 queue_size=0
[2025-06-05 10:44:43] DEBUG: node_cache hit=1 queue_size=2
[2025-06-05 10:44:44] DEBUG: node_cache hit=1 queue_size=0
[2025-06-05 10:44:45] Processing frame 2685/5000... 1.60s
[2025-06-05 10:44:46] DEBUG: node_cache hit=0 queue_size=9
[2025-06-05 10:44:47] WARNING: VRAM usage at 93%
[2025-06-05 10:44:48] %%%%%%%% 32%
[2025-06-05 10:44:49] DEBUG: node_cache hit=1 queue_size=11
[2025-06-05 10:44:50] %%%%%%%% 40%
[2025-06-05 10:44:51] Processing frame 2691/5000... 1.43s
[2025-06-05 10:44:52] Processing frame 2692/5000... 0.94s
[2025-06-05 10:44:53] DEBUG: node_cache hit=0 queue_size=8
[2025-06-05 10:44:54] WARNING: VRAM usage at 89%
[2025-06-05 10:44:55] WARNING: VRAM usage at 99%
[2025-06-05 10:44:56] DEBUG: node_cache hit=1 queue_size=7
[2025-06-05 10:44:57] DEBUG: node_cache hit=0 queue_size=3
[2025-06-05 10:44:58] Processing frame 2698/5000... 2.85s
[2025-06-05 10:44:59] DEBUG: node_cache hit=1 queue_size=5
[2025-06-05 10:45:00] DEBUG: node_cache hit=0 queue_size=11
[2025-06-05 10:45:01] DEBUG: node_cache hit=0 queue_size=1
[2025-06-05 10:45:02] DEBUG: node_cache hit=1 queue_size=11
[2025-06-05 10:45:03] DEBUG: node_cache hit=1 queue_size=5
[2025-06-05 10:45:04] DEBUG: node_cache hit=1 queue_size=2
[2025-06-05 10:45:05] WARNING: VRAM usage at 90%
[2025-06-05 10:45:06] DEBUG: node_cache hit=1 queue_size=4
[2025-06-05 10:45:07] DEBUG: node_cache hit=1 queue_size=11
[2025-06-05 10:45:08] DEBUG: node_cache hit=1 queue_size=9
[2025-06-05 10:45:09] DEBUG: node_cache hit=1 queue_size=3
[2025-06-05 10:45:10] DEBUG: node_cache hit=1 queue_size=9
[2025-06-05 10:45:11] DEBUG: node_cache hit=0 queue_size=0
[2025-06-05 10:45:12] DEBUG: node_cache hit=1 queue_size=3
[2025-06-05 10:45:13] DEBUG: node_cache hit=1 queue_size=9
[2025-06-05 10:45:14] DEBUG: node_cache hit=1 queue_size=11
[2025-06-05 10:45:15] DEBUG: node_cache hit=1 queue_size=9
[2025-06-05 10:45:16] DEBUG: node_cache hit=0 queue_size=7
[2025-06-05 10:45:17] WARNING: VRAM usage at 91%
[2025-06-05 10:45:18] DEBUG: node_cache hit=1 queue_size=5
[2025-06-05 10:45:19] DEBUG: node_cache hit=1 queue_size=10
[2025-06-05 10:45:20] DEBUG: node_cache hit=0 queue_size=7
[2025-06-05 10:45:21] DEBUG: node_cache hit=0 queue_size=8
[2025-06-05 10:45:22] DEBUG: node_cache hit=1 queue_size=5
[2025-06-05 10:45:23] Processing frame 2723/5000... 0.63s
[2025-06-05 10:45:24] %%%%%%%% 20%
[2025-06-05 10:45:25] WARNING: VRAM usage at 98%
[2025-06-05 10:45:26] DEBUG: node_cache hit=0 queue_size=3
[2025-06-05 10:45:27] DEBUG: node_cache hit=0 queue_size=3
[2025-06-05 10:45:28] DEBUG: node_cache hit=1 queue_size=3
[2025-06-05 10:45:29] DEBUG: node_cache hit=0 queue_size=3
[2025-06-05 10:45:30] DEBUG: node_cache hit=1 queue_size=2
[2025-06-05 10:45:31] Processing frame 2731/5000... 0.84s
[2025-06-05 10:45:32] Processing frame 2732/5000... 2.78s
[2025-06-05 10:45:33] DEBUG: node_cache hit=0 queue_size=11
[2025-06-05 10:45:34] %%%%%%%% 93%
[2025-06-05 10:45:35] DEBUG: node_cache hit=1 queue_size=2
[2025-06-05 10:45:36] DEBUG: node_cache hit=1 queue_size=10
[2025-06-05 10:45:37] DEBUG: node_cache hit=1 queue_size=5
[2025-06-05 10:45:38] DEBUG: node_cache hit=1 queue_size=8
[2025-06-05 10:45:39] DEBUG: node_cache hit=0 queue_size=6
[2025-06-05 10:45:40] Processing frame 2740/5000... 1.76s
[2025-06-05 10:45:41] WARNING: VRAM usage at 98%
[2025-06-05 10:45:42] Processing frame 2742/5000... 0.66s
[2025-06-05 10:45:43] Processing frame 2743/5000... 2.01s
[2025-06-05 10:45:44] DEBUG: node_cache hit=1 queue_size=3
[2025-06-05 10:45:45] DEBUG: node_cache hit=1 queue_size=10
[2025-06-05 10:45:46] DEBUG: node_cache hit=1 queue_size=11
[2025-06-05 10:45:47] DEBUG: node_cache hit=0 queue_size=8
[2025-06-05 10:45:48] %%%%%%%% 46%
[2025-06-05 10:45:49] DEBUG: node_cache hit=1 queue_size=12
[2025-06-05 10:45:50] DEBUG: node_cache hit=0 queue_size=10
[2025-06-05 10:45:51] DEBUG: node_cache hit=0 queue_size=10
[2025-06-05 10:45:52] DEBUG: node_cache hit=1 queue_size=12
[2025-06-05 10:45:53] DEBUG: node_cache hit=1 queue_size=8
[2025-06-05 10:45:54] DEBUG: node_cache hit=0 queue_size=11
[2025-06-05 10:45:55] DEBUG: node_cache hit=1 queue_size=7
[2025-06-05 10:45:56] DEBUG: node_cache hit=0 queue_size=11
[2025-06-05 10:45:57] DEBUG: node_cache hit=0 queue_size=8
[2025-06-05 10:45:58] DEBUG: node_cache hit=1 queue_size=10
[2025-06-05 10:45:59] DEBUG: node_cache hit=0 queue_size=10
[2025-06-05 10:46:00] DEBUG: node_cache hit=1 queue_size=2
[2025-06-05 10:46:01] DEBUG: node_cache hit=0 queue_size=0
[2025-06-05 10:46:02] DEBUG: node_cache hit=0 queue_size=0
[2025-06-05 10:46:03] DEBUG: node_cache hit=0 queue_size=0
[2025-06-05 10:46:04] Processing frame 2764/5000... 2.84s
[2025-06-05 10:46:05] DEBUG: node_cache hit=0 queue_size=1
[2025-06-05 10:46:06] DEBUG: node_cache hit=1 queue_size=7
[2025-06-05 10:46:07] Processing frame 2767/5000... 1.10s
[2025-06-05 10:46:08] Processing frame 2768/5000... 1.21s
[2025-06-05 10:46:09] WARNING: VRAM usage at 80%
[2025-06-05 10:46:10] Processing frame 2770/5000... 1.41s
[2025-06-05 10:46:11] Processing frame 2771/5000... 0.95s
[2025-06-05 10:46:12] DEBUG: node_cache hit=0 queue_size=4
[2025-06-05 10:46:13] DEBUG: node_cache hit=1 queue_size=7
[2025-06-05 10:46:14] Processing frame 2774/5000... 1.80s
[2025-06-05 10:46:15] WARNING: VRAM usage at 97%
[2025-06-05 10:46:16] DEBUG: node_cache hit=0 queue_size=2
[2025-06-05 10:46:17] DEBUG: node_cache hit=0 queue_size=4
[2025-06-05 10:46:18] DEBUG: node_cache hit=1 queue_size=9
[2025-06-05 10:46:19] WARNING: VRAM usage at 95%
[2025-06-05 10:46:20] Processing frame 2780/5000... 2.62s
[2025-06-05 10:46:21] WARNING: VRAM usage at 97%
[2025-06-05 10:46:22] Processing frame 2782/5000... 2.21s
[2025-06-05 10:46:23] DEBUG: node_cache hit=1 queue_size=4
[2025-06-05 10:46:24] Processing frame 2784/5000... 1.63s
[2025-06-05 10:46:25] DEBUG: node_cache hit=0 queue_size=7
[2025-06-05 10:46:26] DEBUG: node_cache hit=0 queue_size=1
[2025-06-05 10:46:27] DEBUG: node_cache hit=1 queue_size=2
[2025-06-05 10:46:28] DEBUG: node_cache hit=0 queue_size=7
[2025-06-05 10:46:29] WARNING: VRAM usage at 86%
[2025-06-05 10:46:30] Processing frame 2790/5000... 2.87s
[2025-06-05 10:46:31] DEBUG: node_cache hit=1 queue_size=4
[2025-06-05 10:46:32] Processing frame 2792/5000... 2.26s
[2025-06-05 10:46:33] DEBUG: node_cache hit=0 queue_size=4
[2025-06-05 10:46:34] DEBUG: node_cache hit=1 queue_size=12
[2025-06-05 10:46:35] DEBUG: node_cache hit=1 queue_size=10
[2025-06-05 10:46:36] Processing frame 2796/5000... 0.94s
[2025-06-05 10:46:37] %%%%%%%% 38%
[2025-06-05 10:46:38] DEBUG: node_cache hit=0 queue_size=11
[2025-06-05 10:46:39] Processing frame 2799/5000... 1.87s
[2025-06-05 10:46:40] %%%%%%%% 94%
[2025-06-05 10:46:41] Processing frame 2801/5000... 0.67s
[2025-06-05 10:46:42] Processing frame 2802/5000... 0.98s
[2025-06-05 10:46:43] Processing frame 2803/5000... 1.09s
[2025-06-05 10:46:44] DEBUG: node_cache hit=0 queue_size=9
[2025-06-05 10:46:45] DEBUG: node_cache hit=0 queue_size=0
[2025-06-05 10:46:46] DEBUG: node_cache hit=0 queue_size=0
[2025-06-05 10:46:47] WARNING: VRAM usage at 89%
[2025-06-05 10:46:48] DEBUG: node_cache hit=0 queue_size=5
[2025-06-05 10:46:49] WARNING: VRAM usage at 95%
[2025-06-05 10:46:50] Processing frame 2810/5000... 1.60s
[2025-06-05 10:46:51] DEBUG: node_cache hit=0 queue_size=12
[2025-06-05 10:46:52] DEBUG: node_cache hit=0 queue_size=0
[2025-06-05 10:46:53] ERROR: ValueError: invalid literal
  File src/pipeline.py, line 327, in process_frame
  File src/pipeline.py, line 123, in process_frame
  File src/pipeline.py, line 385, in process_frame
  File src/pipeline.py, line 174, in process_frame
  File src/pipeline.py, line 371, in process_frame
  raise ValueError: invalid literal
[2025-06-05 10:46:54] DEBUG: node_cache hit=1 queue_size=3
[2025-06-05 10:46:55] DEBUG: node_cache hit=1 queue_size=2
[2025-06-05 10:46:56] DEBUG: node_cache hit=0 queue_size=6
[2025-06-05 10:46:57] DEBUG: node_cache hit=0 queue_size=6
[2025-06-05 10:46:58] DEBUG: node_cache hit=1 queue_size=0
[2025-06-05 10:46:59] Processing frame 2819/5000... 2.89s
[2025-06-05 10:47:00] DEBUG: node_cache hit=0 queue_size=0
[2025-06-05 10:47:01] DEBUG: node_cache hit=1 queue_size=12
[2025-06-05 10:47:02] Processing frame 2822/5000... 1.34s
[2025-06-05 10:47:03] DEBUG: node_cache hit=0 queue_size=5
[2025-06-05 10:47:04] DEBUG: node_cache hit=0 queue_size=6
[2025-06-05 10:47:05] DEBUG: node_cache hit=0 queue_size=9
[2025-06-05 10:47:06] DEBUG: node_cache hit=1 queue_size=2
[2025-06-05 10:47:07] Processing frame 2827/5000... 2.52s
[2025-06-05 10:47:08] Processing frame 2828/5000... 1.14s
[2025-06-05 10:47:09] DEBUG: node_cache hit=1 queue_size=5
[2025-06-05 10:47:10] DEBUG: node_cache hit=0 queue_size=11
[2025-06-05 10:47:11] DEBUG: node_cache hit=1 queue_size=9
[2025-06-05 10:47:12] WARNING: VRAM usage at 85%
[2025-06-05 10:47:13] DEBUG: node_cache hit=1 queue_size=7
[2025-06-05 10:47:14] DEBUG: node_cache hit=1 queue_size=9
[2025-06-05 10:47:15] Processing frame 2835/5000... 1.15s
[2025-06-05 10:47:16] DEBUG: node_cache hit=0 queue_size=3
[2025-06-05 10:47:17] DEBUG: node_cache hit=0 queue_size=8
[2025-06-05 10:47:18] DEBUG: node_cache hit=1 queue_size=2
[2025-06-05 10:47:19] WARNING: VRAM usage at 85%
[2025-06-05 10:47:20] DEBUG: node_cache hit=1 queue_size=12
[2025-06-05 10:47:21] Processing frame 2841/5000... 0.62s
[2025-06-05 10:47:22] DEBUG: node_cache hit=1 queue_size=1
[2025-06-05 10:47:23] DEBUG: node_cache hit=1 queue_size=10
[2025-06-05 10:47:24] Processing frame 2844/5000... 1.79s
[2025-06-05 10:47:25] DEBUG: node_cache hit=1 queue_size=1
[2025-06-05 10:47:26] DEBUG: node_cache hit=0 queue_size=7
[2025-06-05 10:47:27] DEBUG: node_cache hit=1 queue_size=3
[2025-06-05 10:47:28] DEBUG: node_cache hit=1 queue_size=3
[2025-06-05 10:47:29] ERROR: CUDA out of memory
  File src/pipeline.py, line 41, in process_frame
  File src/pipeline.py, line 385, in process_frame
  File src/pipeline.py, line 212, in process_frame
  File src/pipeline.py, line 462, in process_frame
  File src/pipeline.py, line 385, in process_frame
  raise FileNotFoundError: model.safetensors
[2025-06-05 10:47:30] DEBUG: node_cache hit=0 queue_size=4
[2025-06-05 10:47:31] WARNING: VRAM usage at 96%
[2025-06-05 10:47:32] DEBUG: node_cache hit=0 queue_size=6
[2025-06-05 10:47:33] Processing frame 2853/5000... 2.52s
[2025-06-05 10:47:34] DEBUG: node_cache hit=1 queue_size=11
[2025-06-05 10:47:35] ERROR: ConnectionRefusedError: localhost:8188
  File src/pipeline.py, line 381, in process_frame
  File src/pipeline.py, line 128, in process_frame
  File src/pipeline.py, line 263, in process_frame
  File src/pipeline.py, line 454, in process_frame
  File src/pipeline.py, line 404, in process_frame
  raise FileNotFoundError: model.safetensors
[2025-06-05 10:47:36] DEBUG: node_cache hit=1 queue_size=8
[2025-06-05 10:47:37] DEBUG: node_cache hit=0 queue_size=4
[2025-06-05 10:47:38] DEBUG: node_cache hit=0 queue_size=9
[2025-06-05 10:47:39] DEBUG: node_cache hit=0 queue_size=1
[2025-06-05 10:47:40] Processing frame 2860/5000... 1.27s
[2025-06-05 10:47:41] DEBUG: node_cache hit=0 queue_size=1
[2025-06-05 10:47:42] WARNING: VRAM usage at 81%
[2025-06-05 10:47:43] DEBUG: node_cache hit=1 queue_size=8
[2025-06-05 10:47:44] ERROR: FileNotFoundError: model.safetensors
  File src/pipeline.py, line 141, in process_frame
  File src/pipeline.py, line 411, in process_frame
  File src/pipeline.py, line 46, in process_frame
  File src/pipeline.py, line 171, in process_frame
  File src/pipeline.py, line 257, in process_frame
  raise FileNotFoundError: model.safetensors
[2025-06-05 10:47:45] Processing frame 2865/5000... 2.00s
[2025-06-05 10:47:46] %%%%%%%% 78%
[2025-06-05 10:47:47] DEBUG: node_cache hit=1 queue_size=6
[2025-06-05 10:47:48] DEBUG: node_cache hit=0 queue_size=9
[2025-06-05 10:47:49] DEBUG: node_cache hit=0 queue_size=6
[2025-06-05 10:47:50] DEBUG: node_cache hit=1 queue_size=10
[2025-06-05 10:47:51] %%%%%%%% 61%
[2025-06-05 10:47:52] DEBUG: node_cache hit=1 queue_size=9
[2025-06-05 10:47:53] DEBUG: node_cache hit=0 queue_size=6
[2025-06-05 10:47:54] DEBUG: node_cache hit=1 queue_size=7
[2025-06-05 10:47:55] Processing frame 2875/5000... 2.70s
[2025-06-05 10:47:56] Processing frame 2876/5000... 2.18s
[2025-06-05 10:47:57] Processing frame 2877/5000... 2.41s
[2025-06-05 10:47:58] DEBUG: node_cache hit=0 queue_size=5
[2025-06-05 10:47:59] Processing frame 2879/5000... 1.57s
[2025-06-05 10:48:00] DEBUG: node_cache hit=1 queue_size=4
[2025-06-05 10:48:01] DEBUG: node_cache hit=1 queue_size=7
[2025-06-05 10:48:02] %%%%%%%% 58%
[2025-06-05 10:48:03] DEBUG: node_cache hit=1 queue_size=9
[2025-06-05 10:48:04] DEBUG: node_cache hit=1 queue_size=10
[2025-06-05 10:48:05] DEBUG: node_cache hit=1 queue_size=7
[2025-06-05 10:48:06] DEBUG: node_cache hit=1 queue_size=1
[2025-06-05 10:48:07] DEBUG: node_cache hit=1 queue_size=4
[2025-06-05 10:48:08] Processing frame 2888/5000... 1.31s
[2025-06-05 10:48:09] DEBUG: node_cache hit=1 queue_size=5
[2025-06-05 10:48:10] DEBUG: node_cache hit=0 queue_size=11
[2025-06-05 10:48:11] DEBUG: node_cache hit=1 queue_size=7
[2025-06-05 10:48:12] DEBUG: node_cache hit=0 queue_size=2
[2025-06-05 10:48:13] DEBUG: node_cache hit=1 queue_size=0
[2025-06-05 10:48:14] DEBUG: node_cache hit=0 queue_size=12
[2025-06-05 10:48:15] DEBUG: node_cache hit=1 queue_size=10
[2025-06-05 10:48:16] DEBUG: node_cache hit=1 queue_size=1
[2025-06-05 10:48:17] WARNING: VRAM usage at 81%
[2025-06-05 10:48:18] Processing frame 2898/5000... 1.28s
[2025-06-05 10:48:19] Processing frame 2899/5000... 1.88s
[2025-06-05 10:48:20] Processing frame 2900/5000... 1.79s
[2025-06-05 10:48:21] DEBUG: node_cache hit=1 queue_size=9
[2025-06-05 10:48:22] %%%%%%%% 44%
[2025-06-05 10:48:23] ERROR: RuntimeError: expected scalar type Float
  File src/pipeline.py, line 240, in process_frame
  File src/pipeline.py, line 305, in process_frame
  File src/pipeline.py, line 69, in process_frame
  File src/pipeline.py, line 219, in process_frame
  File src/pipeline.py, line 342, in process_frame
  raise FileNotFoundError: model.safetensors
[2025-06-05 10:48:24] DEBUG: node_cache hit=1 queue_size=1
[2025-06-05 10:48:25] Processing frame 2905/5000... 2.18s
[2025-06-05 10:48:26] DEBUG: node_cache hit=1 queue_size=1
[2025-06-05 10:48:27] DEBUG: node_cache hit=0 queue_size=2
[2025-06-05 10:48:28] DEBUG: node_cache hit=1 queue_size=11
[2025-06-05 10:48:29] ERROR: FileNotFoundError: model.safetensors
  File src/pipeline.py, line 474, in process_frame
  File src/pipeline.py, line 381, in process_frame
  File src/pipeline.py, line 217, in process_frame
  File src/pipeline.py, line 143, in process_frame
  File src/pipeline.py, line 381, in process_frame
  raise CUDA out of memory
[2025-06-05 10:48:30] DEBUG: node_cache hit=1 queue_size=12
[2025-06-05 10:48:31] DEBUG: node_cache hit=1 queue_size=9
[2025-06-05 10:48:32] DEBUG: node_cache hit=0 queue_size=10
[2025-06-05 10:48:33] DEBUG: node_cache hit=1 queue_size=2
[2025-06-05 10:48:34] Processing frame 2914/5000... 1.67s
[2025-06-05 10:48:35] %%%%%%%% 76%
[2025-06-05 10:48:36] DEBUG: node_cache hit=1 queue_size=0
[2025-06-05 10:48:37] Processing frame 2917/5000... 2.25s
[2025-06-05 10:48:38] WARNING: VRAM usage at 81%
[2025-06-05 10:48:39] Processing frame 2919/5000... 1.94s
[2025-06-05 10:48:40] DEBUG: node_cache hit=1 queue_size=0
[2025-06-05 10:48:41] DEBUG: node_cache hit=0 queue_size=12
[2025-06-05 10:48:42] DEBUG: node_cache hit=0 queue_size=10
[2025-06-05 10:48:43] Processing frame 2923/5000... 0.60s
[2025-06-05 10:48:44] Processing frame 2924/5000... 2.50s
[2025-06-05 10:48:45] DEBUG: node_cache hit=0 queue_size=5
[2025-06-05 10:48:46] %%%%%%%% 26%
[2025-06-05 10:48:47] Processing frame 2927/5000... 2.00s
[2025-06-05 10:48:48] DEBUG: node_cache hit=1 queue_size=0
[2025-06-05 10:48:49] DEBUG: node_cache hit=0 queue_size=1
[2025-06-05 10:48:50] WARNING: VRAM usage at 89%
[2025-06-05 10:48:51] DEBUG: node_cache hit=1 queue_size=8
[2025-06-05 10:48:52] DEBUG: node_cache hit=0 queue_size=6
[2025-06-05 10:48:53] DEBUG: node_cache hit=1 queue_size=9
[2025-06-05 10:48:54] Processing frame 2934/5000... 2.95s
[2025-06-05 10:48:55] WARNING: VRAM usage at 88%
[2025-06-05 10:48:56] Processing frame 2936/5000... 2.39s
[2025-06-05 10:48:57] DEBUG: node_cache hit=1 queue_size=4
[2025-06-05 10:48:58] DEBUG: node_cache hit=1 queue_size=12
[2025-06-05 10:48:59] DEBUG: node_cache hit=0 queue_size=11
[2025-06-05 10:49:00] DEBUG: node_cache hit=1 queue_size=8
[2025-06-05 10:49:01] DEBUG: node_cache hit=0 queue_size=11
[2025-06-05 10:49:02] DEBUG: node_cache hit=0 queue_size=0
[2025-06-05 10:49:03] DEBUG: node_cache hit=0 queue_size=7
[2025-06-05 10:49:04] Processing frame 2944/5000... 0.96s
[2025-06-05 10:49:05] DEBUG: node_cache hit=1 queue_size=9
[2025-06-05 10:49:06] DEBUG: node_cache hit=0 queue_size=10
[2025-06-05 10:49:07] Processing frame 2947/5000... 2.98s
[2025-06-05 10:49:08] DEBUG: node_cache hit=1 queue_size=1
[2025-06-05 10:49:09] DEBUG: node_cache hit=1 queue_size=3
[2025-06-05 10:49:10] DEBUG: node_cache hit=0 queue_size=7
[2025-06-05 10:49:11] DEBUG: node_cache hit=1 queue_size=7
[2025-06-05 10:49:12] Processing frame 2952/5000... 0.86s
[2025-06-05 10:49:13] DEBUG: node_cache hit=1 queue_size=10
[2025-06-05 10:49:14] DEBUG: node_cache hit=1 queue_size=1
[2025-06-05 10:49:15] DEBUG: node_cache hit=1 queue_size=2
[2025-06-05 10:49:16] DEBUG: node_cache hit=0 queue_size=10
[2025-06-05 10:49:17] DEBUG: node_cache hit=0 queue_size=9
[2025-06-05 10:49:18] DEBUG: node_cache hit=0 queue_size=0
[2025-06-05 10:49:19] Processing frame 2959/5000... 2.97s
[2025-06-05 10:49:20] Processing frame 2960/5000... 2.91s
[2025-06-05 10:49:21] Processing frame 2961/5000... 0.75s
[2025-06-05 10:49:22] DEBUG: node_cache hit=1 queue_size=10
[2025-06-05 10:49:23] DEBUG: node_cache hit=1 queue_size=9
[2025-06-05 10:49:24] DEBUG: node_cache hit=1 queue_size=7
[2025-06-05 10:49:25] DEBUG: node_cache hit=1 queue_size=4
[2025-06-05 10:49:26] Processing frame 2966/5000... 1.94s
[2025-06-05 10:49:27] Processing frame 2967/5000... 2.29s
[2025-06-05 10:49:28] Processing frame 2968/5000... 2.74s
[2025-06-05 10:49:29] DEBUG: node_cache hit=1 queue_size=2
[2025-06-05 10:49:30] DEBUG: node_cache hit=0 queue_size=2
[2025-06-05 10:49:31] DEBUG: node_cache hit=0 queue_size=11
[2025-06-05 10:49:32] DEBUG: node_cache hit=0 queue_size=11
[2025-06-05 10:49:33] DEBUG: node_cache hit=1 queue_size=1
[2025-06-05 10:49:34] DEBUG: node_cache hit=1 queue_size=0
[2025-06-05 10:49:35] Processing frame 2975/5000... 2.53s
[2025-06-05 10:49:36] DEBUG: node_cache hit=0 queue_size=0
[2025-06-05 10:49:37] DEBUG: node_cache hit=1 queue_size=7
[2025-06-05 10:49:38] DEBUG: node_cache hit=0 queue_size=12
[2025-06-05 10:49:39] DEBUG: node_cache hit=0 queue_size=12
[2025-06-05 10:49:40] DEBUG: node_cache hit=1 queue_size=0
[2025-06-05 10:49:41] DEBUG: node_cache hit=0 queue_size=6
[2025-06-05 10:49:42] DEBUG: node_cache hit=1 queue_size=2
[2025-06-05 10:49:43] DEBUG: node_cache hit=0 queue_size=9
[2025-06-05 10:49:44] WARNING: VRAM usage at 95%
[2025-06-05 10:49:45] DEBUG: node_cache hit=1 queue_size=4
[2025-06-05 10:49:46] DEBUG: node_cache hit=1 queue_size=2
[2025-06-05 10:49:47] DEBUG: node_cache hit=1 queue_size=8
[2025-06-05 10:49:48] DEBUG: node_cache hit=0 queue_size=8
[2025-06-05 10:49:49] Processing frame 2989/5000... 2.89s
[2025-06-05 10:49:50] DEBUG: node_cache hit=0 queue_size=12
[2025-06-05 10:49:51] DEBUG: node_cache hit=1 queue_size=0
[2025-06-05 10:49:52] DEBUG: node_cache hit=1 queue_size=4
[2025-06-05 10:49:53] DEBUG: node_cache hit=0 queue_size=6
[2025-06-05 10:49:54] DEBUG: node_cache hit=1 queue_size=5
[2025-06-05 10:49:55] Processing frame 2995/5000... 1.44s
[2025-06-05 10:49:56] Processing frame 2996/5000... 1.80s
[2025-06-05 10:49:57] DEBUG: node_cache hit=0 queue_size=12
[2025-06-05 10:49:58] Processing frame 2998/5000... 2.19s
[2025-06-05 10:49:59] DEBUG: node_cache hit=1 queue_size=4
[2025-06-05 10:50:00] DEBUG: node_cache hit=1 queue_size=12
[2025-06-05 10:50:01] Processing frame 3001/5000... 1.62s
[2025-06-05 10:50:02] DEBUG: node_cache hit=0 queue_size=4
[2025-06-05 10:50:03] DEBUG: node_cache hit=0 queue_size=1
[2025-06-05 10:50:04] DEBUG: node_cache hit=1 queue_size=10
[2025-06-05 10:50:05] DEBUG: node_cache hit=0 queue_size=11
[2025-06-05 10:50:06] WARNING: VRAM usage at 95%
[2025-06-05 10:50:07] DEBUG: node_cache hit=0 queue_size=9
[2025-06-05 10:50:08] Processing frame 3008/5000... 2.84s
[2025-06-05 10:50:09] DEBUG: node_cache hit=0 queue_size=2
[2025-06-05 10:50:10] DEBUG: node_cache hit=1 queue_size=1
[2025-06-05 10:50:11] Processing frame 3011/5000... 1.92s
[2025-06-05 10:50:12] DEBUG: node_cache hit=1 queue_size=0
[2025-06-05 10:50:13] DEBUG: node_cache hit=1 queue_size=11
[2025-06-05 10:50:14] DEBUG: node_cache hit=0 queue_size=7
[2025-06-05 10:50:15] DEBUG: node_cache hit=1 queue_size=8
[2025-06-05 10:50:16] DEBUG: node_cache hit=0 queue_size=4
[2025-06-05 10:50:17] DEBUG: node_cache hit=1 queue_size=0
[2025-06-05 10:50:18] DEBUG: node_cache hit=0 queue_size=3
[2025-06-05 10:50:19] DEBUG: node_cache hit=1 queue_size=8
[2025-06-05 10:50:20] DEBUG: node_cache hit=0 queue_size=3
[2025-06-05 10:50:21] Processing frame 3021/5000... 1.52s
[2025-06-05 10:50:22] WARNING: VRAM usage at 83%
[2025-06-05 10:50:23] DEBUG: node_cache hit=0 queue_size=6
[2025-06-05 10:50:24] Processing frame 3024/5000... 2.93s
[2025-06-05 10:50:25] WARNING: VRAM usage at 80%
[2025-06-05 10:50:26] DEBUG: node_cache hit=1 queue_size=9
[2025-06-05 10:50:27] DEBUG: node_cache hit=1 queue_size=7
[2025-06-05 10:50:28] DEBUG: node_cache hit=1 queue_size=8
[2025-06-05 10:50:29] DEBUG: node_cache hit=1 queue_size=1
[2025-06-05 10:50:30] DEBUG: node_cache hit=1 queue_size=12
[2025-06-05 10:50:31] ERROR: ConnectionRefusedError: localhost:8188
  File src/pipeline.py, line 345, in process_frame
  File src/pipeline.py, line 301, in process_frame
  File src/pipeline.py, line 359, in process_frame
  File src/pipeline.py, line 287, in process_frame
  File src/pipeline.py, line 321, in process_frame
  raise ValueError: invalid literal
[2025-06-05 10:50:32] ERROR: ConnectionRefusedError: localhost:8188
  File src/pipeline.py, line 19, in process_frame
  File src/pipeline.py, line 40, in process_frame
  File src/pipeline.py, line 447, in process_frame
  File src/pipeline.py, line 406, in process_frame
  File src/pipeline.py, line 360, in process_frame
  raise FileNotFoundError: model.safetensors
[2025-06-05 10:50:33] DEBUG: node_cache hit=1 queue_size=4
[2025-06-05 10:50:34] Processing frame 3034/5000... 2.20s
[2025-06-05 10:50:35] WARNING: VRAM usage at 80%
[2025-06-05 10:50:36] DEBUG: node_cache hit=1 queue_size=7
[2025-06-05 10:50:37] DEBUG: node_cache hit=1 queue_size=0
[2025-06-05 10:50:38] Processing frame 3038/5000... 0.93s
[2025-06-05 10:50:39] DEBUG: node_cache hit=1 queue_size=4
[2025-06-05 10:50:40] Processing frame 3040/5000... 3.00s
[2025-06-05 10:50:41] Processing frame 3041/5000... 1.74s
[2025-06-05 10:50:42] DEBUG: node_cache hit=1 queue_size=5
[2025-06-05 10:50:43] DEBUG: node_cache hit=0 queue_size=11
[2025-06-05 10:50:44] DEBUG: node_cache hit=1 queue_size=6
[2025-06-05 10:50:45] WARNING: VRAM usage at 99%
[2025-06-05 10:50:46] DEBUG: node_cache hit=1 queue_size=12
[2025-06-05 10:50:47] DEBUG: node_cache hit=1 queue_size=5
[2025-06-05 10:50:48] Processing frame 3048/5000... 1.96s
[2025-06-05 10:50:49] DEBUG: node_cache hit=1 queue_size=1
[2025-06-05 10:50:50] DEBUG: node_cache hit=1 queue_size=2
[2025-06-05 10:50:51] WARNING: VRAM usage at 96%
[2025-06-05 10:50:52] Processing frame 3052/5000... 2.66s
[2025-06-05 10:50:53] DEBUG: node_cache hit=0 queue_size=10
[2025-06-05 10:50:54] Processing frame 3054/5000... 1.43s
[2025-06-05 10:50:55] DEBUG: node_cache hit=0 queue_size=11
[2025-06-05 10:50:56] WARNING: VRAM usage at 84%
[2025-06-05 10:50:57] DEBUG: node_cache hit=1 queue_size=1
[2025-06-05 10:50:58] DEBUG: node_cache hit=0 queue_size=7
[2025-06-05 10:50:59] DEBUG: node_cache hit=0 queue_size=8
[2025-06-05 10:51:00] DEBUG: node_cache hit=1 queue_size=10
[2025-06-05 10:51:01] DEBUG: node_cache hit=1 queue_size=12
[2025-06-05 10:51:02] DEBUG: node_cache hit=1 queue_size=1
[2025-06-05 10:51:03] DEBUG: node_cache hit=0 queue_size=8
[2025-06-05 10:51:04] Processing frame 3064/5000... 1.01s
[2025-06-05 10:51:05] Processing frame 3065/5000... 1.54s
[2025-06-05 10:51:06] DEBUG: node_cache hit=0 queue_size=4
[2025-06-05 10:51:07] DEBUG: node_cache hit=1 queue_size=1
[2025-06-05 10:51:08] DEBUG: node_cache hit=0 queue_size=0
[2025-06-05 10:51:09] DEBUG: node_cache hit=1 queue_size=7
[2025-06-05 10:51:10] %%%%%%%% 25%
[2025-06-05 10:51:11] DEBUG: node_cache hit=1 queue_size=12
[2025-06-05 10:51:12] DEBUG: node_cache hit=1 queue_size=2
[2025-06-05 10:51:13] DEBUG: node_cache hit=0 queue_size=7
[2025-06-05 10:51:14] Processing frame 3074/5000... 1.34s
[2025-06-05 10:51:15] DEBUG: node_cache hit=1 queue_size=7
[2025-06-05 10:51:16] %%%%%%%% 54%
[2025-06-05 10:51:17] DEBUG: node_cache hit=0 queue_size=1
[2025-06-05 10:51:18] Processing frame 3078/5000... 2.84s
[2025-06-05 10:51:19] DEBUG: node_cache hit=0 queue_size=0
[2025-06-05 10:51:20] DEBUG: node_cache hit=0 queue_size=11
[2025-06-05 10:51:21] DEBUG: node_cache hit=0 queue_size=6
[2025-06-05 10:51:22] DEBUG: node_cache hit=1 queue_size=8
[2025-06-05 10:51:23] WARNING: VRAM usage at 99%
[2025-06-05 10:51:24] Processing frame 3084/5000... 2.93s
[2025-06-05 10:51:25] ERROR: ConnectionRefusedError: localhost:8188
  File src/pipeline.py, line 477, in process_frame
  File src/pipeline.py, line 29, in process_frame
  File src/pipeline.py, line 196, in process_frame
  File src/pipeline.py, line 216, in process_frame
  File src/pipeline.py, line 332, in process_frame
  raise ConnectionRefusedError: localhost:8188
[2025-06-05 10:51:26] DEBUG: node_cache hit=1 queue_size=3
[2025-06-05 10:51:27] Processing frame 3087/5000... 0.84s
[2025-06-05 10:51:28] DEBUG: node_cache hit=1 queue_size=8
[2025-06-05 10:51:29] Processing frame 3089/5000... 2.38s
[2025-06-05 10:51:30] DEBUG: node_cache hit=0 queue_size=9
[2025-06-05 10:51:31] DEBUG: node_cache hit=0 queue_size=5
[2025-06-05 10:51:32] DEBUG: node_cache hit=1 queue_size=3
[2025-06-05 10:51:33] DEBUG: node_cache hit=0 queue_size=6
[2025-06-05 10:51:34] WARNING: VRAM usage at 85%
[2025-06-05 10:51:35] WARNING: VRAM usage at 90%
[2025-06-05 10:51:36] Processing frame 3096/5000... 2.59s
[2025-06-05 10:51:37] %%%%%%%% 36%
[2025-06-05 10:51:38] DEBUG: node_cache hit=0 queue_size=4
[2025-06-05 10:51:39] WARNING: VRAM usage at 94%
[2025-06-05 10:51:40] Processing frame 3100/5000... 1.45s
[2025-06-05 10:51:41] WARNING: VRAM usage at 81%
[2025-06-05 10:51:42] %%%%%%%% 60%
[2025-06-05 10:51:43] DEBUG: node_cache hit=0 queue_size=8
[2025-06-05 10:51:44] DEBUG: node_cache hit=0 queue_size=6
[2025-06-05 10:51:45] Processing frame 3105/5000... 0.87s
[2025-06-05 10:51:46] DEBUG: node_cache hit=0 queue_size=11
[2025-06-05 10:51:47] DEBUG: node_cache hit=1 queue_size=5
[2025-06-05 10:51:48] DEBUG: node_cache hit=1 queue_size=12
[2025-06-05 10:51:49] DEBUG: node_cache hit=0 queue_size=12
[2025-06-05 10:51:50] Processing frame 3110/5000... 1.58s
[2025-06-05 10:51:51] DEBUG: node_cache hit=0 queue_size=9
[2025-06-05 10:51:52] Processing frame 3112/5000... 2.06s
[2025-06-05 10:51:53] DEBUG: node_cache hit=1 queue_size=3
[2025-06-05 10:51:54] %%%%%%%% 58%
[2025-06-05 10:51:55] DEBUG: node_cache hit=1 queue_size=9
[2025-06-05 10:51:56] DEBUG: node_cache hit=1 queue_size=10
[2025-06-05 10:51:57] DEBUG: node_cache hit=0 queue_size=7
[2025-06-05 10:51:58] DEBUG: node_cache hit=0 queue_size=8
[2025-06-05 10:51:59] DEBUG: node_cache hit=0 queue_size=3
[2025-06-05 10:52:00] DEBUG: node_cache hit=1 queue_size=4
[2025-06-05 10:52:01] DEBUG: node_cache hit=0 queue_size=8
[2025-06-05 10:52:02] DEBUG: node_cache hit=0 queue_size=5
[2025-06-05 10:52:03] DEBUG: node_cache hit=1 queue_size=5
[2025-06-05 10:52:04] DEBUG: node_cache hit=0 queue_size=5
[2025-06-05 10:52:05] %%%%%%%% 41%
[2025-06-05 10:52:06] Processing frame 3126/5000... 2.55s
[2025-06-05 10:52:07] DEBUG: node_cache hit=0 queue_size=0
[2025-06-05 10:52:08] Processing frame 3128/5000... 1.84s
[2025-06-05 10:52:09] Processing frame 3129/5000... 1.98s
[2025-06-05 10:52:10] DEBUG: node_cache hit=1 queue_size=8
[2025-06-05 10:52:11] DEBUG: node_cache hit=0 queue_size=6
[2025-06-05 10:52:12] DEBUG: node_cache hit=1 queue_size=2
[2025-06-05 10:52:13] DEBUG: node_cache hit=1 queue_size=2
[2025-06-05 10:52:14] DEBUG: node_cache hit=1 queue_size=9
[2025-06-05 10:52:15] DEBUG: node_cache hit=1 queue_size=5
[2025-06-05 10:52:16] DEBUG: node_cache hit=0 queue_size=10
[2025-06-05 10:52:17] DEBUG: node_cache hit=1 queue_size=3
[2025-06-05 10:52:18] DEBUG: node_cache hit=0 queue_size=1
[2025-06-05 10:52:19] Processing frame 3139/5000... 0.65s
[2025-06-05 10:52:20] WARNING: VRAM usage at 98%
[2025-06-05 10:52:21] DEBUG: node_cache hit=0 queue_size=7
[2025-06-05 10:52:22] %%%%%%%% 32%
[2025-06-05 10:52:23] Processing frame 3143/5000... 0.74s
[2025-06-05 10:52:24] DEBUG: node_cache hit=1 queue_size=1
[2025-06-05 10:52:25] DEBUG: node_cache hit=0 queue_size=5
[2025-06-05 10:52:26] DEBUG: node_cache hit=0 queue_size=12
[2025-06-05 10:52:27] ERROR: FileNotFoundError: model.safetensors
  File src/pipeline.py, line 140, in process_frame
  File src/pipeline.py, line 231, in process_frame
  File src/pipeline.py, line 222, in process_frame
  File src/pipeline.py, line 244, in process_frame
  File src/pipeline.py, line 418, in process_frame
  raise CUDA out of memory
[2025-06-05 10:52:28] Processing frame 3148/5000... 0.88s
[2025-06-05 10:52:29] DEBUG: node_cache hit=1 queue_size=3
[2025-06-05 10:52:30] Processing frame 3150/5000... 1.78s
[2025-06-05 10:52:31] DEBUG: node_cache hit=0 queue_size=9
[2025-06-05 10:52:32] Processing frame 3152/5000... 0.96s
[2025-06-05 10:52:33] DEBUG: node_cache hit=1 queue_size=2
[2025-06-05 10:52:34] DEBUG: node_cache hit=0 queue_size=6
[2025-06-05 10:52:35] DEBUG: node_cache hit=0 queue_size=7
[2025-06-05 10:52:36] DEBUG: node_cache hit=0 queue_size=2
[2025-06-05 10:52:37] DEBUG: node_cache hit=0 queue_size=7
[2025-06-05 10:52:38] Processing frame 3158/5000... 2.72s
[2025-06-05 10:52:39] WARNING: VRAM usage at 86%
[2025-06-05 10:52:40] DEBUG: node_cache hit=0 queue_size=4
[2025-06-05 10:52:41] DEBUG: node_cache hit=0 queue_size=9
[2025-06-05 10:52:42] Processing frame 3162/5000... 2.00s
[2025-06-05 10:52:43] DEBUG: node_cache hit=0 queue_size=8
[2025-06-05 10:52:44] WARNING: VRAM usage at 96%
[2025-06-05 10:52:45] DEBUG: node_cache hit=1 queue_size=2
[2025-06-05 10:52:46] WARNING: VRAM usage at 85%
[2025-06-05 10:52:47] DEBUG: node_cache hit=1 queue_size=0
[2025-06-05 10:52:48] DEBUG: node_cache hit=0 queue_size=4
[2025-06-05 10:52:49] DEBUG: node_cache hit=1 queue_size=11
[2025-06-05 10:52:50] DEBUG: node_cache hit=0 queue_size=7
[2025-06-05 10:52:51] Processing frame 3171/5000... 0.99s
[2025-06-05 10:52:52] DEBUG: node_cache hit=0 queue_size=8
[2025-06-05 10:52:53] DEBUG: node_cache hit=0 queue_size=2
[2025-06-05 10:52:54] Processing frame 3174/5000... 2.68s
[2025-06-05 10:52:55] WARNING: VRAM usage at 93%
[2025-06-05 10:52:56] DEBUG: node_cache hit=1 queue_size=7
[2025-06-05 10:52:57] DEBUG: node_cache hit=0 queue_size=4
[2025-06-05 10:52:58] DEBUG: node_cache hit=0 queue_size=10
[2025-06-05 10:52:59] Processing frame 3179/5000... 2.80s
[2025-06-05 10:53:00] DEBUG: node_cache hit=1 queue_size=11
[2025-06-05 10:53:01] DEBUG: node_cache hit=1 queue_size=5
[2025-06-05 10:53:02] Processing frame 3182/5000... 2.14s
[2025-06-05 10:53:03] WARNING: VRAM usage at 96%
[2025-06-05 10:53:04] Processing frame 3184/5000... 1.43s
[2025-06-05 10:53:05] WARNING: VRAM usage at 91%
[2025-06-05 10:53:06] DEBUG: node_cache hit=0 queue_size=0
[2025-06-05 10:53:07] DEBUG: node_cache hit=1 queue_size=2
[2025-06-05 10:53:08] DEBUG: node_cache hit=0 queue_size=11
[2025-06-05 10:53:09] DEBUG: node_cache hit=0 queue_size=8
[2025-06-05 10:53:10] DEBUG: node_cache hit=0 queue_size=10
[2025-06-05 10:53:11] DEBUG: node_cache hit=1 queue_size=0
[2025-06-05 10:53:12] Processing frame 3192/5000... 2.81s
[2025-06-05 10:53:13] Processing frame 3193/5000... 2.17s
[2025-06-05 10:53:14] DEBUG: node_cache hit=0 queue_size=8
[2025-06-05 10:53:15] DEBUG: node_cache hit=1 queue_size=6
[2025-06-05 10:53:16] DEBUG: node_cache hit=0 queue_size=5
[2025-06-05 10:53:17] WARNING: VRAM usage at 98%
[2025-06-05 10:53:18] %%%%%%%% 81%
[2025-06-05 10:53:19] ERROR: CUDA out of memory
  File src/pipeline.py, line 442, in process_frame
  File src/pipeline.py, line 426, in process_frame
  File src/pipeline.py, line 218, in process_frame
  File src/pipeline.py, line 156, in process_frame
  File src/pipeline.py, line 225, in process_frame
  raise FileNotFoundError: model.safetensors
[2025-06-05 10:53:20] WARNING: VRAM usage at 86%
[2025-06-05 10:53:21] WARNING: VRAM usage at 99%
[2025-06-05 10:53:22] DEBUG: node_cache hit=1 queue_size=8
[2025-06-05 10:53:23] DEBUG: node_cache hit=0 queue_size=12
[2025-06-05 10:53:24] DEBUG: node_cache hit=1 queue_size=5
[2025-06-05 10:53:25] DEBUG: node_cache hit=0 queue_size=10
[2025-06-05 10:53:26] %%%%%%%% 75%
[2025-06-05 10:53:27] Processing frame 3207/5000... 2.74s
[2025-06-05 10:53:28] %%%%%%%% 23%
[2025-06-05 10:53:29] WARNING: VRAM usage at 88%
[2025-06-05 10:53:30] DEBUG: node_cache hit=0 queue_size=9
[2025-06-05 10:53:31] DEBUG: node_cache hit=0 queue_size=4
[2025-06-05 10:53:32] DEBUG: node_cache hit=0 queue_size=11
[2025-06-05 10:53:33] DEBUG: node_cache hit=1 queue_size=4
[2025-06-05 10:53:34] DEBUG: node_cache hit=0 queue_size=1
[2025-06-05 10:53:35] Processing frame 3215/5000... 1.71s
[2025-06-05 10:53:36] DEBUG: node_cache hit=1 queue_size=11
[2025-06-05 10:53:37] Processing frame 3217/5000... 1.58s
[2025-06-05 10:53:38] DEBUG: node_cache hit=1 queue_size=4
[2025-06-05 10:53:39] Processing frame 3219/5000... 2.75s
[2025-06-05 10:53:40] DEBUG: node_cache hit=0 queue_size=2
[2025-06-05 10:53:41] DEBUG: node_cache hit=1 queue_size=1
[2025-06-05 10:53:42] DEBUG: node_cache hit=1 queue_size=5
[2025-06-05 10:53:43] DEBUG: node_cache hit=0 queue_size=9
[2025-06-05 10:53:44] Processing frame 3224/5000... 2.94s
[2025-06-05 10:53:45] DEBUG: node_cache hit=1 queue_size=7
[2025-06-05 10:53:46] DEBUG: node_cache hit=0 queue_size=3
[2025-06-05 10:53:47] DEBUG: node_cache hit=0 queue_size=12
[2025-06-05 10:53:48] DEBUG: node_cache hit=0 queue_size=1
[2025-06-05 10:53:49] DEBUG: node_cache hit=0 queue_size=8
[2025-06-05 10:53:50] Processing frame 3230/5000... 2.35s
[2025-06-05 10:53:51] Processing frame 3231/5000... 0.68s
[2025-06-05 10:53:52] DEBUG: node_cache hit=1 queue_size=4
[2025-06-05 10:53:53] DEBUG: node_cache hit=0 queue_size=9
[2025-06-05 10:53:54] DEBUG: node_cache hit=1 queue_size=2
[2025-06-05 10:53:55] DEBUG: node_cache hit=1 queue_size=7
[2025-06-05 10:53:56] Processing frame 3236/5000... 2.61s
[2025-06-05 10:53:57] DEBUG: node_cache hit=0 queue_size=9
[2025-06-05 10:53:58] DEBUG: node_cache hit=1 queue_size=6
[2025-06-05 10:53:59] Processing frame 3239/5000... 2.89s
[2025-06-05 10:54:00] DEBUG: node_cache hit=1 queue_size=2
[2025-06-05 10:54:01] DEBUG: node_cache hit=0 queue_size=8
[2025-06-05 10:54:02] ERROR: FileNotFoundError: model.safetensors
  File src/pipeline.py, line 384, in process_frame
  File src/pipeline.py, line 201, in process_frame
  File src/pipeline.py, line 103, in process_frame
  File src/pipeline.py, line 160, in process_frame
  File src/pipeline.py, line 260, in process_frame
  raise ConnectionRefusedError: localhost:8188
[2025-06-05 10:54:03] DEBUG: node_cache hit=0 queue_size=4
[2025-06-05 10:54:04] Processing frame 3244/5000... 0.71s
[2025-06-05 10:54:05] DEBUG: node_cache hit=1 queue_size=0
[2025-06-05 10:54:06] DEBUG: node_cache hit=1 queue_size=10
[2025-06-05 10:54:07] Processing frame 3247/5000... 2.11s
[2025-06-05 10:54:08] Processing frame 3248/5000... 1.17s
[2025-06-05 10:54:09] DEBUG: node_cache hit=1 queue_size=3
[2025-06-05 10:54:10] Processing frame 3250/5000... 1.33s
[2025-06-05 10:54:11] DEBUG: node_cache hit=1 queue_size=4
[2025-06-05 10:54:12] Processing frame 3252/5000... 1.63s
[2025-06-05 10:54:13] Processing frame 3253/5000... 2.43s
[2025-06-05 10:54:14] DEBUG: node_cache hit=0 queue_size=11
[2025-06-05 10:54:15] %%%%%%%% 65%
[2025-06-05 10:54:16] DEBUG: node_cache hit=1 queue_size=6
[2025-06-05 10:54:17] DEBUG: node_cache hit=1 queue_size=6
[2025-06-05 10:54:18] DEBUG: node_cache hit=1 queue_size=1
[2025-06-05 10:54:19] DEBUG: node_cache hit=0 queue_size=5
[2025-06-05 10:54:20] DEBUG: node_cache hit=1 queue_size=5
[2025-06-05 10:54:21] DEBUG: node_cache hit=1 queue_size=6
[2025-06-05 10:54:22] DEBUG: node_cache hit=1 queue_size=4
[2025-06-05 10:54:23] DEBUG: node_cache hit=0 queue_size=10
[2025-06-05 10:54:24] DEBUG: node_cache hit=0 queue_size=4
[2025-06-05 10:54:25] DEBUG: node_cache hit=1 queue_size=12
[2025-06-05 10:54:26] WARNING: VRAM usage at 83%
[2025-06-05 10:54:27] DEBUG: node_cache hit=1 queue_size=3
[2025-06-05 10:54:28] Processing frame 3268/5000... 0.53s
[2025-06-05 10:54:29] DEBUG: node_cache hit=1 queue_size=12
[2025-06-05 10:54:30] DEBUG: node_cache hit=1 queue_size=9
[2025-06-05 10:54:31] Processing frame 3271/5000... 0.78s
[2025-06-05 10:54:32] WARNING: VRAM usage at 89%
[2025-06-05 10:54:33] DEBUG: node_cache hit=1 queue_size=7
[2025-06-05 10:54:34] DEBUG: node_cache hit=1 queue_size=10
[2025-06-05 10:54:35] DEBUG: node_cache hit=1 queue_size=4
[2025-06-05 10:54:36] DEBUG: node_cache hit=0 queue_size=5
[2025-06-05 10:54:37] DEBUG: node_cache hit=1 queue_size=6
[2025-06-05 10:54:38] DEBUG: node_cache hit=0 queue_size=7
[2025-06-05 10:54:39] %%%%%%%% 33%
[2025-06-05 10:54:40] WARNING: VRAM usage at 80%
[2025-06-05 10:54:41] Processing frame 3281/5000... 0.82s
[2025-06-05 10:54:42] DEBUG: node_cache hit=0 queue_size=9
[2025-06-05 10:54:43] DEBUG: node_cache hit=0 queue_size=2
[2025-06-05 10:54:44] WARNING: VRAM usage at 82%
[2025-06-05 10:54:45] DEBUG: node_cache hit=1 queue_size=4
[2025-06-05 10:54:46] DEBUG: node_cache hit=1 queue_size=6
[2025-06-05 10:54:47] Processing frame 3287/5000... 1.82s
[2025-06-05 10:54:48] WARNING: VRAM usage at 80%
[2025-06-05 10:54:49] Processing frame 3289/5000... 1.76s
[2025-06-05 10:54:50] DEBUG: node_cache hit=0 queue_size=5
[2025-06-05 10:54:51] DEBUG: node_cache hit=0 queue_size=10
[2025-06-05 10:54:52] DEBUG: node_cache hit=0 queue_size=4
[2025-06-05 10:54:53] WARNING: VRAM usage at 95%
[2025-06-05 10:54:54] WARNING: VRAM usage at 99%
[2025-06-05 10:54:55] DEBUG: node_cache hit=1 queue_size=12
[2025-06-05 10:54:56] DEBUG: node_cache hit=0 queue_size=9
[2025-06-05 10:54:57] Processing frame 3297/5000... 1.89s
[2025-06-05 10:54:58] DEBUG: node_cache hit=1 queue_size=5
[2025-06-05 10:54:59] DEBUG: node_cache hit=1 queue_size=6
[2025-06-05 10:55:00] Processing frame 3300/5000... 2.86s
[2025-06-05 10:55:01] DEBUG: node_cache hit=0 queue_size=12
[2025-06-05 10:55:02] DEBUG: node_cache hit=1 queue_size=7
[2025-06-05 10:55:03] WARNING: VRAM usage at 96%
[2025-06-05 10:55:04] Processing frame 3304/5000... 0.90s
[2025-06-05 10:55:05] DEBUG: node_cache hit=1 queue_size=5
[2025-06-05 10:55:06] DEBUG: node_cache hit=1 queue_size=9
[2025-06-05 10:55:07] Processing frame 3307/5000... 2.54s
[2025-06-05 10:55:08] ERROR: ValueError: invalid literal
  File src/pipeline.py, line 51, in process_frame
  File src/pipeline.py, line 149, in process_frame
  File src/pipeline.py, line 108, in process_frame
  File src/pipeline.py, line 315, in process_frame
  File src/pipeline.py, line 415, in process_frame
  raise ConnectionRefusedError: localhost:8188
[2025-06-05 10:55:09] DEBUG: node_cache hit=0 queue_size=6
[2025-06-05 10:55:10] DEBUG: node_cache hit=1 queue_size=12
[2025-06-05 10:55:11] DEBUG: node_cache hit=0 queue_size=5
[2025-06-05 10:55:12] DEBUG: node_cache hit=0 queue_size=6
[2025-06-05 10:55:13] DEBUG: node_cache hit=1 queue_size=10
[2025-06-05 10:55:14] DEBUG: node_cache hit=1 queue_size=4
[2025-06-05 10:55:15] DEBUG: node_cache hit=1 queue_size=2
[2025-06-05 10:55:16] DEBUG: node_cache hit=1 queue_size=4
[2025-06-05 10:55:17] DEBUG: node_cache hit=0 queue_size=2
[2025-06-05 10:55:18] Processing frame 3318/5000... 0.60s
[2025-06-05 10:55:19] DEBUG: node_cache hit=0 queue_size=7
[2025-06-05 10:55:20] DEBUG: node_cache hit=1 queue_size=4
[2025-06-05 10:55:21] DEBUG: node_cache hit=0 queue_size=3
[2025-06-05 10:55:22] Processing frame 3322/5000... 1.06s
[2025-06-05 10:55:23] DEBUG: node_cache hit=0 queue_size=4
[2025-06-05 10:55:24] WARNING: VRAM usage at 90%
[2025-06-05 10:55:25] DEBUG: node_cache hit=1 queue_size=10
[2025-06-05 10:55:26] Processing frame 3326/5000... 2.54s
[2025-06-05 10:55:27] Processing frame 3327/5000... 1.58s
[2025-06-05 10:55:28] DEBUG: node_cache hit=1 queue_size=2
[2025-06-05 10:55:29] DEBUG: node_cache hit=0 queue_size=5
[2025-06-05 10:55:30] DEBUG: node_cache hit=1 queue_size=12
[2025-06-05 10:55:31] DEBUG: node_cache hit=1 queue_size=6
[2025-06-05 10:55:32] Processing frame 3332/5000... 1.53s
[2025-06-05 10:55:33] DEBUG: node_cache hit=0 queue_size=11
[2025-06-05 10:55:34] DEBUG: node_cache hit=1 queue_size=7
[2025-06-05 10:55:35] DEBUG: node_cache hit=0 queue_size=6
[2025-06-05 10:55:36] Processing frame 3336/5000... 0.58s
[2025-06-05 10:55:37] WARNING: VRAM usage at 86%
[2025-06-05 10:55:38] Processing frame 3338/5000... 1.74s
[2025-06-05 10:55:39] DEBUG: node_cache hit=1 queue_size=2
[2025-06-05 10:55:40] DEBUG: node_cache hit=0 queue_size=11
[2025-06-05 10:55:41] WARNING: VRAM usage at 81%
[2025-06-05 10:55:42] Processing frame 3342/5000... 2.61s
[2025-06-05 10:55:43] Processing frame 3343/5000... 1.26s
[2025-06-05 10:55:44] DEBUG: node_cache hit=0 queue_size=4
[2025-06-05 10:55:45] DEBUG: node_cache hit=1 queue_size=0
[2025-06-05 10:55:46] DEBUG: node_cache hit=1 queue_size=0
[2025-06-05 10:55:47] DEBUG: node_cache hit=0 queue_size=4
[2025-06-05 10:55:48] DEBUG: node_cache hit=0 queue_size=5
[2025-06-05 10:55:49] DEBUG: node_cache hit=1 queue_size=3
[2025-06-05 10:55:50] Processing frame 3350/5000... 0.58s
[2025-06-05 10:55:51] WARNING: VRAM usage at 92%
[2025-06-05 10:55:52] Processing frame 3352/5000... 2.34s
[2025-06-05 10:55:53] DEBUG: node_cache hit=0 queue_size=2
[2025-06-05 10:55:54] DEBUG: node_cache hit=1 queue_size=7
[2025-06-05 10:55:55] DEBUG: node_cache hit=1 queue_size=0
[2025-06-05 10:55:56] DEBUG: node_cache hit=1 queue_size=5
[2025-06-05 10:55:57] DEBUG: node_cache hit=1 queue_size=2
[2025-06-05 10:55:58] DEBUG: node_cache hit=1 queue_size=5
[2025-06-05 10:55:59] Processing frame 3359/5000... 1.45s
[2025-06-05 10:56:00] DEBUG: node_cache hit=0 queue_size=1
[2025-06-05 10:56:01] DEBUG: node_cache hit=0 queue_size=11
[2025-06-05 10:56:02] DEBUG: node_cache hit=0 queue_size=10
[2025-06-05 10:56:03] DEBUG: node_cache hit=0 queue_size=6
[2025-06-05 10:56:04] DEBUG: node_cache hit=1 queue_size=3
[2025-06-05 10:56:05] %%%%%%%% 68%
[2025-06-05 10:56:06] DEBUG: node_cache hit=0 queue_size=7
[2025-06-05 10:56:07] DEBUG: node_cache hit=1 queue_size=3
[2025-06-05 10:56:08] DEBUG: node_cache hit=1 queue_size=8
[2025-06-05 10:56:09] DEBUG: node_cache hit=0 queue_size=10
[2025-06-05 10:56:10] DEBUG: node_cache hit=0 queue_size=7
[2025-06-05 10:56:11] WARNING: VRAM usage at 99%
[2025-06-05 10:56:12] DEBUG: node_cache hit=1 queue_size=10
[2025-06-05 10:56:13] DEBUG: node_cache hit=1 queue_size=9
[2025-06-05 10:56:14] DEBUG: node_cache hit=0 queue_size=11
[2025-06-05 10:56:15] DEBUG: node_cache hit=1 queue_size=11
[2025-06-05 10:56:16] DEBUG: node_cache hit=1 queue_size=9
[2025-06-05 10:56:17] DEBUG: node_cache hit=1 queue_size=6
[2025-06-05 10:56:18] DEBUG: node_cache hit=0 queue_size=0
[2025-06-05 10:56:19] DEBUG: node_cache hit=1 queue_size=8
[2025-06-05 10:56:20] %%%%%%%% 37%
[2025-06-05 10:56:21] DEBUG: node_cache hit=0 queue_size=12
[2025-06-05 10:56:22] WARNING: VRAM usage at 91%
[2025-06-05 10:56:23] DEBUG: node_cache hit=1 queue_size=11
[2025-06-05 10:56:24] DEBUG: node_cache hit=1 queue_size=0
[2025-06-05 10:56:25] DEBUG: node_cache hit=0 queue_size=8
[2025-06-05 10:56:26] DEBUG: node_cache hit=0 queue_size=5
[2025-06-05 10:56:27] DEBUG: node_cache hit=1 queue_size=12
[2025-06-05 10:56:28] DEBUG: node_cache hit=0 queue_size=0
[2025-06-05 10:56:29] DEBUG: node_cache hit=0 queue_size=11
[2025-06-05 10:56:30] WARNING: VRAM usage at 90%
[2025-06-05 10:56:31] DEBUG: node_cache hit=1 queue_size=0
[2025-06-05 10:56:32] DEBUG: node_cache hit=1 queue_size=7
[2025-06-05 10:56:33] WARNING: VRAM usage at 97%
[2025-06-05 10:56:34] DEBUG: node_cache hit=1 queue_size=4
[2025-06-05 10:56:35] DEBUG: node_cache hit=1 queue_size=0
[2025-06-05 10:56:36] %%%%%%%% 49%
[2025-06-05 10:56:37] DEBUG: node_cache hit=0 queue_size=1
[2025-06-05 10:56:38] DEBUG: node_cache hit=0 queue_size=1
[2025-06-05 10:56:39] DEBUG: node_cache hit=1 queue_size=8
[2025-06-05 10:56:40] DEBUG: node_cache hit=0 queue_size=11
[2025-06-05 10:56:41] Processing frame 3401/5000... 1.09s
[2025-06-05 10:56:42] DEBUG: node_cache hit=0 queue_size=5
[2025-06-05 10:56:43] DEBUG: node_cache hit=1 queue_size=3
[2025-06-05 10:56:44] Processing frame 3404/5000... 0.88s
[2025-06-05 10:56:45] DEBUG: node_cache hit=0 queue_size=5
[2025-06-05 10:56:46] DEBUG: node_cache hit=1 queue_size=9
[2025-06-05 10:56:47] DEBUG: node_cache hit=1 queue_size=3
[2025-06-05 10:56:48] DEBUG: node_cache hit=1 queue_size=7
[2025-06-05 10:56:49] Processing frame 3409/5000... 2.72s
[2025-06-05 10:56:50] DEBUG: node_cache hit=0 queue_size=12
[2025-06-05 10:56:51] DEBUG: node_cache hit=1 queue_size=11
[2025-06-05 10:56:52] %%%%%%%% 86%
[2025-06-05 10:56:53] DEBUG: node_cache hit=0 queue_size=2
[2025-06-05 10:56:54] Processing frame 3414/5000... 0.53s
[2025-06-05 10:56:55] DEBUG: node_cache hit=0 queue_size=12
[2025-06-05 10:56:56] DEBUG: node_cache hit=1 queue_size=10
[2025-06-05 10:56:57] Processing frame 3417/5000... 0.64s
[2025-06-05 10:56:58] DEBUG: node_cache hit=0 queue_size=3
[2025-06-05 10:56:59] WARNING: VRAM usage at 90%
[2025-06-05 10:57:00] DEBUG: node_cache hit=1 queue_size=10
[2025-06-05 10:57:01] DEBUG: node_cache hit=1 queue_size=8
[2025-06-05 10:57:02] DEBUG: node_cache hit=0 queue_size=5
[2025-06-05 10:57:03] DEBUG: node_cache hit=1 queue_size=5
[2025-06-05 10:57:04] WARNING: VRAM usage at 81%
[2025-06-05 10:57:05] DEBUG: node_cache hit=0 queue_size=4
[2025-06-05 10:57:06] Processing frame 3426/5000... 1.51s
[2025-06-05 10:57:07] Processing frame 3427/5000... 1.19s
[2025-06-05 10:57:08] %%%%%%%% 61%
[2025-06-05 10:57:09] DEBUG: node_cache hit=0 queue_size=3
[2025-06-05 10:57:10] DEBUG: node_cache hit=1 queue_size=7
[2025-06-05 10:57:11] %%%%%%%% 90%
[2025-06-05 10:57:12] DEBUG: node_cache hit=1 queue_size=9
[2025-06-05 10:57:13] %%%%%%%% 72%
[2025-06-05 10:57:14] DEBUG: node_cache hit=1 queue_size=12
[2025-06-05 10:57:15] WARNING: VRAM usage at 96%
[2025-06-05 10:57:16] DEBUG: node_cache hit=0 queue_size=6
[2025-06-05 10:57:17] ERROR: RuntimeError: expected scalar type Float
  File src/pipeline.py, line 216, in process_frame
  File src/pipeline.py, line 113, in process_frame
  File src/pipeline.py, line 184, in process_frame
  File src/pipeline.py, line 123, in process_frame
  File src/pipeline.py, line 360, in process_frame
  raise ConnectionRefusedError: localhost:8188
[2025-06-05 10:57:18] DEBUG: node_cache hit=1 queue_size=5
[2025-06-05 10:57:19] Processing frame 3439/5000... 1.82s
[2025-06-05 10:57:20] DEBUG: node_cache hit=1 queue_size=7
[2025-06-05 10:57:21] Processing frame 3441/5000... 1.09s
[2025-06-05 10:57:22] DEBUG: node_cache hit=0 queue_size=8
[2025-06-05 10:57:23] WARNING: VRAM usage at 86%
[2025-06-05 10:57:24] DEBUG: node_cache hit=0 queue_size=6
[2025-06-05 10:57:25] DEBUG: node_cache hit=1 queue_size=2
[2025-06-05 10:57:26] DEBUG: node_cache hit=0 queue_size=1
[2025-06-05 10:57:27] DEBUG: node_cache hit=0 queue_size=5
[2025-06-05 10:57:28] DEBUG: node_cache hit=1 queue_size=8
[2025-06-05 10:57:29] DEBUG: node_cache hit=0 queue_size=6
[2025-06-05 10:57:30] DEBUG: node_cache hit=1 queue_size=6
[2025-06-05 10:57:31] DEBUG: node_cache hit=0 queue_size=4
[2025-06-05 10:57:32] DEBUG: node_cache hit=0 queue_size=1
[2025-06-05 10:57:33] DEBUG: node_cache hit=1 queue_size=10
[2025-06-05 10:57:34] DEBUG: node_cache hit=0 queue_size=3
[2025-06-05 10:57:35] DEBUG: node_cache hit=0 queue_size=3
[2025-06-05 10:57:36] DEBUG: node_cache hit=0 queue_size=10
[2025-06-05 10:57:37] ERROR: CUDA out of memory
  File src/pipeline.py, line 100, in process_frame
  File src/pipeline.py, line 40, in process_frame
  File src/pipeline.py, line 116, in process_frame
  File src/pipeline.py, line 236, in process_frame
  File src/pipeline.py, line 369, in process_frame
  raise ValueError: invalid literal
[2025-06-05 10:57:38] DEBUG: node_cache hit=1 queue_size=12
[2025-06-05 10:57:39] DEBUG: node_cache hit=1 queue_size=0
[2025-06-05 10:57:40] DEBUG: node_cache hit=1 queue_size=11
[2025-06-05 10:57:41] WARNING: VRAM usage at 93%
[2025-06-05 10:57:42] DEBUG: node_cache hit=0 queue_size=9
[2025-06-05 10:57:43] DEBUG: node_cache hit=1 queue_size=7
[2025-06-05 10:57:44] DEBUG: node_cache hit=0 queue_size=5
[2025-06-05 10:57:45] DEBUG: node_cache hit=1 queue_size=0
[2025-06-05 10:57:46] DEBUG: node_cache hit=0 queue_size=10
[2025-06-05 10:57:47] DEBUG: node_cache hit=0 queue_size=9
[2025-06-05 10:57:48] DEBUG: node_cache hit=0 queue_size=6
[2025-06-05 10:57:49] DEBUG: node_cache hit=1 queue_size=6
[2025-06-05 10:57:50] Processing frame 3470/5000... 1.93s
[2025-06-05 10:57:51] WARNING: VRAM usage at 95%
[2025-06-05 10:57:52] Processing frame 3472/5000... 2.78s
[2025-06-05 10:57:53] WARNING: VRAM usage at 97%
[2025-06-05 10:57:54] DEBUG: node_cache hit=0 queue_size=1
[2025-06-05 10:57:55] Processing frame 3475/5000... 1.76s
[2025-06-05 10:57:56] DEBUG: node_cache hit=1 queue_size=4
[2025-06-05 10:57:57] DEBUG: node_cache hit=0 queue_size=12
[2025-06-05 10:57:58] Processing frame 3478/5000... 0.75s
[2025-06-05 10:57:59] DEBUG: node_cache hit=1 queue_size=4
[2025-06-05 10:58:00] DEBUG: node_cache hit=0 queue_size=3
[2025-06-05 10:58:01] DEBUG: node_cache hit=1 queue_size=5
[2025-06-05 10:58:02] Processing frame 3482/5000... 1.97s
[2025-06-05 10:58:03] DEBUG: node_cache hit=1 queue_size=11
[2025-06-05 10:58:04] DEBUG: node_cache hit=0 queue_size=4
[2025-06-05 10:58:05] DEBUG: node_cache hit=0 queue_size=11
[2025-06-05 10:58:06] DEBUG: node_cache hit=0 queue_size=11
[2025-06-05 10:58:07] WARNING: VRAM usage at 89%
[2025-06-05 10:58:08] DEBUG: node_cache hit=1 queue_size=7
[2025-06-05 10:58:09] DEBUG: node_cache hit=0 queue_size=0
[2025-06-05 10:58:10] Processing frame 3490/5000... 1.27s
[2025-06-05 10:58:11] DEBUG: node_cache hit=1 queue_size=3
[2025-06-05 10:58:12] %%%%%%%% 82%
[2025-06-05 10:58:13] DEBUG: node_cache hit=1 queue_size=2
[2025-06-05 10:58:14] DEBUG: node_cache hit=1 queue_size=7
[2025-06-05 10:58:15] DEBUG: node_cache hit=0 queue_size=6
[2025-06-05 10:58:16] Processing frame 3496/5000... 1.64s
[2025-06-05 10:58:17] DEBUG: node_cache hit=1 queue_size=0
[2025-06-05 10:58:18] DEBUG: node_cache hit=1 queue_size=5
[2025-06-05 10:58:19] DEBUG: node_cache hit=0 queue_size=2
[2025-06-05 10:58:20] %%%%%%%% 91%
[2025-06-05 10:58:21] DEBUG: node_cache hit=0 queue_size=11
[2025-06-05 10:58:22] WARNING: VRAM usage at 97%
[2025-06-05 10:58:23] DEBUG: node_cache hit=1 queue_size=9
[2025-06-05 10:58:24] DEBUG: node_cache hit=0 queue_size=7
[2025-06-05 10:58:25] DEBUG: node_cache hit=0 queue_size=7
[2025-06-05 10:58:26] Processing frame 3506/5000... 2.23s
[2025-06-05 10:58:27] Processing frame 3507/5000... 1.41s
[2025-06-05 10:58:28] DEBUG: node_cache hit=1 queue_size=6
[2025-06-05 10:58:29] DEBUG: node_cache hit=1 queue_size=9
[2025-06-05 10:58:30] DEBUG: node_cache hit=1 queue_size=12
[2025-06-05 10:58:31] DEBUG: node_cache hit=0 queue_size=5
[2025-06-05 10:58:32] DEBUG: node_cache hit=0 queue_size=11
[2025-06-05 10:58:33] DEBUG: node_cache hit=1 queue_size=5
[2025-06-05 10:58:34] DEBUG: node_cache hit=0 queue_size=11
[2025-06-05 10:58:35] Processing frame 3515/5000... 1.32s
[2025-06-05 10:58:36] WARNING: VRAM usage at 99%
[2025-06-05 10:58:37] DEBUG: node_cache hit=0 queue_size=10
[2025-06-05 10:58:38] DEBUG: node_cache hit=1 queue_size=11
[2025-06-05 10:58:39] DEBUG: node_cache hit=1 queue_size=9
[2025-06-05 10:58:40] DEBUG: node_cache hit=1 queue_size=6
[2025-06-05 10:58:41] DEBUG: node_cache hit=0 queue_size=7
[2025-06-05 10:58:42] WARNING: VRAM usage at 94%
[2025-06-05 10:58:43] DEBUG: node_cache hit=1 queue_size=5
[2025-06-05 10:58:44] DEBUG: node_cache hit=0 queue_size=1
[2025-06-05 10:58:45] DEBUG: node_cache hit=1 queue_size=5
[2025-06-05 10:58:46] WARNING: VRAM usage at 83%
[2025-06-05 10:58:47] DEBUG: node_cache hit=1 queue_size=0
[2025-06-05 10:58:48] DEBUG: node_cache hit=1 queue_size=4
[2025-06-05 10:58:49] DEBUG: node_cache hit=1 queue_size=1
[2025-06-05 10:58:50] DEBUG: node_cache hit=1 queue_size=9
[2025-06-05 10:58:51] DEBUG: node_cache hit=1 queue_size=0
[2025-06-05 10:58:52] DEBUG: node_cache hit=0 queue_size=6
[2025-06-05 10:58:53] DEBUG: node_cache hit=0 queue_size=0
[2025-06-05 10:58:54] Processing frame 3534/5000... 1.53s
[2025-06-05 10:58:55] DEBUG: node_cache hit=0 queue_size=11
[2025-06-05 10:58:56] WARNING: VRAM usage at 84%
[2025-06-05 10:58:57] DEBUG: node_cache hit=1 queue_size=7
[2025-06-05 10:58:58] DEBUG: node_cache hit=0 queue_size=10
[2025-06-05 10:58:59] Processing frame 3539/5000... 0.78s
[2025-06-05 10:59:00] DEBUG: node_cache hit=1 queue_size=8
[2025-06-05 10:59:01] DEBUG: node_cache hit=0 queue_size=7
[2025-06-05 10:59:02] %%%%%%%% 21%
[2025-06-05 10:59:03] DEBUG: node_cache hit=1 queue_size=10
[2025-06-05 10:59:04] Processing frame 3544/5000... 1.92s
[2025-06-05 10:59:05] DEBUG: node_cache hit=0 queue_size=3
[2025-06-05 10:59:06] DEBUG: node_cache hit=0 queue_size=9
[2025-06-05 10:59:07] Processing frame 3547/5000... 2.73s
[2025-06-05 10:59:08] Processing frame 3548/5000... 1.72s
[2025-06-05 10:59:09] WARNING: VRAM usage at 91%
[2025-06-05 10:59:10] Processing frame 3550/5000... 0.84s
[2025-06-05 10:59:11] DEBUG: node_cache hit=1 queue_size=6
[2025-06-05 10:59:12] Processing frame 3552/5000... 1.04s
[2025-06-05 10:59:13] Processing frame 3553/5000... 1.21s
[2025-06-05 10:59:14] Processing frame 3554/5000... 2.84s
[2025-06-05 10:59:15] Processing frame 3555/5000... 2.45s
[2025-06-05 10:59:16] DEBUG: node_cache hit=1 queue_size=10
[2025-06-05 10:59:17] DEBUG: node_cache hit=1 queue_size=6
[2025-06-05 10:59:18] DEBUG: node_cache hit=0 queue_size=5
[2025-06-05 10:59:19] Processing frame 3559/5000... 2.77s
[2025-06-05 10:59:20] DEBUG: node_cache hit=1 queue_size=12
[2025-06-05 10:59:21] DEBUG: node_cache hit=0 queue_size=11
[2025-06-05 10:59:22] Processing frame 3562/5000... 2.51s
[2025-06-05 10:59:23] DEBUG: node_cache hit=1 queue_size=0
[2025-06-05 10:59:24] DEBUG: node_cache hit=0 queue_size=9
[2025-06-05 10:59:25] Processing frame 3565/5000... 1.11s
[2025-06-05 10:59:26] DEBUG: node_cache hit=1 queue_size=5
[2025-06-05 10:59:27] DEBUG: node_cache hit=1 queue_size=5
[2025-06-05 10:59:28] DEBUG: node_cache hit=1 queue_size=0
[2025-06-05 10:59:29] DEBUG: node_cache hit=1 queue_size=11
[2025-06-05 10:59:30] ERROR: FileNotFoundError: model.safetensors
  File src/pipeline.py, line 24, in process_frame
  File src/pipeline.py, line 99, in process_frame
  File src/pipeline.py, line 42, in process_frame
  File src/pipeline.py, line 470, in process_frame
  File src/pipeline.py, line 61, in process_frame
  raise ValueError: invalid literal
[2025-06-05 10:59:31] Processing frame 3571/5000... 1.02s
[2025-06-05 10:59:32] DEBUG: node_cache hit=0 queue_size=12
[2025-06-05 10:59:33] DEBUG: node_cache hit=0 queue_size=11
[2025-06-05 10:59:34] Processing frame 3574/5000... 2.76s
[2025-06-05 10:59:35] DEBUG: node_cache hit=1 queue_size=8
[2025-06-05 10:59:36] DEBUG: node_cache hit=0 queue_size=12
[2025-06-05 10:59:37] %%%%%%%% 53%
[2025-06-05 10:59:38] DEBUG: node_cache hit=1 queue_size=4
[2025-06-05 10:59:39] DEBUG: node_cache hit=0 queue_size=0
[2025-06-05 10:59:40] DEBUG: node_cache hit=1 queue_size=7
[2025-06-05 10:59:41] DEBUG: node_cache hit=1 queue_size=2
[2025-06-05 10:59:42] DEBUG: node_cache hit=0 queue_size=3
[2025-06-05 10:59:43] DEBUG: node_cache hit=1 queue_size=4
[2025-06-05 10:59:44] DEBUG: node_cache hit=0 queue_size=5
[2025-06-05 10:59:45] WARNING: VRAM usage at 97%
[2025-06-05 10:59:46] Processing frame 3586/5000... 1.73s
[2025-06-05 10:59:47] WARNING: VRAM usage at 97%
[2025-06-05 10:59:48] DEBUG: node_cache hit=0 queue_size=12
[2025-06-05 10:59:49] DEBUG: node_cache hit=0 queue_size=12
[2025-06-05 10:59:50] DEBUG: node_cache hit=0 queue_size=11
[2025-06-05 10:59:51] DEBUG: node_cache hit=1 queue_size=8
[2025-06-05 10:59:52] WARNING: VRAM usage at 80%
[2025-06-05 10:59:53] DEBUG: node_cache hit=1 queue_size=7
[2025-06-05 10:59:54] Processing frame 3594/5000... 1.12s
[2025-06-05 10:59:55] DEBUG: node_cache hit=0 queue_size=1
[2025-06-05 10:59:56] Processing frame 3596/5000... 0.91s
[2025-06-05 10:59:57] DEBUG: node_cache hit=1 queue_size=7
[2025-06-05 10:59:58] WARNING: VRAM usage at 98%
[2025-06-05 10:59:59] DEBUG: node_cache hit=1 queue_size=9
[2025-06-05 11:00:00] Processing frame 3600/5000... 2.45s
[2025-06-05 11:00:01] DEBUG: node_cache hit=0 queue_size=12
[2025-06-05 11:00:02] Processing frame 3602/5000... 1.07s
[2025-06-05 11:00:03] Processing frame 3603/5000... 1.59s
[2025-06-05 11:00:04] DEBUG: node_cache hit=0 queue_size=8
[2025-06-05 11:00:05] WARNING: VRAM usage at 94%
[2025-06-05 11:00:06] WARNING: VRAM usage at 82%
[2025-06-05 11:00:07] DEBUG: node_cache hit=1 queue_size=6
[2025-06-05 11:00:08] Processing frame 3608/5000... 2.29s
[2025-06-05 11:00:09] DEBUG: node_cache hit=0 queue_size=10
[2025-06-05 11:00:10] DEBUG: node_cache hit=0 queue_size=3
[2025-06-05 11:00:11] DEBUG: node_cache hit=0 queue_size=3
[2025-06-05 11:00:12] DEBUG: node_cache hit=1 queue_size=1
[2025-06-05 11:00:13] DEBUG: node_cache hit=0 queue_size=2
[2025-06-05 11:00:14] Processing frame 3614/5000... 1.79s
[2025-06-05 11:00:15] DEBUG: node_cache hit=1 queue_size=10
[2025-06-05 11:00:16] Processing frame 3616/5000... 1.78s
[2025-06-05 11:00:17] Processing frame 3617/5000... 2.33s
[2025-06-05 11:00:18] Processing frame 3618/5000... 2.02s
[2025-06-05 11:00:19] DEBUG: node_cache hit=0 queue_size=4
[2025-06-05 11:00:20] Processing frame 3620/5000... 1.44s
[2025-06-05 11:00:21] DEBUG: node_cache hit=1 queue_size=1
[2025-06-05 11:00:22] DEBUG: node_cache hit=0 queue_size=10
[2025-06-05 11:00:23] DEBUG: node_cache hit=1 queue_size=4
[2025-06-05 11:00:24] ERROR: FileNotFoundError: model.safetensors
  File src/pipeline.py, line 30, in process_frame
  File src/pipeline.py, line 329, in process_frame
  File src/pipeline.py, line 444, in process_frame
  File src/pipeline.py, line 135, in process_frame
  File src/pipeline.py, line 23, in process_frame
  raise ValueError: invalid literal
[2025-06-05 11:00:25] DEBUG: node_cache hit=0 queue_size=5
[2025-06-05 11:00:26] DEBUG: node_cache hit=0 queue_size=8
[2025-06-05 11:00:27] DEBUG: node_cache hit=0 queue_size=11
[2025-06-05 11:00:28] DEBUG: node_cache hit=0 queue_size=5
[2025-06-05 11:00:29] DEBUG: node_cache hit=0 queue_size=8
[2025-06-05 11:00:30] DEBUG: node_cache hit=0 queue_size=9
[2025-06-05 11:00:31] DEBUG: node_cache hit=0 queue_size=6
[2025-06-05 11:00:32] WARNING: VRAM usage at 88%
[2025-06-05 11:00:33] DEBUG: node_cache hit=1 queue_size=0
[2025-06-05 11:00:34] %%%%%%%% 74%
[2025-06-05 11:00:35] DEBUG: node_cache hit=1 queue_size=9
[2025-06-05 11:00:36] DEBUG: node_cache hit=1 queue_size=7
[2025-06-05 11:00:37] DEBUG: node_cache hit=0 queue_size=2
[2025-06-05 11:00:38] DEBUG: node_cache hit=0 queue_size=1
[2025-06-05 11:00:39] DEBUG: node_cache hit=0 queue_size=7
[2025-06-05 11:00:40] DEBUG: node_cache hit=1 queue_size=8
[2025-06-05 11:00:41] ERROR: ConnectionRefusedError: localhost:8188
  File src/pipeline.py, line 140, in process_frame
  File src/pipeline.py, line 314, in process_frame
  File src/pipeline.py, line 175, in process_frame
  File src/pipeline.py, line 491, in process_frame
  File src/pipeline.py, line 360, in process_frame
  raise RuntimeError: expected scalar type Float
[2025-06-05 11:00:42] %%%%%%%% 50%
[2025-06-05 11:00:43] Processing frame 3643/5000... 2.94s
[2025-06-05 11:00:44] DEBUG: node_cache hit=0 queue_size=9
[2025-06-05 11:00:45] DEBUG: node_cache hit=1 queue_size=4
[2025-06-05 11:00:46] DEBUG: node_cache hit=0 queue_size=9
[2025-06-05 11:00:47] DEBUG: node_cache hit=0 queue_size=11
[2025-06-05 11:00:48] WARNING: VRAM usage at 82%
[2025-06-05 11:00:49] %%%%%%%% 54%
[2025-06-05 11:00:50] %%%%%%%% 94%
[2025-06-05 11:00:51] DEBUG: node_cache hit=1 queue_size=10
[2025-06-05 11:00:52] Processing frame 3652/5000... 1.39s
[2025-06-05 11:00:53] WARNING: VRAM usage at 85%
[2025-06-05 11:00:54] DEBUG: node_cache hit=1 queue_size=10
[2025-06-05 11:00:55] Processing frame 3655/5000... 2.75s
[2025-06-05 11:00:56] WARNING: VRAM usage at 89%
[2025-06-05 11:00:57] DEBUG: node_cache hit=1 queue_size=9
[2025-06-05 11:00:58] DEBUG: node_cache hit=1 queue_size=10
[2025-06-05 11:00:59] DEBUG: node_cache hit=0 queue_size=9
[2025-06-05 11:01:00] WARNING: VRAM usage at 90%
[2025-06-05 11:01:01] DEBUG: node_cache hit=0 queue_size=3
[2025-06-05 11:01:02] WARNING: VRAM usage at 80%
[2025-06-05 11:01:03] DEBUG: node_cache hit=1 queue_size=0
[2025-06-05 11:01:04] DEBUG: node_cache hit=1 queue_size=9
[2025-06-05 11:01:05] WARNING: VRAM usage at 96%
[2025-06-05 11:01:06] DEBUG: node_cache hit=0 queue_size=11
[2025-06-05 11:01:07] DEBUG: node_cache hit=1 queue_size=12
[2025-06-05 11:01:08] DEBUG: node_cache hit=0 queue_size=11
[2025-06-05 11:01:09] DEBUG: node_cache hit=0 queue_size=8
[2025-06-05 11:01:10] DEBUG: node_cache hit=1 queue_size=9
[2025-06-05 11:01:11] DEBUG: node_cache hit=1 queue_size=5
[2025-06-05 11:01:12] DEBUG: node_cache hit=0 queue_size=6
[2025-06-05 11:01:13] DEBUG: node_cache hit=1 queue_size=8
[2025-06-05 11:01:14] DEBUG: node_cache hit=0 queue_size=9
[2025-06-05 11:01:15] DEBUG: node_cache hit=0 queue_size=9
[2025-06-05 11:01:16] Processing frame 3676/5000... 1.05s
[2025-06-05 11:01:17] DEBUG: node_cache hit=1 queue_size=5
[2025-06-05 11:01:18] Processing frame 3678/5000... 1.54s
[2025-06-05 11:01:19] DEBUG: node_cache hit=1 queue_size=12
[2025-06-05 11:01:20] DEBUG: node_cache hit=1 queue_size=5
[2025-06-05 11:01:21] Processing frame 3681/5000... 1.56s
[2025-06-05 11:01:22] Processing frame 3682/5000... 1.13s
[2025-06-05 11:01:23] DEBUG: node_cache hit=1 queue_size=2
[2025-06-05 11:01:24] DEBUG: node_cache hit=0 queue_size=5
[2025-06-05 11:01:25] Processing frame 3685/5000... 2.63s
[2025-06-05 11:01:26] %%%%%%%% 90%
[2025-06-05 11:01:27] WARNING: VRAM usage at 96%
[2025-06-05 11:01:28] Processing frame 3688/5000... 1.74s
[2025-06-05 11:01:29] DEBUG: node_cache hit=1 queue_size=9
[2025-06-05 11:01:30] DEBUG: node_cache hit=0 queue_size=6
[2025-06-05 11:01:31] DEBUG: node_cache hit=0 queue_size=0
[2025-06-05 11:01:32] DEBUG: node_cache hit=0 queue_size=4
[2025-06-05 11:01:33] Processing frame 3693/5000... 2.64s
[2025-06-05 11:01:34] Processing frame 3694/5000... 2.08s
[2025-06-05 11:01:35] DEBUG: node_cache hit=0 queue_size=6
[2025-06-05 11:01:36] Processing frame 3696/5000... 2.89s
[2025-06-05 11:01:37] DEBUG: node_cache hit=1 queue_size=8
[2025-06-05 11:01:38] DEBUG: node_cache hit=0 queue_size=7
[2025-06-05 11:01:39] DEBUG: node_cache hit=1 queue_size=5
[2025-06-05 11:01:40] DEBUG: node_cache hit=0 queue_size=6
[2025-06-05 11:01:41] DEBUG: node_cache hit=0 queue_size=9
[2025-06-05 11:01:42] DEBUG: node_cache hit=1 queue_size=8
[2025-06-05 11:01:43] Processing frame 3703/5000... 1.40s
[2025-06-05 11:01:44] DEBUG: node_cache hit=0 queue_size=7
[2025-06-05 11:01:45] DEBUG: node_cache hit=0 queue_size=7
[2025-06-05 11:01:46] Processing frame 3706/5000... 1.09s
[2025-06-05 11:01:47] DEBUG: node_cache hit=1 queue_size=1
[2025-06-05 11:01:48] DEBUG: node_cache hit=1 queue_size=8
[2025-06-05 11:01:49] DEBUG: node_cache hit=0 queue_size=5
[2025-06-05 11:01:50] DEBUG: node_cache hit=0 queue_size=2
[2025-06-05 11:01:51] DEBUG: node_cache hit=1 queue_size=3
[2025-06-05 11:01:52] DEBUG: node_cache hit=1 queue_size=4
[2025-06-05 11:01:53] WARNING: VRAM usage at 81%
[2025-06-05 11:01:54] WARNING: VRAM usage at 92%
[2025-06-05 11:01:55] Processing frame 3715/5000... 1.84s
[2025-06-05 11:01:56] DEBUG: node_cache hit=1 queue_size=6
[2025-06-05 11:01:57] DEBUG: node_cache hit=0 queue_size=8
[2025-06-05 11:01:58] Processing frame 3718/5000... 1.60s
[2025-06-05 11:01:59] DEBUG: node_cache hit=0 queue_size=6
[2025-06-05 11:02:00] DEBUG: node_cache hit=0 queue_size=1
[2025-06-05 11:02:01] DEBUG: node_cache hit=1 queue_size=8
[2025-06-05 11:02:02] ERROR: ConnectionRefusedError: localhost:8188
  File src/pipeline.py, line 436, in process_frame
  File src/pipeline.py, line 137, in process_frame
  File src/pipeline.py, line 78, in process_frame
  File src/pipeline.py, line 47, in process_frame
  File src/pipeline.py, line 16, in process_frame
  raise CUDA out of memory
[2025-06-05 11:02:03] %%%%%%%% 45%
[2025-06-05 11:02:04] Processing frame 3724/5000... 2.16s
[2025-06-05 11:02:05] DEBUG: node_cache hit=1 queue_size=1
[2025-06-05 11:02:06] DEBUG: node_cache hit=0 queue_size=3
[2025-06-05 11:02:07] WARNING: VRAM usage at 85%
[2025-06-05 11:02:08] DEBUG: node_cache hit=1 queue_size=11
[2025-06-05 11:02:09] DEBUG: node_cache hit=0 queue_size=0
[2025-06-05 11:02:10] DEBUG: node_cache hit=0 queue_size=12
[2025-06-05 11:02:11] Processing frame 3731/5000... 2.73s
[2025-06-05 11:02:12] DEBUG: node_cache hit=1 queue_size=4
[2025-06-05 11:02:13] DEBUG: node_cache hit=0 queue_size=10
[2025-06-05 11:02:14] DEBUG: node_cache hit=0 queue_size=10
[2025-06-05 11:02:15] Processing frame 3735/5000... 1.89s
[2025-06-05 11:02:16] Processing frame 3736/5000... 0.72s
[2025-06-05 11:02:17] DEBUG: node_cache hit=1 queue_size=6
[2025-06-05 11:02:18] DEBUG: node_cache hit=1 queue_size=0
[2025-06-05 11:02:19] DEBUG: node_cache hit=1 queue_size=9
[2025-06-05 11:02:20] DEBUG: node_cache hit=0 queue_size=2
[2025-06-05 11:02:21] DEBUG: node_cache hit=0 queue_size=1
[2025-06-05 11:02:22] %%%%%%%% 93%
[2025-06-05 11:02:23] WARNING: VRAM usage at 88%
[2025-06-05 11:02:24] WARNING: VRAM usage at 84%
[2025-06-05 11:02:25] DEBUG: node_cache hit=0 queue_size=2
[2025-06-05 11:02:26] DEBUG: node_cache hit=0 queue_size=6
[2025-06-05 11:02:27] DEBUG: node_cache hit=0 queue_size=9
[2025-06-05 11:02:28] Processing frame 3748/5000... 1.34s
[2025-06-05 11:02:29] Processing frame 3749/5000... 1.79s
[2025-06-05 11:02:30] DEBUG: node_cache hit=1 queue_size=2
[2025-06-05 11:02:31] DEBUG: node_cache hit=1 queue_size=6
[2025-06-05 11:02:32] DEBUG: node_cache hit=1 queue_size=5
[2025-06-05 11:02:33] DEBUG: node_cache hit=1 queue_size=12
[2025-06-05 11:02:34] Processing frame 3754/5000... 2.55s
[2025-06-05 11:02:35] DEBUG: node_cache hit=0 queue_size=2
[2025-06-05 11:02:36] DEBUG: node_cache hit=0 queue_size=5
[2025-06-05 11:02:37] Processing frame 3757/5000... 2.62s
[2025-06-05 11:02:38] Processing frame 3758/5000... 0.89s
[2025-06-05 11:02:39] WARNING: VRAM usage at 83%
[2025-06-05 11:02:40] DEBUG: node_cache hit=1 queue_size=9
[2025-06-05 11:02:41] DEBUG: node_cache hit=1 queue_size=1
[2025-06-05 11:02:42] Processing frame 3762/5000... 2.17s
[2025-06-05 11:02:43] DEBUG: node_cache hit=0 queue_size=9
[2025-06-05 11:02:44] Processing frame 3764/5000... 2.35s
[2025-06-05 11:02:45] DEBUG: node_cache hit=0 queue_size=9
[2025-06-05 11:02:46] %%%%%%%% 66%
[2025-06-05 11:02:47] DEBUG: node_cache hit=0 queue_size=8
[2025-06-05 11:02:48] DEBUG: node_cache hit=0 queue_size=6
[2025-06-05 11:02:49] Processing frame 3769/5000... 0.56s
[2025-06-05 11:02:50] Processing frame 3770/5000... 1.17s
[2025-06-05 11:02:51] DEBUG: node_cache hit=1 queue_size=0
[2025-06-05 11:02:52] %%%%%%%% 77%
[2025-06-05 11:02:53] %%%%%%%% 25%
[2025-06-05 11:02:54] DEBUG: node_cache hit=0 queue_size=4
[2025-06-05 11:02:55] DEBUG: node_cache hit=1 queue_size=10
[2025-06-05 11:02:56] DEBUG: node_cache hit=0 queue_size=3
[2025-06-05 11:02:57] %%%%%%%% 75%
[2025-06-05 11:02:58] DEBUG: node_cache hit=0 queue_size=1
[2025-06-05 11:02:59] DEBUG: node_cache hit=0 queue_size=4
[2025-06-05 11:03:00] DEBUG: node_cache hit=1 queue_size=9
[2025-06-05 11:03:01] DEBUG: node_cache hit=0 queue_size=8
[2025-06-05 11:03:02] DEBUG: node_cache hit=1 queue_size=10
[2025-06-05 11:03:03] DEBUG: node_cache hit=0 queue_size=8
[2025-06-05 11:03:04] DEBUG: node_cache hit=0 queue_size=0
[2025-06-05 11:03:05] DEBUG: node_cache hit=0 queue_size=7
[2025-06-05 11:03:06] DEBUG: node_cache hit=1 queue_size=0
[2025-06-05 11:03:07] DEBUG: node_cache hit=0 queue_size=7
[2025-06-05 11:03:08] Processing frame 3788/5000... 1.31s
[2025-06-05 11:03:09] DEBUG: node_cache hit=0 queue_size=3
[2025-06-05 11:03:10] WARNING: VRAM usage at 98%
[2025-06-05 11:03:11] WARNING: VRAM usage at 95%
[2025-06-05 11:03:12] DEBUG: node_cache hit=0 queue_size=9
[2025-06-05 11:03:13] Processing frame 3793/5000... 2.90s
[2025-06-05 11:03:14] Processing frame 3794/5000... 2.36s
[2025-06-05 11:03:15] DEBUG: node_cache hit=0 queue_size=8
[2025-06-05 11:03:16] Processing frame 3796/5000... 0.98s
[2025-06-05 11:03:17] WARNING: VRAM usage at 87%
[2025-06-05 11:03:18] Processing frame 3798/5000... 2.67s
[2025-06-05 11:03:19] Processing frame 3799/5000... 2.63s
[2025-06-05 11:03:20] DEBUG: node_cache hit=1 queue_size=5
[2025-06-05 11:03:21] DEBUG: node_cache hit=0 queue_size=12
[2025-06-05 11:03:22] DEBUG: node_cache hit=1 queue_size=0
[2025-06-05 11:03:23] DEBUG: node_cache hit=1 queue_size=0
[2025-06-05 11:03:24] DEBUG: node_cache hit=1 queue_size=9
[2025-06-05 11:03:25] Processing frame 3805/5000... 2.67s
[2025-06-05 11:03:26] Processing frame 3806/5000... 1.36s
[2025-06-05 11:03:27] DEBUG: node_cache hit=1 queue_size=6
[2025-06-05 11:03:28] Processing frame 3808/5000... 2.92s
[2025-06-05 11:03:29] Processing frame 3809/5000... 1.91s
[2025-06-05 11:03:30] %%%%%%%% 72%
[2025-06-05 11:03:31] DEBUG: node_cache hit=0 queue_size=1
[2025-06-05 11:03:32] Processing frame 3812/5000... 2.78s
[2025-06-05 11:03:33] DEBUG: node_cache hit=1 queue_size=12
[2025-06-05 11:03:34] DEBUG: node_cache hit=0 queue_size=8
[2025-06-05 11:03:35] DEBUG: node_cache hit=1 queue_size=6
[2025-06-05 11:03:36] Processing frame 3816/5000... 1.92s
[2025-06-05 11:03:37] DEBUG: node_cache hit=1 queue_size=9
[2025-06-05 11:03:38] DEBUG: node_cache hit=1 queue_size=7
[2025-06-05 11:03:39] DEBUG: node_cache hit=0 queue_size=2
[2025-06-05 11:03:40] DEBUG: node_cache hit=1 queue_size=0
[2025-06-05 11:03:41] Processing frame 3821/5000... 2.92s
[2025-06-05 11:03:42] DEBUG: node_cache hit=1 queue_size=0
[2025-06-05 11:03:43] DEBUG: node_cache hit=1 queue_size=4
[2025-06-05 11:03:44] DEBUG: node_cache hit=0 queue_size=5
[2025-06-05 11:03:45] DEBUG: node_cache hit=1 queue_size=12
[2025-06-05 11:03:46] DEBUG: node_cache hit=0 queue_size=12
[2025-06-05 11:03:47] DEBUG: node_cache hit=0 queue_size=7
[2025-06-05 11:03:48] DEBUG: node_cache hit=0 queue_size=2
[2025-06-05 11:03:49] DEBUG: node_cache hit=0 queue_size=5
[2025-06-05 11:03:50] DEBUG: node_cache hit=1 queue_size=2
[2025-06-05 11:03:51] DEBUG: node_cache hit=0 queue_size=8
[2025-06-05 11:03:52] DEBUG: node_cache hit=0 queue_size=7
[2025-06-05 11:03:53] DEBUG: node_cache hit=1 queue_size=5
[2025-06-05 11:03:54] Processing frame 3834/5000... 0.73s
[2025-06-05 11:03:55] DEBUG: node_cache hit=0 queue_size=8
[2025-06-05 11:03:56] DEBUG: node_cache hit=1 queue_size=3
[2025-06-05 11:03:57] Processing frame 3837/5000... 1.35s
[2025-06-05 11:03:58] Processing frame 3838/5000... 1.22s
[2025-06-05 11:03:59] DEBUG: node_cache hit=0 queue_size=4
[2025-06-05 11:04:00] DEBUG: node_cache hit=0 queue_size=8
[2025-06-05 11:04:01] DEBUG: node_cache hit=1 queue_size=5
[2025-06-05 11:04:02] DEBUG: node_cache hit=1 queue_size=10
[2025-06-05 11:04:03] DEBUG: node_cache hit=1 queue_size=5
[2025-06-05 11:04:04] DEBUG: node_cache hit=1 queue_size=4
[2025-06-05 11:04:05] DEBUG: node_cache hit=1 queue_size=1
[2025-06-05 11:04:06] ERROR: RuntimeError: expected scalar type Float
  File src/pipeline.py, line 277, in process_frame
  File src/pipeline.py, line 317, in process_frame
  File src/pipeline.py, line 414, in process_frame
  File src/pipeline.py, line 276, in process_frame
  File src/pipeline.py, line 421, in process_frame
  raise CUDA out of memory
[2025-06-05 11:04:07] DEBUG: node_cache hit=0 queue_size=7
[2025-06-05 11:04:08] DEBUG: node_cache hit=0 queue_size=2
[2025-06-05 11:04:09] %%%%%%%% 42%
[2025-06-05 11:04:10] DEBUG: node_cache hit=1 queue_size=0
[2025-06-05 11:04:11] Processing frame 3851/5000... 0.53s
[2025-06-05 11:04:12] WARNING: VRAM usage at 95%
[2025-06-05 11:04:13] DEBUG: node_cache hit=1 queue_size=2
[2025-06-05 11:04:14] WARNING: VRAM usage at 85%
[2025-06-05 11:04:15] DEBUG: node_cache hit=0 queue_size=7
[2025-06-05 11:04:16] DEBUG: node_cache hit=1 queue_size=9
[2025-06-05 11:04:17] ERROR: CUDA out of memory
  File src/pipeline.py, line 214, in process_frame
  File src/pipeline.py, line 23, in process_frame
  File src/pipeline.py, line 23, in process_frame
  File src/pipeline.py, line 333, in process_frame
  File src/pipeline.py, line 387, in process_frame
  raise CUDA out of memory
[2025-06-05 11:04:18] DEBUG: node_cache hit=0 queue_size=2
[2025-06-05 11:04:19] %%%%%%%% 27%
[2025-06-05 11:04:20] Processing frame 3860/5000... 1.87s
[2025-06-05 11:04:21] Processing frame 3861/5000... 2.79s
[2025-06-05 11:04:22] Processing frame 3862/5000... 0.98s
[2025-06-05 11:04:23] Processing frame 3863/5000... 1.15s
[2025-06-05 11:04:24] DEBUG: node_cache hit=1 queue_size=7
[2025-06-05 11:04:25] %%%%%%%% 27%
[2025-06-05 11:04:26] DEBUG: node_cache hit=0 queue_size=11
[2025-06-05 11:04:27] Processing frame 3867/5000... 1.26s
[2025-06-05 11:04:28] DEBUG: node_cache hit=1 queue_size=12
[2025-06-05 11:04:29] DEBUG: node_cache hit=1 queue_size=3
[2025-06-05 11:04:30] DEBUG: node_cache hit=1 queue_size=12
[2025-06-05 11:04:31] DEBUG: node_cache hit=1 queue_size=1
[2025-06-05 11:04:32] DEBUG: node_cache hit=1 queue_size=5
[2025-06-05 11:04:33] DEBUG: node_cache hit=0 queue_size=9
[2025-06-05 11:04:34] DEBUG: node_cache hit=0 queue_size=2
[2025-06-05 11:04:35] DEBUG: node_cache hit=0 queue_size=1
[2025-06-05 11:04:36] DEBUG: node_cache hit=0 queue_size=0
[2025-06-05 11:04:37] DEBUG: node_cache hit=0 queue_size=1
[2025-06-05 11:04:38] WARNING: VRAM usage at 81%
[2025-06-05 11:04:39] WARNING: VRAM usage at 98%
[2025-06-05 11:04:40] DEBUG: node_cache hit=0 queue_size=10
[2025-06-05 11:04:41] DEBUG: node_cache hit=0 queue_size=6
[2025-06-05 11:04:42] DEBUG: node_cache hit=1 queue_size=12
[2025-06-05 11:04:43] DEBUG: node_cache hit=1 queue_size=12
[2025-06-05 11:04:44] Processing frame 3884/5000... 2.84s
[2025-06-05 11:04:45] DEBUG: node_cache hit=0 queue_size=6
[2025-06-05 11:04:46] DEBUG: node_cache hit=1 queue_size=4
[2025-06-05 11:04:47] DEBUG: node_cache hit=1 queue_size=12
[2025-06-05 11:04:48] DEBUG: node_cache hit=0 queue_size=4
[2025-06-05 11:04:49] DEBUG: node_cache hit=0 queue_size=0
[2025-06-05 11:04:50] DEBUG: node_cache hit=0 queue_size=12
[2025-06-05 11:04:51] DEBUG: node_cache hit=1 queue_size=11
[2025-06-05 11:04:52] Processing frame 3892/5000... 2.56s
[2025-06-05 11:04:53] Processing frame 3893/5000... 2.67s
[2025-06-05 11:04:54] Processing frame 3894/5000... 2.17s
[2025-06-05 11:04:55] DEBUG: node_cache hit=1 queue_size=7
[2025-06-05 11:04:56] DEBUG: node_cache hit=1 queue_size=2
[2025-06-05 11:04:57] DEBUG: node_cache hit=1 queue_size=9
[2025-06-05 11:04:58] Processing frame 3898/5000... 1.59s
[2025-06-05 11:04:59] DEBUG: node_cache hit=1 queue_size=10
[2025-06-05 11:05:00] DEBUG: node_cache hit=0 queue_size=5
[2025-06-05 11:05:01] Processing frame 3901/5000... 1.15s
[2025-06-05 11:05:02] DEBUG: node_cache hit=1 queue_size=5
[2025-06-05 11:05:03] WARNING: VRAM usage at 88%
[2025-06-05 11:05:04] Processing frame 3904/5000... 1.81s
[2025-06-05 11:05:05] Processing frame 3905/5000... 3.00s
[2025-06-05 11:05:06] DEBUG: node_cache hit=0 queue_size=0
[2025-06-05 11:05:07] DEBUG: node_cache hit=0 queue_size=4
[2025-06-05 11:05:08] DEBUG: node_cache hit=1 queue_size=0
[2025-06-05 11:05:09] DEBUG: node_cache hit=0 queue_size=1
[2025-06-05 11:05:10] Processing frame 3910/5000... 2.89s
[2025-06-05 11:05:11] Processing frame 3911/5000... 2.14s
[2025-06-05 11:05:12] DEBUG: node_cache hit=0 queue_size=7
[2025-06-05 11:05:13] DEBUG: node_cache hit=1 queue_size=2
[2025-06-05 11:05:14] Processing frame 3914/5000... 2.26s
[2025-06-05 11:05:15] DEBUG: node_cache hit=0 queue_size=11
[2025-06-05 11:05:16] Processing frame 3916/5000... 2.47s
[2025-06-05 11:05:17] DEBUG: node_cache hit=1 queue_size=6
[2025-06-05 11:05:18] DEBUG: node_cache hit=1 queue_size=1
[2025-06-05 11:05:19] WARNING: VRAM usage at 94%
[2025-06-05 11:05:20] DEBUG: node_cache hit=1 queue_size=4
[2025-06-05 11:05:21] DEBUG: node_cache hit=1 queue_size=5
[2025-06-05 11:05:22] Processing frame 3922/5000... 1.19s
[2025-06-05 11:05:23] Processing frame 3923/5000... 1.05s
[2025-06-05 11:05:24] WARNING: VRAM usage at 94%
[2025-06-05 11:05:25] %%%%%%%% 93%
[2025-06-05 11:05:26] DEBUG: node_cache hit=1 queue_size=11
[2025-06-05 11:05:27] DEBUG: node_cache hit=0 queue_size=11
[2025-06-05 11:05:28] WARNING: VRAM usage at 95%
[2025-06-05 11:05:29] DEBUG: node_cache hit=1 queue_size=12
[2025-06-05 11:05:30] WARNING: VRAM usage at 81%
[2025-06-05 11:05:31] DEBUG: node_cache hit=0 queue_size=12
[2025-06-05 11:05:32] DEBUG: node_cache hit=1 queue_size=1
[2025-06-05 11:05:33] %%%%%%%% 53%
[2025-06-05 11:05:34] DEBUG: node_cache hit=1 queue_size=7
[2025-06-05 11:05:35] DEBUG: node_cache hit=1 queue_size=0
[2025-06-05 11:05:36] DEBUG: node_cache hit=1 queue_size=6
[2025-06-05 11:05:37] %%%%%%%% 33%
[2025-06-05 11:05:38] Processing frame 3938/5000... 0.55s
[2025-06-05 11:05:39] DEBUG: node_cache hit=0 queue_size=2
[2025-06-05 11:05:40] Processing frame 3940/5000... 1.86s
[2025-06-05 11:05:41] Processing frame 3941/5000... 2.21s
[2025-06-05 11:05:42] Processing frame 3942/5000... 2.82s
[2025-06-05 11:05:43] DEBUG: node_cache hit=0 queue_size=9
[2025-06-05 11:05:44] Processing frame 3944/5000... 1.09s
[2025-06-05 11:05:45] DEBUG: node_cache hit=1 queue_size=3
[2025-06-05 11:05:46] DEBUG: node_cache hit=0 queue_size=5
[2025-06-05 11:05:47] Processing frame 3947/5000... 2.15s
[2025-06-05 11:05:48] DEBUG: node_cache hit=0 queue_size=4
[2025-06-05 11:05:49] Processing frame 3949/5000... 1.27s
[2025-06-05 11:05:50] Processing frame 3950/5000... 0.63s
[2025-06-05 11:05:51] DEBUG: node_cache hit=1 queue_size=6
[2025-06-05 11:05:52] DEBUG: node_cache hit=1 queue_size=0
[2025-06-05 11:05:53] DEBUG: node_cache hit=0 queue_size=6
[2025-06-05 11:05:54] DEBUG: node_cache hit=1 queue_size=3
[2025-06-05 11:05:55] DEBUG: node_cache hit=0 queue_size=1
[2025-06-05 11:05:56] DEBUG: node_cache hit=0 queue_size=8
[2025-06-05 11:05:57] DEBUG: node_cache hit=1 queue_size=10
[2025-06-05 11:05:58] DEBUG: node_cache hit=0 queue_size=5
[2025-06-05 11:05:59] DEBUG: node_cache hit=0 queue_size=11
[2025-06-05 11:06:00] WARNING: VRAM usage at 91%
[2025-06-05 11:06:01] DEBUG: node_cache hit=0 queue_size=2
[2025-06-05 11:06:02] DEBUG: node_cache hit=1 queue_size=6
[2025-06-05 11:06:03] DEBUG: node_cache hit=1 queue_size=5
[2025-06-05 11:06:04] Processing frame 3964/5000... 2.41s
[2025-06-05 11:06:05] DEBUG: node_cache hit=0 queue_size=4
[2025-06-05 11:06:06] DEBUG: node_cache hit=1 queue_size=9
[2025-06-05 11:06:07] DEBUG: node_cache hit=1 queue_size=2
[2025-06-05 11:06:08] DEBUG: node_cache hit=0 queue_size=11
[2025-06-05 11:06:09] Processing frame 3969/5000... 0.86s
[2025-06-05 11:06:10] DEBUG: node_cache hit=1 queue_size=1
[2025-06-05 11:06:11] DEBUG: node_cache hit=0 queue_size=11
[2025-06-05 11:06:12] DEBUG: node_cache hit=0 queue_size=0
[2025-06-05 11:06:13] DEBUG: node_cache hit=0 queue_size=11
[2025-06-05 11:06:14] DEBUG: node_cache hit=1 queue_size=9
[2025-06-05 11:06:15] DEBUG: node_cache hit=0 queue_size=12
[2025-06-05 11:06:16] DEBUG: node_cache hit=0 queue_size=5
[2025-06-05 11:06:17] DEBUG: node_cache hit=1 queue_size=0
[2025-06-05 11:06:18] DEBUG: node_cache hit=0 queue_size=12
[2025-06-05 11:06:19] DEBUG: node_cache hit=0 queue_size=0
[2025-06-05 11:06:20] Processing frame 3980/5000... 2.96s
[2025-06-05 11:06:21] %%%%%%%% 20%
[2025-06-05 11:06:22] DEBUG: node_cache hit=0 queue_size=0
[2025-06-05 11:06:23] DEBUG: node_cache hit=1 queue_size=11
[2025-06-05 11:06:24] Processing frame 3984/5000... 2.09s
[2025-06-05 11:06:25] WARNING: VRAM usage at 88%
[2025-06-05 11:06:26] DEBUG: node_cache hit=1 queue_size=0
[2025-06-05 11:06:27] DEBUG: node_cache hit=0 queue_size=9
[2025-06-05 11:06:28] DEBUG: node_cache hit=0 queue_size=8
[2025-06-05 11:06:29] Processing frame 3989/5000... 1.94s
[2025-06-05 11:06:30] DEBUG: node_cache hit=1 queue_size=1
[2025-06-05 11:06:31] WARNING: VRAM usage at 94%
[2025-06-05 11:06:32] WARNING: VRAM usage at 84%
[2025-06-05 11:06:33] DEBUG: node_cache hit=1 queue_size=4
[2025-06-05 11:06:34] DEBUG: node_cache hit=1 queue_size=3
[2025-06-05 11:06:35] DEBUG: node_cache hit=1 queue_size=11
[2025-06-05 11:06:36] %%%%%%%% 93%
[2025-06-05 11:06:37] DEBUG: node_cache hit=0 queue_size=6
[2025-06-05 11:06:38] DEBUG: node_cache hit=0 queue_size=0
[2025-06-05 11:06:39] DEBUG: node_cache hit=0 queue_size=11
[2025-06-05 11:06:40] DEBUG: node_cache hit=0 queue_size=6
[2025-06-05 11:06:41] DEBUG: node_cache hit=0 queue_size=2
[2025-06-05 11:06:42] Processing frame 4002/5000... 2.45s
[2025-06-05 11:06:43] DEBUG: node_cache hit=0 queue_size=0
[2025-06-05 11:06:44] DEBUG: node_cache hit=0 queue_size=1
[2025-06-05 11:06:45] DEBUG: node_cache hit=1 queue_size=1
[2025-06-05 11:06:46] DEBUG: node_cache hit=0 queue_size=12
[2025-06-05 11:06:47] DEBUG: node_cache hit=0 queue_size=9
[2025-06-05 11:06:48] DEBUG: node_cache hit=0 queue_size=1
[2025-06-05 11:06:49] DEBUG: node_cache hit=0 queue_size=5
[2025-06-05 11:06:50] %%%%%%%% 45%
[2025-06-05 11:06:51] ERROR: ValueError: invalid literal
  File src/pipeline.py, line 358, in process_frame
  File src/pipeline.py, line 444, in process_frame
  File src/pipeline.py, line 141, in process_frame
  File src/pipeline.py, line 116, in process_frame
  File src/pipeline.py, line 187, in process_frame
  raise ValueError: invalid literal
[2025-06-05 11:06:52] DEBUG: node_cache hit=1 queue_size=8
[2025-06-05 11:06:53] DEBUG: node_cache hit=1 queue_size=0
[2025-06-05 11:06:54] Processing frame 4014/5000... 2.85s
[2025-06-05 11:06:55] DEBUG: node_cache hit=0 queue_size=8
[2025-06-05 11:06:56] DEBUG: node_cache hit=1 queue_size=9
[2025-06-05 11:06:57] DEBUG: node_cache hit=0 queue_size=1
[2025-06-05 11:06:58] DEBUG: node_cache hit=0 queue_size=8
[2025-06-05 11:06:59] DEBUG: node_cache hit=0 queue_size=2
[2025-06-05 11:07:00] Processing frame 4020/5000... 2.15s
[2025-06-05 11:07:01] Processing frame 4021/5000... 0.62s
[2025-06-05 11:07:02] Processing frame 4022/5000... 2.18s
[2025-06-05 11:07:03] ERROR: FileNotFoundError: model.safetensors
  File src/pipeline.py, line 286, in process_frame
  File src/pipeline.py, line 451, in process_frame
  File src/pipeline.py, line 352, in process_frame
  File src/pipeline.py, line 138, in process_frame
  File src/pipeline.py, line 72, in process_frame
  raise ConnectionRefusedError: localhost:8188
[2025-06-05 11:07:04] DEBUG: node_cache hit=1 queue_size=1
[2025-06-05 11:07:05] Processing frame 4025/5000... 0.51s
[2025-06-05 11:07:06] DEBUG: node_cache hit=0 queue_size=7
[2025-06-05 11:07:07] DEBUG: node_cache hit=0 queue_size=0
[2025-06-05 11:07:08] DEBUG: node_cache hit=1 queue_size=7
[2025-06-05 11:07:09] Processing frame 4029/5000... 2.02s
[2025-06-05 11:07:10] DEBUG: node_cache hit=0 queue_size=0
[2025-06-05 11:07:11] %%%%%%%% 29%
[2025-06-05 11:07:12] WARNING: VRAM usage at 81%
[2025-06-05 11:07:13] WARNING: VRAM usage at 88%
[2025-06-05 11:07:14] %%%%%%%% 88%
[2025-06-05 11:07:15] DEBUG: node_cache hit=1 queue_size=0
[2025-06-05 11:07:16] DEBUG: node_cache hit=1 queue_size=4
[2025-06-05 11:07:17] DEBUG: node_cache hit=1 queue_size=10
[2025-06-05 11:07:18] WARNING: VRAM usage at 90%
[2025-06-05 11:07:19] Processing frame 4039/5000... 2.02s
[2025-06-05 11:07:20] Processing frame 4040/5000... 1.82s
[2025-06-05 11:07:21] DEBUG: node_cache hit=1 queue_size=9
[2025-06-05 11:07:22] Processing frame 4042/5000... 0.88s
[2025-06-05 11:07:23] DEBUG: node_cache hit=1 queue_size=1
[2025-06-05 11:07:24] DEBUG: node_cache hit=1 queue_size=2
[2025-06-05 11:07:25] Processing frame 4045/5000... 1.12s
[2025-06-05 11:07:26] Processing frame 4046/5000... 0.64s
[2025-06-05 11:07:27] Processing frame 4047/5000... 1.83s
[2025-06-05 11:07:28] Processing frame 4048/5000... 1.94s
[2025-06-05 11:07:29] DEBUG: node_cache hit=1 queue_size=7
[2025-06-05 11:07:30] DEBUG: node_cache hit=1 queue_size=6
[2025-06-05 11:07:31] DEBUG: node_cache hit=1 queue_size=3
[2025-06-05 11:07:32] Processing frame 4052/5000... 1.69s
[2025-06-05 11:07:33] DEBUG: node_cache hit=1 queue_size=4
[2025-06-05 11:07:34] DEBUG: node_cache hit=0 queue_size=1
[2025-06-05 11:07:35] Processing frame 4055/5000... 2.49s
[2025-06-05 11:07:36] Processing frame 4056/5000... 1.71s
[2025-06-05 11:07:37] DEBUG: node_cache hit=1 queue_size=2
[2025-06-05 11:07:38] Processing frame 4058/5000... 0.77s
[2025-06-05 11:07:39] Processing frame 4059/5000... 1.79s
[2025-06-05 11:07:40] DEBUG: node_cache hit=0 queue_size=1
[2025-06-05 11:07:41] DEBUG: node_cache hit=0 queue_size=3
[2025-06-05 11:07:42] DEBUG: node_cache hit=1 queue_size=6
[2025-06-05 11:07:43] DEBUG: node_cache hit=1 queue_size=9
[2025-06-05 11:07:44] %%%%%%%% 53%
[2025-06-05 11:07:45] DEBUG: node_cache hit=0 queue_size=1
[2025-06-05 11:07:46] DEBUG: node_cache hit=1 queue_size=12
[2025-06-05 11:07:47] DEBUG: node_cache hit=1 queue_size=1
[2025-06-05 11:07:48] DEBUG: node_cache hit=0 queue_size=12
[2025-06-05 11:07:49] Processing frame 4069/5000... 0.99s
[2025-06-05 11:07:50] Processing frame 4070/5000... 0.61s
[2025-06-05 11:07:51] DEBUG: node_cache hit=0 queue_size=7
[2025-06-05 11:07:52] Processing frame 4072/5000... 0.57s
[2025-06-05 11:07:53] Processing frame 4073/5000... 1.38s
[2025-06-05 11:07:54] DEBUG: node_cache hit=1 queue_size=5
[2025-06-05 11:07:55] Processing frame 4075/5000... 2.55s
[2025-06-05 11:07:56] DEBUG: node_cache hit=1 queue_size=2
[2025-06-05 11:07:57] DEBUG: node_cache hit=1 queue_size=8
[2025-06-05 11:07:58] DEBUG: node_cache hit=0 queue_size=1
[2025-06-05 11:07:59] Processing frame 4079/5000... 2.27s
[2025-06-05 11:08:00] DEBUG: node_cache hit=1 queue_size=7
[2025-06-05 11:08:01] DEBUG: node_cache hit=0 queue_size=4
[2025-06-05 11:08:02] %%%%%%%% 66%
[2025-06-05 11:08:03] ERROR: FileNotFoundError: model.safetensors
  File src/pipeline.py, line 446, in process_frame
  File src/pipeline.py, line 187, in process_frame
  File src/pipeline.py, line 492, in process_frame
  File src/pipeline.py, line 240, in process_frame
  File src/pipeline.py, line 196, in process_frame
  raise RuntimeError: expected scalar type Float
[2025-06-05 11:08:04] %%%%%%%% 83%
[2025-06-05 11:08:05] DEBUG: node_cache hit=0 queue_size=0
[2025-06-05 11:08:06] DEBUG: node_cache hit=1 queue_size=3
[2025-06-05 11:08:07] DEBUG: node_cache hit=1 queue_size=5
[2025-06-05 11:08:08] DEBUG: node_cache hit=0 queue_size=8
[2025-06-05 11:08:09] DEBUG: node_cache hit=0 queue_size=9
[2025-06-05 11:08:10] DEBUG: node_cache hit=0 queue_size=6
[2025-06-05 11:08:11] WARNING: VRAM usage at 99%
[2025-06-05 11:08:12] Processing frame 4092/5000... 0.58s
[2025-06-05 11:08:13] WARNING: VRAM usage at 98%
[2025-06-05 11:08:14] DEBUG: node_cache hit=1 queue_size=8
[2025-06-05 11:08:15] %%%%%%%% 82%
[2025-06-05 11:08:16] DEBUG: node_cache hit=0 queue_size=5
[2025-06-05 11:08:17] WARNING: VRAM usage at 95%
[2025-06-05 11:08:18] DEBUG: node_cache hit=1 queue_size=6
[2025-06-05 11:08:19] DEBUG: node_cache hit=1 queue_size=2
[2025-06-05 11:08:20] DEBUG: node_cache hit=1 queue_size=8
[2025-06-05 11:08:21] DEBUG: node_cache hit=0 queue_size=4
[2025-06-05 11:08:22] WARNING: VRAM usage at 96%
[2025-06-05 11:08:23] DEBUG: node_cache hit=0 queue_size=5
[2025-06-05 11:08:24] WARNING: VRAM usage at 85%
[2025-06-05 11:08:25] DEBUG: node_cache hit=0 queue_size=7
[2025-06-05 11:08:26] DEBUG: node_cache hit=1 queue_size=2
[2025-06-05 11:08:27] Processing frame 4107/5000... 1.15s
[2025-06-05 11:08:28] DEBUG: node_cache hit=0 queue_size=12
[2025-06-05 11:08:29] Processing frame 4109/5000... 2.40s
[2025-06-05 11:08:30] DEBUG: node_cache hit=0 queue_size=6
[2025-06-05 11:08:31] DEBUG: node_cache hit=1 queue_size=4
[2025-06-05 11:08:32] DEBUG: node_cache hit=1 queue_size=2
[2025-06-05 11:08:33] DEBUG: node_cache hit=1 queue_size=3
[2025-06-05 11:08:34] DEBUG: node_cache hit=1 queue_size=3
[2025-06-05 11:08:35] DEBUG: node_cache hit=0 queue_size=1
[2025-06-05 11:08:36] DEBUG: node_cache hit=1 queue_size=7
[2025-06-05 11:08:37] DEBUG: node_cache hit=1 queue_size=2
[2025-06-05 11:08:38] Processing frame 4118/5000... 2.13s
[2025-06-05 11:08:39] WARNING: VRAM usage at 98%
[2025-06-05 11:08:40] DEBUG: node_cache hit=1 queue_size=5
[2025-06-05 11:08:41] DEBUG: node_cache hit=0 queue_size=12
[2025-06-05 11:08:42] DEBUG: node_cache hit=0 queue_size=11
[2025-06-05 11:08:43] DEBUG: node_cache hit=1 queue_size=4
[2025-06-05 11:08:44] Processing frame 4124/5000... 0.79s
[2025-06-05 11:08:45] WARNING: VRAM usage at 97%
[2025-06-05 11:08:46] Processing frame 4126/5000... 2.23s
[2025-06-05 11:08:47] DEBUG: node_cache hit=0 queue_size=6
[2025-06-05 11:08:48] Processing frame 4128/5000... 0.77s
[2025-06-05 11:08:49] Processing frame 4129/5000... 2.59s
[2025-06-05 11:08:50] DEBUG: node_cache hit=0 queue_size=11
[2025-06-05 11:08:51] Processing frame 4131/5000... 1.67s
[2025-06-05 11:08:52] Processing frame 4132/5000... 1.55s
[2025-06-05 11:08:53] DEBUG: node_cache hit=1 queue_size=7
[2025-06-05 11:08:54] DEBUG: node_cache hit=1 queue_size=5
[2025-06-05 11:08:55] DEBUG: node_cache hit=1 queue_size=8
[2025-06-05 11:08:56] WARNING: VRAM usage at 88%
[2025-06-05 11:08:57] DEBUG: node_cache hit=0 queue_size=8
[2025-06-05 11:08:58] DEBUG: node_cache hit=0 queue_size=0
[2025-06-05 11:08:59] DEBUG: node_cache hit=1 queue_size=6
[2025-06-05 11:09:00] DEBUG: node_cache hit=0 queue_size=5
[2025-06-05 11:09:01] DEBUG: node_cache hit=0 queue_size=9
[2025-06-05 11:09:02] DEBUG: node_cache hit=0 queue_size=3
[2025-06-05 11:09:03] DEBUG: node_cache hit=1 queue_size=12
[2025-06-05 11:09:04] DEBUG: node_cache hit=1 queue_size=4
[2025-06-05 11:09:05] DEBUG: node_cache hit=0 queue_size=11
[2025-06-05 11:09:06] DEBUG: node_cache hit=1 queue_size=6
[2025-06-05 11:09:07] DEBUG: node_cache hit=0 queue_size=12
[2025-06-05 11:09:08] DEBUG: node_cache hit=0 queue_size=3
[2025-06-05 11:09:09] DEBUG: node_cache hit=1 queue_size=1
[2025-06-05 11:09:10] DEBUG: node_cache hit=0 queue_size=10
[2025-06-05 11:09:11] DEBUG: node_cache hit=1 queue_size=11
[2025-06-05 11:09:12] Processing frame 4152/5000... 2.02s
[2025-06-05 11:09:13] WARNING: VRAM usage at 87%
[2025-06-05 11:09:14] DEBUG: node_cache hit=0 queue_size=1
[2025-06-05 11:09:15] DEBUG: node_cache hit=0 queue_size=1
[2025-06-05 11:09:16] DEBUG: node_cache hit=0 queue_size=8
[2025-06-05 11:09:17] DEBUG: node_cache hit=1 queue_size=11
[2025-06-05 11:09:18] DEBUG: node_cache hit=1 queue_size=7
[2025-06-05 11:09:19] %%%%%%%% 59%
[2025-06-05 11:09:20] DEBUG: node_cache hit=0 queue_size=10
[2025-06-05 11:09:21] Processing frame 4161/5000... 0.68s
[2025-06-05 11:09:22] DEBUG: node_cache hit=0 queue_size=10
[2025-06-05 11:09:23] %%%%%%%% 73%
[2025-06-05 11:09:24] WARNING: VRAM usage at 97%
[2025-06-05 11:09:25] DEBUG: node_cache hit=0 queue_size=10
[2025-06-05 11:09:26] DEBUG: node_cache hit=0 queue_size=12
[2025-06-05 11:09:27] DEBUG: node_cache hit=1 queue_size=4
[2025-06-05 11:09:28] WARNING: VRAM usage at 81%
[2025-06-05 11:09:29] DEBUG: node_cache hit=1 queue_size=9
[2025-06-05 11:09:30] DEBUG: node_cache hit=0 queue_size=8
[2025-06-05 11:09:31] DEBUG: node_cache hit=0 queue_size=7
[2025-06-05 11:09:32] WARNING: VRAM usage at 83%
[2025-06-05 11:09:33] Processing frame 4173/5000... 0.61s
[2025-06-05 11:09:34] Processing frame 4174/5000... 0.58s
[2025-06-05 11:09:35] DEBUG: node_cache hit=0 queue_size=5
[2025-06-05 11:09:36] DEBUG: node_cache hit=1 queue_size=3
[2025-06-05 11:09:37] Processing frame 4177/5000... 1.21s
[2025-06-05 11:09:38] DEBUG: node_cache hit=1 queue_size=11
[2025-06-05 11:09:39] Processing frame 4179/5000... 2.18s
[2025-06-05 11:09:40] DEBUG: node_cache hit=0 queue_size=5
[2025-06-05 11:09:41] WARNING: VRAM usage at 85%
[2025-06-05 11:09:42] DEBUG: node_cache hit=0 queue_size=8
[2025-06-05 11:09:43] Processing frame 4183/5000... 0.99s
[2025-06-05 11:09:44] DEBUG: node_cache hit=1 queue_size=4
[2025-06-05 11:09:45] DEBUG: node_cache hit=1 queue_size=1
[2025-06-05 11:09:46] WARNING: VRAM usage at 86%
[2025-06-05 11:09:47] DEBUG: node_cache hit=0 queue_size=10
[2025-06-05 11:09:48] DEBUG: node_cache hit=1 queue_size=9
[2025-06-05 11:09:49] DEBUG: node_cache hit=1 queue_size=8
[2025-06-05 11:09:50] Processing frame 4190/5000... 2.70s
[2025-06-05 11:09:51] DEBUG: node_cache hit=0 queue_size=6
[2025-06-05 11:09:52] DEBUG: node_cache hit=1 queue_size=2
[2025-06-05 11:09:53] DEBUG: node_cache hit=1 queue_size=12
[2025-06-05 11:09:54] DEBUG: node_cache hit=0 queue_size=5
[2025-06-05 11:09:55] DEBUG: node_cache hit=0 queue_size=11
[2025-06-05 11:09:56] DEBUG: node_cache hit=0 queue_size=11
[2025-06-05 11:09:57] DEBUG: node_cache hit=0 queue_size=0
[2025-06-05 11:09:58] WARNING: VRAM usage at 92%
[2025-06-05 11:09:59] WARNING: VRAM usage at 97%
[2025-06-05 11:10:00] DEBUG: node_cache hit=1 queue_size=4
[2025-06-05 11:10:01] WARNING: VRAM usage at 87%
[2025-06-05 11:10:02] Processing frame 4202/5000... 2.33s
[2025-06-05 11:10:03] DEBUG: node_cache hit=1 queue_size=10
[2025-06-05 11:10:04] DEBUG: node_cache hit=1 queue_size=9
[2025-06-05 11:10:05] WARNING: VRAM usage at 81%
[2025-06-05 11:10:06] Processing frame 4206/5000... 1.11s
[2025-06-05 11:10:07] Processing frame 4207/5000... 0.97s
[2025-06-05 11:10:08] DEBUG: node_cache hit=1 queue_size=6
[2025-06-05 11:10:09] DEBUG: node_cache hit=1 queue_size=11
[2025-06-05 11:10:10] DEBUG: node_cache hit=1 queue_size=6
[2025-06-05 11:10:11] DEBUG: node_cache hit=1 queue_size=9
[2025-06-05 11:10:12] WARNING: VRAM usage at 94%
[2025-06-05 11:10:13] Processing frame 4213/5000... 2.83s
[2025-06-05 11:10:14] DEBUG: node_cache hit=0 queue_size=7
[2025-06-05 11:10:15] DEBUG: node_cache hit=0 queue_size=7
[2025-06-05 11:10:16] DEBUG: node_cache hit=0 queue_size=10
[2025-06-05 11:10:17] WARNING: VRAM usage at 93%
[2025-06-05 11:10:18] DEBUG: node_cache hit=0 queue_size=12
[2025-06-05 11:10:19] DEBUG: node_cache hit=0 queue_size=3
[2025-06-05 11:10:20] %%%%%%%% 70%
[2025-06-05 11:10:21] DEBUG: node_cache hit=0 queue_size=6
[2025-06-05 11:10:22] DEBUG: node_cache hit=1 queue_size=9
[2025-06-05 11:10:23] DEBUG: node_cache hit=1 queue_size=9
[2025-06-05 11:10:24] Processing frame 4224/5000... 2.56s
[2025-06-05 11:10:25] DEBUG: node_cache hit=1 queue_size=1
[2025-06-05 11:10:26] DEBUG: node_cache hit=1 queue_size=0
[2025-06-05 11:10:27] %%%%%%%% 63%
[2025-06-05 11:10:28] Processing frame 4228/5000... 2.91s
[2025-06-05 11:10:29] %%%%%%%% 67%
[2025-06-05 11:10:30] DEBUG: node_cache hit=0 queue_size=1
[2025-06-05 11:10:31] DEBUG: node_cache hit=1 queue_size=8
[2025-06-05 11:10:32] DEBUG: node_cache hit=0 queue_size=9
[2025-06-05 11:10:33] DEBUG: node_cache hit=0 queue_size=6
[2025-06-05 11:10:34] DEBUG: node_cache hit=1 queue_size=6
[2025-06-05 11:10:35] Processing frame 4235/5000... 1.24s
[2025-06-05 11:10:36] %%%%%%%% 39%
[2025-06-05 11:10:37] DEBUG: node_cache hit=1 queue_size=0
[2025-06-05 11:10:38] DEBUG: node_cache hit=1 queue_size=11
[2025-06-05 11:10:39] DEBUG: node_cache hit=0 queue_size=12
[2025-06-05 11:10:40] %%%%%%%% 45%
[2025-06-05 11:10:41] DEBUG: node_cache hit=1 queue_size=5
[2025-06-05 11:10:42] Processing frame 4242/5000... 1.60s
[2025-06-05 11:10:43] Processing frame 4243/5000... 1.92s
[2025-06-05 11:10:44] DEBUG: node_cache hit=0 queue_size=5
[2025-06-05 11:10:45] Processing frame 4245/5000... 2.04s
[2025-06-05 11:10:46] %%%%%%%% 37%
[2025-06-05 11:10:47] DEBUG: node_cache hit=1 queue_size=9
[2025-06-05 11:10:48] DEBUG: node_cache hit=0 queue_size=8
[2025-06-05 11:10:49] DEBUG: node_cache hit=0 queue_size=5
[2025-06-05 11:10:50] Processing frame 4250/5000... 1.87s
[2025-06-05 11:10:51] WARNING: VRAM usage at 92%
[2025-06-05 11:10:52] DEBUG: node_cache hit=1 queue_size=6
[2025-06-05 11:10:53] DEBUG: node_cache hit=1 queue_size=1
[2025-06-05 11:10:54] DEBUG: node_cache hit=0 queue_size=7
[2025-06-05 11:10:55] DEBUG: node_cache hit=1 queue_size=4
[2025-06-05 11:10:56] Processing frame 4256/5000... 0.75s
[2025-06-05 11:10:57] Processing frame 4257/5000... 1.16s
[2025-06-05 11:10:58] DEBUG: node_cache hit=1 queue_size=5
[2025-06-05 11:10:59] DEBUG: node_cache hit=1 queue_size=9
[2025-06-05 11:11:00] DEBUG: node_cache hit=0 queue_size=6
[2025-06-05 11:11:01] DEBUG: node_cache hit=1 queue_size=5
[2025-06-05 11:11:02] DEBUG: node_cache hit=1 queue_size=8
[2025-06-05 11:11:03] DEBUG: node_cache hit=0 queue_size=5
[2025-06-05 11:11:04] Processing frame 4264/5000... 2.45s
[2025-06-05 11:11:05] DEBUG: node_cache hit=1 queue_size=11
[2025-06-05 11:11:06] DEBUG: node_cache hit=1 queue_size=0
[2025-06-05 11:11:07] Processing frame 4267/5000... 1.40s
[2025-06-05 11:11:08] DEBUG: node_cache hit=0 queue_size=12
[2025-06-05 11:11:09] Processing frame 4269/5000... 1.55s
[2025-06-05 11:11:10] Processing frame 4270/5000... 1.54s
[2025-06-05 11:11:11] DEBUG: node_cache hit=0 queue_size=4
[2025-06-05 11:11:12] Processing frame 4272/5000... 2.99s
[2025-06-05 11:11:13] DEBUG: node_cache hit=0 queue_size=2
[2025-06-05 11:11:14] DEBUG: node_cache hit=0 queue_size=3
[2025-06-05 11:11:15] Processing frame 4275/5000... 2.92s
[2025-06-05 11:11:16] DEBUG: node_cache hit=1 queue_size=6
[2025-06-05 11:11:17] DEBUG: node_cache hit=0 queue_size=11
[2025-06-05 11:11:18] DEBUG: node_cache hit=0 queue_size=0
[2025-06-05 11:11:19] DEBUG: node_cache hit=0 queue_size=4
[2025-06-05 11:11:20] DEBUG: node_cache hit=1 queue_size=12
[2025-06-05 11:11:21] DEBUG: node_cache hit=1 queue_size=6
[2025-06-05 11:11:22] DEBUG: node_cache hit=0 queue_size=7
[2025-06-05 11:11:23] DEBUG: node_cache hit=1 queue_size=5
[2025-06-05 11:11:24] DEBUG: node_cache hit=0 queue_size=9
[2025-06-05 11:11:25] DEBUG: node_cache hit=0 queue_size=12
[2025-06-05 11:11:26] DEBUG: node_cache hit=1 queue_size=2
[2025-06-05 11:11:27] DEBUG: node_cache hit=1 queue_size=0
[2025-06-05 11:11:28] DEBUG: node_cache hit=1 queue_size=6
[2025-06-05 11:11:29] DEBUG: node_cache hit=0 queue_size=3
[2025-06-05 11:11:30] Processing frame 4290/5000... 2.16s
[2025-06-05 11:11:31] DEBUG: node_cache hit=1 queue_size=6
[2025-06-05 11:11:32] Processing frame 4292/5000... 1.30s
[2025-06-05 11:11:33] Processing frame 4293/5000... 2.67s
[2025-06-05 11:11:34] DEBUG: node_cache hit=1 queue_size=0
[2025-06-05 11:11:35] DEBUG: node_cache hit=1 queue_size=8
[2025-06-05 11:11:36] DEBUG: node_cache hit=0 queue_size=2
[2025-06-05 11:11:37] DEBUG: node_cache hit=0 queue_size=11
[2025-06-05 11:11:38] %%%%%%%% 43%
[2025-06-05 11:11:39] WARNING: VRAM usage at 99%
[2025-06-05 11:11:40] DEBUG: node_cache hit=0 queue_size=2
[2025-06-05 11:11:41] DEBUG: node_cache hit=1 queue_size=12
[2025-06-05 11:11:42] DEBUG: node_cache hit=0 queue_size=6
[2025-06-05 11:11:43] %%%%%%%% 31%
[2025-06-05 11:11:44] DEBUG: node_cache hit=1 queue_size=2
[2025-06-05 11:11:45] DEBUG: node_cache hit=1 queue_size=1
[2025-06-05 11:11:46] DEBUG: node_cache hit=1 queue_size=0
[2025-06-05 11:11:47] DEBUG: node_cache hit=1 queue_size=6
[2025-06-05 11:11:48] DEBUG: node_cache hit=1 queue_size=3
[2025-06-05 11:11:49] DEBUG: node_cache hit=0 queue_size=10
[2025-06-05 11:11:50] DEBUG: node_cache hit=1 queue_size=12
[2025-06-05 11:11:51] DEBUG: node_cache hit=0 queue_size=6
[2025-06-05 11:11:52] DEBUG: node_cache hit=1 queue_size=5
[2025-06-05 11:11:53] DEBUG: node_cache hit=1 queue_size=0
[2025-06-05 11:11:54] Processing frame 4314/5000... 2.19s
[2025-06-05 11:11:55] DEBUG: node_cache hit=1 queue_size=4
[2025-06-05 11:11:56] %%%%%%%% 88%
[2025-06-05 11:11:57] DEBUG: node_cache hit=0 queue_size=5
[2025-06-05 11:11:58] WARNING: VRAM usage at 94%
[2025-06-05 11:11:59] DEBUG: node_cache hit=1 queue_size=0
[2025-06-05 11:12:00] DEBUG: node_cache hit=1 queue_size=8
[2025-06-05 11:12:01] DEBUG: node_cache hit=1 queue_size=9
[2025-06-05 11:12:02] Processing frame 4322/5000... 1.46s
[2025-06-05 11:12:03] DEBUG: node_cache hit=0 queue_size=6
[2025-06-05 11:12:04] DEBUG: node_cache hit=1 queue_size=1
[2025-06-05 11:12:05] DEBUG: node_cache hit=1 queue_size=2
[2025-06-05 11:12:06] Processing frame 4326/5000... 1.91s
[2025-06-05 11:12:07] Processing frame 4327/5000... 0.66s
[2025-06-05 11:12:08] DEBUG: node_cache hit=0 queue_size=12
[2025-06-05 11:12:09] DEBUG: node_cache hit=0 queue_size=11
[2025-06-05 11:12:10] DEBUG: node_cache hit=1 queue_size=4
[2025-06-05 11:12:11] DEBUG: node_cache hit=0 queue_size=9
[2025-06-05 11:12:12] ERROR: ValueError: invalid literal
  File src/pipeline.py, line 208, in process_frame
  File src/pipeline.py, line 228, in process_frame
  File src/pipeline.py, line 282, in process_frame
  File src/pipeline.py, line 71, in process_frame
  File src/pipeline.py, line 322, in process_frame
  raise FileNotFoundError: model.safetensors
[2025-06-05 11:12:13] DEBUG: node_cache hit=1 queue_size=1
[2025-06-05 11:12:14] Processing frame 4334/5000... 0.80s
[2025-06-05 11:12:15] DEBUG: node_cache hit=1 queue_size=9
[2025-06-05 11:12:16] DEBUG: node_cache hit=0 queue_size=8
[2025-06-05 11:12:17] Processing frame 4337/5000... 1.25s
[2025-06-05 11:12:18] DEBUG: node_cache hit=1 queue_size=5
[2025-06-05 11:12:19] DEBUG: node_cache hit=1 queue_size=9
[2025-06-05 11:12:20] DEBUG: node_cache hit=1 queue_size=11
[2025-06-05 11:12:21] Processing frame 4341/5000... 1.08s
[2025-06-05 11:12:22] DEBUG: node_cache hit=1 queue_size=10
[2025-06-05 11:12:23] WARNING: VRAM usage at 94%
[2025-06-05 11:12:24] DEBUG: node_cache hit=1 queue_size=12
[2025-06-05 11:12:25] Processing frame 4345/5000... 2.02s
[2025-06-05 11:12:26] DEBUG: node_cache hit=0 queue_size=6
[2025-06-05 11:12:27] WARNING: VRAM usage at 83%
[2025-06-05 11:12:28] DEBUG: node_cache hit=0 queue_size=3
[2025-06-05 11:12:29] WARNING: VRAM usage at 92%
[2025-06-05 11:12:30] WARNING: VRAM usage at 96%
[2025-06-05 11:12:31] DEBUG: node_cache hit=1 queue_size=10
[2025-06-05 11:12:32] DEBUG: node_cache hit=0 queue_size=1
[2025-06-05 11:12:33] DEBUG: node_cache hit=1 queue_size=9
[2025-06-05 11:12:34] Processing frame 4354/5000... 0.90s
[2025-06-05 11:12:35] DEBUG: node_cache hit=1 queue_size=9
[2025-06-05 11:12:36] DEBUG: node_cache hit=0 queue_size=4
[2025-06-05 11:12:37] Processing frame 4357/5000... 1.88s
[2025-06-05 11:12:38] DEBUG: node_cache hit=0 queue_size=3
[2025-06-05 11:12:39] Processing frame 4359/5000... 1.61s
[2025-06-05 11:12:40] DEBUG: node_cache hit=0 queue_size=2
[2025-06-05 11:12:41] DEBUG: node_cache hit=1 queue_size=0
[2025-06-05 11:12:42] Processing frame 4362/5000... 2.20s
[2025-06-05 11:12:43] DEBUG: node_cache hit=1 queue_size=4
[2025-06-05 11:12:44] DEBUG: node_cache hit=1 queue_size=0
[2025-06-05 11:12:45] Processing frame 4365/5000... 1.64s
[2025-06-05 11:12:46] DEBUG: node_cache hit=1 queue_size=0
[2025-06-05 11:12:47] DEBUG: node_cache hit=1 queue_size=5
[2025-06-05 11:12:48] WARNING: VRAM usage at 96%
[2025-06-05 11:12:49] DEBUG: node_cache hit=1 queue_size=3
[2025-06-05 11:12:50] DEBUG: node_cache hit=0 queue_size=1
[2025-06-05 11:12:51] DEBUG: node_cache hit=1 queue_size=8
[2025-06-05 11:12:52] DEBUG: node_cache hit=0 queue_size=4
[2025-06-05 11:12:53] Processing frame 4373/5000... 2.93s
[2025-06-05 11:12:54] DEBUG: node_cache hit=0 queue_size=8
[2025-06-05 11:12:55] DEBUG: node_cache hit=1 queue_size=1
[2025-06-05 11:12:56] DEBUG: node_cache hit=1 queue_size=10
[2025-06-05 11:12:57] WARNING: VRAM usage at 83%
[2025-06-05 11:12:58] DEBUG: node_cache hit=1 queue_size=6
[2025-06-05 11:12:59] WARNING: VRAM usage at 96%
[2025-06-05 11:13:00] DEBUG: node_cache hit=1 queue_size=5
[2025-06-05 11:13:01] WARNING: VRAM usage at 95%
[2025-06-05 11:13:02] DEBUG: node_cache hit=1 queue_size=11
[2025-06-05 11:13:03] DEBUG: node_cache hit=1 queue_size=0
[2025-06-05 11:13:04] WARNING: VRAM usage at 83%
[2025-06-05 11:13:05] Processing frame 4385/5000... 2.55s
[2025-06-05 11:13:06] DEBUG: node_cache hit=0 queue_size=6
[2025-06-05 11:13:07] Processing frame 4387/5000... 2.09s
[2025-06-05 11:13:08] Processing frame 4388/5000... 1.09s
[2025-06-05 11:13:09] %%%%%%%% 59%
[2025-06-05 11:13:10] DEBUG: node_cache hit=0 queue_size=2
[2025-06-05 11:13:11] %%%%%%%% 54%
[2025-06-05 11:13:12] DEBUG: node_cache hit=0 queue_size=0
[2025-06-05 11:13:13] Processing frame 4393/5000... 1.60s
[2025-06-05 11:13:14] DEBUG: node_cache hit=0 queue_size=7
[2025-06-05 11:13:15] Processing frame 4395/5000... 0.75s
[2025-06-05 11:13:16] DEBUG: node_cache hit=1 queue_size=6
[2025-06-05 11:13:17] DEBUG: node_cache hit=0 queue_size=10
[2025-06-05 11:13:18] DEBUG: node_cache hit=0 queue_size=10
[2025-06-05 11:13:19] DEBUG: node_cache hit=0 queue_size=5
[2025-06-05 11:13:20] ERROR: ConnectionRefusedError: localhost:8188
  File src/pipeline.py, line 231, in process_frame
  File src/pipeline.py, line 402, in process_frame
  File src/pipeline.py, line 267, in process_frame
  File src/pipeline.py, line 62, in process_frame
  File src/pipeline.py, line 478, in process_frame
  raise RuntimeError: expected scalar type Float
[2025-06-05 11:13:21] DEBUG: node_cache hit=1 queue_size=3
[2025-06-05 11:13:22] DEBUG: node_cache hit=0 queue_size=5
[2025-06-05 11:13:23] DEBUG: node_cache hit=1 queue_size=4
[2025-06-05 11:13:24] DEBUG: node_cache hit=1 queue_size=11
[2025-06-05 11:13:25] Processing frame 4405/5000... 0.86s
[2025-06-05 11:13:26] DEBUG: node_cache hit=0 queue_size=8
[2025-06-05 11:13:27] DEBUG: node_cache hit=1 queue_size=11
[2025-06-05 11:13:28] DEBUG: node_cache hit=0 queue_size=6
[2025-06-05 11:13:29] %%%%%%%% 46%
[2025-06-05 11:13:30] %%%%%%%% 89%
[2025-06-05 11:13:31] Processing frame 4411/5000... 1.11s
[2025-06-05 11:13:32] WARNING: VRAM usage at 80%
[2025-06-05 11:13:33] WARNING: VRAM usage at 82%
[2025-06-05 11:13:34] Processing frame 4414/5000... 2.39s
[2025-06-05 11:13:35] DEBUG: node_cache hit=0 queue_size=6
[2025-06-05 11:13:36] DEBUG: node_cache hit=0 queue_size=4
[2025-06-05 11:13:37] DEBUG: node_cache hit=0 queue_size=5
[2025-06-05 11:13:38] DEBUG: node_cache hit=1 queue_size=8
[2025-06-05 11:13:39] DEBUG: node_cache hit=1 queue_size=10
[2025-06-05 11:13:40] DEBUG: node_cache hit=0 queue_size=3
[2025-06-05 11:13:41] WARNING: VRAM usage at 94%
[2025-06-05 11:13:42] DEBUG: node_cache hit=1 queue_size=3
[2025-06-05 11:13:43] DEBUG: node_cache hit=0 queue_size=0
[2025-06-05 11:13:44] Processing frame 4424/5000... 0.71s
[2025-06-05 11:13:45] Processing frame 4425/5000... 2.27s
[2025-06-05 11:13:46] DEBUG: node_cache hit=0 queue_size=0
[2025-06-05 11:13:47] WARNING: VRAM usage at 86%
[2025-06-05 11:13:48] ERROR: CUDA out of memory
  File src/pipeline.py, line 405, in process_frame
  File src/pipeline.py, line 349, in process_frame
  File src/pipeline.py, line 456, in process_frame
  File src/pipeline.py, line 428, in process_frame
  File src/pipeline.py, line 230, in process_frame
  raise ConnectionRefusedError: localhost:8188
[2025-06-05 11:13:49] ERROR: RuntimeError: expected scalar type Float
  File src/pipeline.py, line 161, in process_frame
  File src/pipeline.py, line 69, in process_frame
  File src/pipeline.py, line 10, in process_frame
  File src/pipeline.py, line 500, in process_frame
  File src/pipeline.py, line 290, in process_frame
  raise FileNotFoundError: model.safetensors
[2025-06-05 11:13:50] Processing frame 4430/5000... 1.78s
[2025-06-05 11:13:51] DEBUG: node_cache hit=0 queue_size=1
[2025-06-05 11:13:52] Processing frame 4432/5000... 1.05s
[2025-06-05 11:13:53] DEBUG: node_cache hit=0 queue_size=0
[2025-06-05 11:13:54] DEBUG: node_cache hit=0 queue_size=9
[2025-06-05 11:13:55] DEBUG: node_cache hit=0 queue_size=5
[2025-06-05 11:13:56] DEBUG: node_cache hit=1 queue_size=12
[2025-06-05 11:13:57] WARNING: VRAM usage at 84%
[2025-06-05 11:13:58] DEBUG: node_cache hit=0 queue_size=1
[2025-06-05 11:13:59] DEBUG: node_cache hit=0 queue_size=12
[2025-06-05 11:14:00] DEBUG: node_cache hit=0 queue_size=1
[2025-06-05 11:14:01] DEBUG: node_cache hit=0 queue_size=9
[2025-06-05 11:14:02] DEBUG: node_cache hit=1 queue_size=1
[2025-06-05 11:14:03] Processing frame 4443/5000... 0.51s
[2025-06-05 11:14:04] DEBUG: node_cache hit=1 queue_size=3
[2025-06-05 11:14:05] Processing frame 4445/5000... 2.65s
[2025-06-05 11:14:06] DEBUG: node_cache hit=1 queue_size=4
[2025-06-05 11:14:07] DEBUG: node_cache hit=0 queue_size=8
[2025-06-05 11:14:08] DEBUG: node_cache hit=1 queue_size=4
[2025-06-05 11:14:09] DEBUG: node_cache hit=1 queue_size=5
[2025-06-05 11:14:10] DEBUG: node_cache hit=1 queue_size=5
[2025-06-05 11:14:11] DEBUG: node_cache hit=1 queue_size=7
[2025-06-05 11:14:12] ERROR: CUDA out of memory
  File src/pipeline.py, line 37, in process_frame
  File src/pipeline.py, line 295, in process_frame
  File src/pipeline.py, line 65, in process_frame
  File src/pipeline.py, line 197, in process_frame
  File src/pipeline.py, line 82, in process_frame
  raise FileNotFoundError: model.safetensors
[2025-06-05 11:14:13] DEBUG: node_cache hit=0 queue_size=11
[2025-06-05 11:14:14] DEBUG: node_cache hit=1 queue_size=4
[2025-06-05 11:14:15] DEBUG: node_cache hit=0 queue_size=3
[2025-06-05 11:14:16] DEBUG: node_cache hit=1 queue_size=0
[2025-06-05 11:14:17] DEBUG: node_cache hit=1 queue_size=8
[2025-06-05 11:14:18] DEBUG: node_cache hit=0 queue_size=3
[2025-06-05 11:14:19] DEBUG: node_cache hit=1 queue_size=0
[2025-06-05 11:14:20] WARNING: VRAM usage at 90%
[2025-06-05 11:14:21] DEBUG: node_cache hit=0 queue_size=0
[2025-06-05 11:14:22] DEBUG: node_cache hit=1 queue_size=11
[2025-06-05 11:14:23] %%%%%%%% 92%
[2025-06-05 11:14:24] DEBUG: node_cache hit=1 queue_size=3
[2025-06-05 11:14:25] DEBUG: node_cache hit=1 queue_size=0
[2025-06-05 11:14:26] Processing frame 4466/5000... 1.19s
[2025-06-05 11:14:27] DEBUG: node_cache hit=1 queue_size=2
[2025-06-05 11:14:28] Processing frame 4468/5000... 2.16s
[2025-06-05 11:14:29] ERROR: CUDA out of memory
  File src/pipeline.py, line 57, in process_frame
  File src/pipeline.py, line 257, in process_frame
  File src/pipeline.py, line 397, in process_frame
  File src/pipeline.py, line 317, in process_frame
  File src/pipeline.py, line 397, in process_frame
  raise ConnectionRefusedError: localhost:8188
[2025-06-05 11:14:30] DEBUG: node_cache hit=0 queue_size=2
[2025-06-05 11:14:31] Processing frame 4471/5000... 2.15s
[2025-06-05 11:14:32] DEBUG: node_cache hit=0 queue_size=3
[2025-06-05 11:14:33] DEBUG: node_cache hit=0 queue_size=6
[2025-06-05 11:14:34] DEBUG: node_cache hit=0 queue_size=7
[2025-06-05 11:14:35] DEBUG: node_cache hit=0 queue_size=8
[2025-06-05 11:14:36] DEBUG: node_cache hit=1 queue_size=11
[2025-06-05 11:14:37] DEBUG: node_cache hit=1 queue_size=3
[2025-06-05 11:14:38] DEBUG: node_cache hit=0 queue_size=7
[2025-06-05 11:14:39] DEBUG: node_cache hit=1 queue_size=3
[2025-06-05 11:14:40] DEBUG: node_cache hit=1 queue_size=1
[2025-06-05 11:14:41] DEBUG: node_cache hit=1 queue_size=3
[2025-06-05 11:14:42] WARNING: VRAM usage at 98%
[2025-06-05 11:14:43] Processing frame 4483/5000... 1.04s
[2025-06-05 11:14:44] DEBUG: node_cache hit=1 queue_size=11
[2025-06-05 11:14:45] DEBUG: node_cache hit=0 queue_size=12
[2025-06-05 11:14:46] Processing frame 4486/5000... 0.60s
[2025-06-05 11:14:47] DEBUG: node_cache hit=0 queue_size=4
[2025-06-05 11:14:48] DEBUG: node_cache hit=0 queue_size=3
[2025-06-05 11:14:49] Processing frame 4489/5000... 2.95s
[2025-06-05 11:14:50] DEBUG: node_cache hit=0 queue_size=4
[2025-06-05 11:14:51] DEBUG: node_cache hit=0 queue_size=8
[2025-06-05 11:14:52] DEBUG: node_cache hit=0 queue_size=0
[2025-06-05 11:14:53] DEBUG: node_cache hit=1 queue_size=4
[2025-06-05 11:14:54] DEBUG: node_cache hit=1 queue_size=1
[2025-06-05 11:14:55] DEBUG: node_cache hit=1 queue_size=1
[2025-06-05 11:14:56] DEBUG: node_cache hit=0 queue_size=8
[2025-06-05 11:14:57] DEBUG: node_cache hit=0 queue_size=7
[2025-06-05 11:14:58] Processing frame 4498/5000... 1.48s
[2025-06-05 11:14:59] DEBUG: node_cache hit=0 queue_size=7
[2025-06-05 11:15:00] DEBUG: node_cache hit=0 queue_size=0
[2025-06-05 11:15:01] DEBUG: node_cache hit=1 queue_size=6
[2025-06-05 11:15:02] DEBUG: node_cache hit=0 queue_size=3
[2025-06-05 11:15:03] DEBUG: node_cache hit=0 queue_size=7
[2025-06-05 11:15:04] %%%%%%%% 72%
[2025-06-05 11:15:05] Processing frame 4505/5000... 0.71s
[2025-06-05 11:15:06] Processing frame 4506/5000... 2.30s
[2025-06-05 11:15:07] DEBUG: node_cache hit=1 queue_size=10
[2025-06-05 11:15:08] DEBUG: node_cache hit=0 queue_size=10
[2025-06-05 11:15:09] DEBUG: node_cache hit=0 queue_size=9
[2025-06-05 11:15:10] WARNING: VRAM usage at 87%
[2025-06-05 11:15:11] Processing frame 4511/5000... 2.13s
[2025-06-05 11:15:12] DEBUG: node_cache hit=0 queue_size=3
[2025-06-05 11:15:13] WARNING: VRAM usage at 85%
[2025-06-05 11:15:14] DEBUG: node_cache hit=1 queue_size=9
[2025-06-05 11:15:15] DEBUG: node_cache hit=1 queue_size=2
[2025-06-05 11:15:16] DEBUG: node_cache hit=1 queue_size=7
[2025-06-05 11:15:17] DEBUG: node_cache hit=1 queue_size=3
[2025-06-05 11:15:18] DEBUG: node_cache hit=0 queue_size=7
[2025-06-05 11:15:19] DEBUG: node_cache hit=0 queue_size=5
[2025-06-05 11:15:20] DEBUG: node_cache hit=0 queue_size=6
[2025-06-05 11:15:21] DEBUG: node_cache hit=1 queue_size=8
[2025-06-05 11:15:22] WARNING: VRAM usage at 96%
[2025-06-05 11:15:23] DEBUG: node_cache hit=1 queue_size=12
[2025-06-05 11:15:24] DEBUG: node_cache hit=0 queue_size=5
[2025-06-05 11:15:25] DEBUG: node_cache hit=0 queue_size=0
[2025-06-05 11:15:26] Processing frame 4526/5000... 1.79s
[2025-06-05 11:15:27] WARNING: VRAM usage at 93%
[2025-06-05 11:15:28] DEBUG: node_cache hit=0 queue_size=0
[2025-06-05 11:15:29] Processing frame 4529/5000... 2.83s
[2025-06-05 11:15:30] %%%%%%%% 20%
[2025-06-05 11:15:31] DEBUG: node_cache hit=1 queue_size=8
[2025-06-05 11:15:32] Processing frame 4532/5000... 2.11s
[2025-06-05 11:15:33] Processing frame 4533/5000... 1.99s
[2025-06-05 11:15:34] DEBUG: node_cache hit=1 queue_size=11
[2025-06-05 11:15:35] Processing frame 4535/5000... 0.80s
[2025-06-05 11:15:36] DEBUG: node_cache hit=0 queue_size=1
[2025-06-05 11:15:37] Processing frame 4537/5000... 0.71s
[2025-06-05 11:15:38] DEBUG: node_cache hit=0 queue_size=11
[2025-06-05 11:15:39] DEBUG: node_cache hit=0 queue_size=9
[2025-06-05 11:15:40] WARNING: VRAM usage at 84%
[2025-06-05 11:15:41] WARNING: VRAM usage at 99%
[2025-06-05 11:15:42] Processing frame 4542/5000... 2.47s
[2025-06-05 11:15:43] DEBUG: node_cache hit=0 queue_size=5
[2025-06-05 11:15:44] Processing frame 4544/5000... 3.00s
[2025-06-05 11:15:45] DEBUG: node_cache hit=0 queue_size=7
[2025-06-05 11:15:46] Processing frame 4546/5000... 0.85s
[2025-06-05 11:15:47] DEBUG: node_cache hit=1 queue_size=7
[2025-06-05 11:15:48] DEBUG: node_cache hit=0 queue_size=7
[2025-06-05 11:15:49] Processing frame 4549/5000... 0.55s
[2025-06-05 11:15:50] DEBUG: node_cache hit=1 queue_size=3
[2025-06-05 11:15:51] WARNING: VRAM usage at 88%
[2025-06-05 11:15:52] DEBUG: node_cache hit=0 queue_size=4
[2025-06-05 11:15:53] DEBUG: node_cache hit=0 queue_size=3
[2025-06-05 11:15:54] Processing frame 4554/5000... 1.44s
[2025-06-05 11:15:55] DEBUG: node_cache hit=0 queue_size=9
[2025-06-05 11:15:56] DEBUG: node_cache hit=1 queue_size=9
[2025-06-05 11:15:57] DEBUG: node_cache hit=1 queue_size=2
[2025-06-05 11:15:58] DEBUG: node_cache hit=0 queue_size=5
[2025-06-05 11:15:59] DEBUG: node_cache hit=0 queue_size=12
[2025-06-05 11:16:00] Processing frame 4560/5000... 1.30s
[2025-06-05 11:16:01] DEBUG: node_cache hit=0 queue_size=4
[2025-06-05 11:16:02] DEBUG: node_cache hit=1 queue_size=2
[2025-06-05 11:16:03] DEBUG: node_cache hit=1 queue_size=7
[2025-06-05 11:16:04] DEBUG: node_cache hit=0 queue_size=9
[2025-06-05 11:16:05] Processing frame 4565/5000... 2.27s
[2025-06-05 11:16:06] DEBUG: node_cache hit=0 queue_size=4
[2025-06-05 11:16:07] %%%%%%%% 82%
[2025-06-05 11:16:08] WARNING: VRAM usage at 83%
[2025-06-05 11:16:09] WARNING: VRAM usage at 90%
[2025-06-05 11:16:10] DEBUG: node_cache hit=0 queue_size=2
[2025-06-05 11:16:11] Processing frame 4571/5000... 1.47s
[2025-06-05 11:16:12] DEBUG: node_cache hit=1 queue_size=1
[2025-06-05 11:16:13] DEBUG: node_cache hit=0 queue_size=4
[2025-06-05 11:16:14] DEBUG: node_cache hit=0 queue_size=8
[2025-06-05 11:16:15] DEBUG: node_cache hit=1 queue_size=12
[2025-06-05 11:16:16] DEBUG: node_cache hit=0 queue_size=12
[2025-06-05 11:16:17] DEBUG: node_cache hit=1 queue_size=9
[2025-06-05 11:16:18] DEBUG: node_cache hit=0 queue_size=8
[2025-06-05 11:16:19] DEBUG: node_cache hit=0 queue_size=5
[2025-06-05 11:16:20] DEBUG: node_cache hit=1 queue_size=0
[2025-06-05 11:16:21] DEBUG: node_cache hit=0 queue_size=10
[2025-06-05 11:16:22] Processing frame 4582/5000... 0.90s
[2025-06-05 11:16:23] DEBUG: node_cache hit=0 queue_size=5
[2025-06-05 11:16:24] WARNING: VRAM usage at 99%
[2025-06-05 11:16:25] DEBUG: node_cache hit=0 queue_size=11
[2025-06-05 11:16:26] Processing frame 4586/5000... 2.65s
[2025-06-05 11:16:27] DEBUG: node_cache hit=1 queue_size=6
[2025-06-05 11:16:28] DEBUG: node_cache hit=0 queue_size=2
[2025-06-05 11:16:29] DEBUG: node_cache hit=0 queue_size=11
[2025-06-05 11:16:30] DEBUG: node_cache hit=0 queue_size=1
[2025-06-05 11:16:31] DEBUG: node_cache hit=1 queue_size=10
[2025-06-05 11:16:32] DEBUG: node_cache hit=1 queue_size=11
[2025-06-05 11:16:33] DEBUG: node_cache hit=1 queue_size=1
[2025-06-05 11:16:34] DEBUG: node_cache hit=0 queue_size=12
[2025-06-05 11:16:35] DEBUG: node_cache hit=1 queue_size=3
[2025-06-05 11:16:36] DEBUG: node_cache hit=0 queue_size=3
[2025-06-05 11:16:37] Processing frame 4597/5000... 2.32s
[2025-06-05 11:16:38] DEBUG: node_cache hit=0 queue_size=2
[2025-06-05 11:16:39] Processing frame 4599/5000... 0.58s
[2025-06-05 11:16:40] DEBUG: node_cache hit=1 queue_size=5
[2025-06-05 11:16:41] Processing frame 4601/5000... 1.02s
[2025-06-05 11:16:42] WARNING: VRAM usage at 85%
[2025-06-05 11:16:43] DEBUG: node_cache hit=0 queue_size=2
[2025-06-05 11:16:44] DEBUG: node_cache hit=1 queue_size=7
[2025-06-05 11:16:45] WARNING: VRAM usage at 90%
[2025-06-05 11:16:46] DEBUG: node_cache hit=1 queue_size=8
[2025-06-05 11:16:47] DEBUG: node_cache hit=0 queue_size=10
[2025-06-05 11:16:48] Processing frame 4608/5000... 0.80s
[2025-06-05 11:16:49] DEBUG: node_cache hit=0 queue_size=3
[2025-06-05 11:16:50] DEBUG: node_cache hit=1 queue_size=3
[2025-06-05 11:16:51] DEBUG: node_cache hit=1 queue_size=2
[2025-06-05 11:16:52] %%%%%%%% 53%
[2025-06-05 11:16:53] DEBUG: node_cache hit=0 queue_size=9
[2025-06-05 11:16:54] WARNING: VRAM usage at 84%
[2025-06-05 11:16:55] Processing frame 4615/5000... 1.56s
[2025-06-05 11:16:56] DEBUG: node_cache hit=0 queue_size=0
[2025-06-05 11:16:57] DEBUG: node_cache hit=0 queue_size=11
[2025-06-05 11:16:58] DEBUG: node_cache hit=0 queue_size=10
[2025-06-05 11:16:59] %%%%%%%% 36%
[2025-06-05 11:17:00] DEBUG: node_cache hit=1 queue_size=0
[2025-06-05 11:17:01] DEBUG: node_cache hit=0 queue_size=3
[2025-06-05 11:17:02] DEBUG: node_cache hit=1 queue_size=1
[2025-06-05 11:17:03] WARNING: VRAM usage at 85%
[2025-06-05 11:17:04] Processing frame 4624/5000... 0.52s
[2025-06-05 11:17:05] DEBUG: node_cache hit=0 queue_size=2
[2025-06-05 11:17:06] DEBUG: node_cache hit=1 queue_size=0
[2025-06-05 11:17:07] DEBUG: node_cache hit=1 queue_size=3
[2025-06-05 11:17:08] DEBUG: node_cache hit=1 queue_size=7
[2025-06-05 11:17:09] ERROR: CUDA out of memory
  File src/pipeline.py, line 413, in process_frame
  File src/pipeline.py, line 500, in process_frame
  File src/pipeline.py, line 119, in process_frame
  File src/pipeline.py, line 48, in process_frame
  File src/pipeline.py, line 188, in process_frame
  raise CUDA out of memory
[2025-06-05 11:17:10] DEBUG: node_cache hit=0 queue_size=1
[2025-06-05 11:17:11] DEBUG: node_cache hit=1 queue_size=1
[2025-06-05 11:17:12] DEBUG: node_cache hit=0 queue_size=10
[2025-06-05 11:17:13] DEBUG: node_cache hit=0 queue_size=1
[2025-06-05 11:17:14] DEBUG: node_cache hit=0 queue_size=10
[2025-06-05 11:17:15] WARNING: VRAM usage at 98%
[2025-06-05 11:17:16] Processing frame 4636/5000... 1.74s
[2025-06-05 11:17:17] DEBUG: node_cache hit=1 queue_size=0
[2025-06-05 11:17:18] DEBUG: node_cache hit=1 queue_size=1
[2025-06-05 11:17:19] Processing frame 4639/5000... 1.71s
[2025-06-05 11:17:20] DEBUG: node_cache hit=1 queue_size=5
[2025-06-05 11:17:21] DEBUG: node_cache hit=1 queue_size=8
[2025-06-05 11:17:22] DEBUG: node_cache hit=1 queue_size=1
[2025-06-05 11:17:23] DEBUG: node_cache hit=1 queue_size=9
[2025-06-05 11:17:24] DEBUG: node_cache hit=0 queue_size=8
[2025-06-05 11:17:25] Processing frame 4645/5000... 1.13s
[2025-06-05 11:17:26] %%%%%%%% 39%
[2025-06-05 11:17:27] DEBUG: node_cache hit=1 queue_size=11
[2025-06-05 11:17:28] Processing frame 4648/5000... 1.06s
[2025-06-05 11:17:29] ERROR: CUDA out of memory
  File src/pipeline.py, line 336, in process_frame
  File src/pipeline.py, line 366, in process_frame
  File src/pipeline.py, line 59, in process_frame
  File src/pipeline.py, line 196, in process_frame
  File src/pipeline.py, line 246, in process_frame
  raise ConnectionRefusedError: localhost:8188
[2025-06-05 11:17:30] DEBUG: node_cache hit=0 queue_size=12
[2025-06-05 11:17:31] DEBUG: node_cache hit=0 queue_size=12
[2025-06-05 11:17:32] ERROR: ConnectionRefusedError: localhost:8188
  File src/pipeline.py, line 102, in process_frame
  File src/pipeline.py, line 269, in process_frame
  File src/pipeline.py, line 145, in process_frame
  File src/pipeline.py, line 71, in process_frame
  File src/pipeline.py, line 10, in process_frame
  raise FileNotFoundError: model.safetensors
[2025-06-05 11:17:33] DEBUG: node_cache hit=0 queue_size=7
[2025-06-05 11:17:34] WARNING: VRAM usage at 93%
[2025-06-05 11:17:35] DEBUG: node_cache hit=1 queue_size=7
[2025-06-05 11:17:36] DEBUG: node_cache hit=1 queue_size=3
[2025-06-05 11:17:37] DEBUG: node_cache hit=1 queue_size=3
[2025-06-05 11:17:38] DEBUG: node_cache hit=1 queue_size=2
[2025-06-05 11:17:39] DEBUG: node_cache hit=0 queue_size=5
[2025-06-05 11:17:40] Processing frame 4660/5000... 0.61s
[2025-06-05 11:17:41] DEBUG: node_cache hit=1 queue_size=9
[2025-06-05 11:17:42] DEBUG: node_cache hit=1 queue_size=7
[2025-06-05 11:17:43] Processing frame 4663/5000... 1.59s
[2025-06-05 11:17:44] %%%%%%%% 51%
[2025-06-05 11:17:45] DEBUG: node_cache hit=1 queue_size=11
[2025-06-05 11:17:46] DEBUG: node_cache hit=1 queue_size=2
[2025-06-05 11:17:47] DEBUG: node_cache hit=0 queue_size=6
[2025-06-05 11:17:48] Processing frame 4668/5000... 2.84s
[2025-06-05 11:17:49] DEBUG: node_cache hit=1 queue_size=11
[2025-06-05 11:17:50] DEBUG: node_cache hit=1 queue_size=2
[2025-06-05 11:17:51] DEBUG: node_cache hit=0 queue_size=2
[2025-06-05 11:17:52] WARNING: VRAM usage at 82%
[2025-06-05 11:17:53] %%%%%%%% 93%
[2025-06-05 11:17:54] DEBUG: node_cache hit=0 queue_size=1
[2025-06-05 11:17:55] DEBUG: node_cache hit=1 queue_size=11
[2025-06-05 11:17:56] DEBUG: node_cache hit=1 queue_size=2
[2025-06-05 11:17:57] DEBUG: node_cache hit=1 queue_size=11
[2025-06-05 11:17:58] DEBUG: node_cache hit=0 queue_size=4
[2025-06-05 11:17:59] DEBUG: node_cache hit=0 queue_size=9
[2025-06-05 11:18:00] DEBUG: node_cache hit=1 queue_size=0
[2025-06-05 11:18:01] DEBUG: node_cache hit=0 queue_size=6
[2025-06-05 11:18:02] DEBUG: node_cache hit=0 queue_size=0
[2025-06-05 11:18:03] DEBUG: node_cache hit=0 queue_size=8
[2025-06-05 11:18:04] Processing frame 4684/5000... 0.62s
[2025-06-05 11:18:05] DEBUG: node_cache hit=0 queue_size=3
[2025-06-05 11:18:06] DEBUG: node_cache hit=0 queue_size=2
[2025-06-05 11:18:07] Processing frame 4687/5000... 2.66s
[2025-06-05 11:18:08] DEBUG: node_cache hit=1 queue_size=12
[2025-06-05 11:18:09] DEBUG: node_cache hit=0 queue_size=8
[2025-06-05 11:18:10] DEBUG: node_cache hit=0 queue_size=3
[2025-06-05 11:18:11] DEBUG: node_cache hit=0 queue_size=5
[2025-06-05 11:18:12] DEBUG: node_cache hit=0 queue_size=12
[2025-06-05 11:18:13] DEBUG: node_cache hit=0 queue_size=5
[2025-06-05 11:18:14] DEBUG: node_cache hit=1 queue_size=0
[2025-06-05 11:18:15] DEBUG: node_cache hit=1 queue_size=10
[2025-06-05 11:18:16] WARNING: VRAM usage at 84%
[2025-06-05 11:18:17] DEBUG: node_cache hit=0 queue_size=11
[2025-06-05 11:18:18] DEBUG: node_cache hit=1 queue_size=11
[2025-06-05 11:18:19] DEBUG: node_cache hit=1 queue_size=7
[2025-06-05 11:18:20] DEBUG: node_cache hit=1 queue_size=10
[2025-06-05 11:18:21] ERROR: CUDA out of memory
  File src/pipeline.py, line 260, in process_frame
  File src/pipeline.py, line 491, in process_frame
  File src/pipeline.py, line 178, in process_frame
  File src/pipeline.py, line 218, in process_frame
  File src/pipeline.py, line 146, in process_frame
  raise FileNotFoundError: model.safetensors
[2025-06-05 11:18:22] WARNING: VRAM usage at 89%
[2025-06-05 11:18:23] %%%%%%%% 89%
[2025-06-05 11:18:24] DEBUG: node_cache hit=1 queue_size=2
[2025-06-05 11:18:25] Processing frame 4705/5000... 2.28s
[2025-06-05 11:18:26] Processing frame 4706/5000... 2.33s
[2025-06-05 11:18:27] DEBUG: node_cache hit=0 queue_size=6
[2025-06-05 11:18:28] ERROR: ValueError: invalid literal
  File src/pipeline.py, line 288, in process_frame
  File src/pipeline.py, line 32, in process_frame
  File src/pipeline.py, line 359, in process_frame
  File src/pipeline.py, line 227, in process_frame
  File src/pipeline.py, line 482, in process_frame
  raise RuntimeError: expected scalar type Float
[2025-06-05 11:18:29] Processing frame 4709/5000... 1.79s
[2025-06-05 11:18:30] Processing frame 4710/5000... 1.75s
[2025-06-05 11:18:31] Processing frame 4711/5000... 1.29s
[2025-06-05 11:18:32] DEBUG: node_cache hit=0 queue_size=7
[2025-06-05 11:18:33] WARNING: VRAM usage at 85%
[2025-06-05 11:18:34] DEBUG: node_cache hit=0 queue_size=3
[2025-06-05 11:18:35] DEBUG: node_cache hit=0 queue_size=11
[2025-06-05 11:18:36] Processing frame 4716/5000... 0.52s
[2025-06-05 11:18:37] Processing frame 4717/5000... 2.87s
[2025-06-05 11:18:38] DEBUG: node_cache hit=1 queue_size=4
[2025-06-05 11:18:39] DEBUG: node_cache hit=0 queue_size=10
[2025-06-05 11:18:40] WARNING: VRAM usage at 81%
[2025-06-05 11:18:41] DEBUG: node_cache hit=0 queue_size=8
[2025-06-05 11:18:42] DEBUG: node_cache hit=1 queue_size=2
[2025-06-05 11:18:43] DEBUG: node_cache hit=0 queue_size=7
[2025-06-05 11:18:44] DEBUG: node_cache hit=0 queue_size=2
[2025-06-05 11:18:45] DEBUG: node_cache hit=0 queue_size=9
[2025-06-05 11:18:46] DEBUG: node_cache hit=1 queue_size=12
[2025-06-05 11:18:47] DEBUG: node_cache hit=0 queue_size=12
[2025-06-05 11:18:48] ERROR: ConnectionRefusedError: localhost:8188
  File src/pipeline.py, line 286, in process_frame
  File src/pipeline.py, line 452, in process_frame
  File src/pipeline.py, line 40, in process_frame
  File src/pipeline.py, line 14, in process_frame
  File src/pipeline.py, line 171, in process_frame
  raise FileNotFoundError: model.safetensors
[2025-06-05 11:18:49] DEBUG: node_cache hit=0 queue_size=8
[2025-06-05 11:18:50] Processing frame 4730/5000... 0.87s
[2025-06-05 11:18:51] Processing frame 4731/5000... 1.65s
[2025-06-05 11:18:52] DEBUG: node_cache hit=1 queue_size=6
[2025-06-05 11:18:53] Processing frame 4733/5000... 2.24s
[2025-06-05 11:18:54] DEBUG: node_cache hit=1 queue_size=8
[2025-06-05 11:18:55] Processing frame 4735/5000... 0.56s
[2025-06-05 11:18:56] DEBUG: node_cache hit=0 queue_size=11
[2025-06-05 11:18:57] DEBUG: node_cache hit=0 queue_size=12
[2025-06-05 11:18:58] DEBUG: node_cache hit=1 queue_size=0
[2025-06-05 11:18:59] DEBUG: node_cache hit=1 queue_size=8
[2025-06-05 11:19:00] DEBUG: node_cache hit=1 queue_size=12
[2025-06-05 11:19:01] DEBUG: node_cache hit=1 queue_size=11
[2025-06-05 11:19:02] DEBUG: node_cache hit=1 queue_size=4
[2025-06-05 11:19:03] DEBUG: node_cache hit=1 queue_size=0
[2025-06-05 11:19:04] DEBUG: node_cache hit=1 queue_size=5
[2025-06-05 11:19:05] DEBUG: node_cache hit=1 queue_size=9
[2025-06-05 11:19:06] DEBUG: node_cache hit=0 queue_size=11
[2025-06-05 11:19:07] DEBUG: node_cache hit=0 queue_size=12
[2025-06-05 11:19:08] Processing frame 4748/5000... 0.92s
[2025-06-05 11:19:09] DEBUG: node_cache hit=1 queue_size=4
[2025-06-05 11:19:10] %%%%%%%% 92%
[2025-06-05 11:19:11] DEBUG: node_cache hit=1 queue_size=5
[2025-06-05 11:19:12] DEBUG: node_cache hit=0 queue_size=7
[2025-06-05 11:19:13] ERROR: FileNotFoundError: model.safetensors
  File src/pipeline.py, line 10, in process_frame
  File src/pipeline.py, line 42, in process_frame
  File src/pipeline.py, line 376, in process_frame
  File src/pipeline.py, line 326, in process_frame
  File src/pipeline.py, line 245, in process_frame
  raise ConnectionRefusedError: localhost:8188
[2025-06-05 11:19:14] DEBUG: node_cache hit=1 queue_size=2
[2025-06-05 11:19:15] DEBUG: node_cache hit=0 queue_size=5
[2025-06-05 11:19:16] DEBUG: node_cache hit=1 queue_size=1
[2025-06-05 11:19:17] DEBUG: node_cache hit=0 queue_size=10
[2025-06-05 11:19:18] DEBUG: node_cache hit=1 queue_size=11
[2025-06-05 11:19:19] DEBUG: node_cache hit=1 queue_size=0
[2025-06-05 11:19:20] DEBUG: node_cache hit=1 queue_size=11
[2025-06-05 11:19:21] DEBUG: node_cache hit=0 queue_size=7
[2025-06-05 11:19:22] DEBUG: node_cache hit=0 queue_size=10
[2025-06-05 11:19:23] Processing frame 4763/5000... 0.72s
[2025-06-05 11:19:24] DEBUG: node_cache hit=0 queue_size=4
[2025-06-05 11:19:25] DEBUG: node_cache hit=0 queue_size=1
[2025-06-05 11:19:26] DEBUG: node_cache hit=0 queue_size=3
[2025-06-05 11:19:27] DEBUG: node_cache hit=1 queue_size=5
[2025-06-05 11:19:28] DEBUG: node_cache hit=0 queue_size=0
[2025-06-05 11:19:29] DEBUG: node_cache hit=1 queue_size=8
[2025-06-05 11:19:30] DEBUG: node_cache hit=1 queue_size=3
[2025-06-05 11:19:31] Processing frame 4771/5000... 2.62s
[2025-06-05 11:19:32] DEBUG: node_cache hit=0 queue_size=0
[2025-06-05 11:19:33] DEBUG: node_cache hit=1 queue_size=5
[2025-06-05 11:19:34] Processing frame 4774/5000... 2.02s
[2025-06-05 11:19:35] DEBUG: node_cache hit=0 queue_size=7
[2025-06-05 11:19:36] DEBUG: node_cache hit=0 queue_size=6
[2025-06-05 11:19:37] Processing frame 4777/5000... 1.00s
[2025-06-05 11:19:38] DEBUG: node_cache hit=0 queue_size=12
[2025-06-05 11:19:39] DEBUG: node_cache hit=1 queue_size=6
[2025-06-05 11:19:40] DEBUG: node_cache hit=0 queue_size=12
[2025-06-05 11:19:41] Processing frame 4781/5000... 0.76s
[2025-06-05 11:19:42] DEBUG: node_cache hit=1 queue_size=10
[2025-06-05 11:19:43] DEBUG: node_cache hit=1 queue_size=5
[2025-06-05 11:19:44] DEBUG: node_cache hit=1 queue_size=8
[2025-06-05 11:19:45] DEBUG: node_cache hit=1 queue_size=6
[2025-06-05 11:19:46] Processing frame 4786/5000... 2.92s
[2025-06-05 11:19:47] Processing frame 4787/5000... 1.33s
[2025-06-05 11:19:48] DEBUG: node_cache hit=1 queue_size=11
[2025-06-05 11:19:49] Processing frame 4789/5000... 2.95s
[2025-06-05 11:19:50] DEBUG: node_cache hit=0 queue_size=4
[2025-06-05 11:19:51] Processing frame 4791/5000... 1.42s
[2025-06-05 11:19:52] DEBUG: node_cache hit=1 queue_size=9
[2025-06-05 11:19:53] DEBUG: node_cache hit=1 queue_size=1
[2025-06-05 11:19:54] WARNING: VRAM usage at 92%
[2025-06-05 11:19:55] DEBUG: node_cache hit=0 queue_size=0
[2025-06-05 11:19:56] DEBUG: node_cache hit=1 queue_size=0
[2025-06-05 11:19:57] ERROR: CUDA out of memory
  File src/pipeline.py, line 272, in process_frame
  File src/pipeline.py, line 226, in process_frame
  File src/pipeline.py, line 483, in process_frame
  File src/pipeline.py, line 251, in process_frame
  File src/pipeline.py, line 197, in process_frame
  raise ConnectionRefusedError: localhost:8188
[2025-06-05 11:19:58] DEBUG: node_cache hit=0 queue_size=4
[2025-06-05 11:19:59] DEBUG: node_cache hit=0 queue_size=6
[2025-06-05 11:20:00] Processing frame 4800/5000... 2.41s
[2025-06-05 11:20:01] DEBUG: node_cache hit=1 queue_size=3
[2025-06-05 11:20:02] DEBUG: node_cache hit=0 queue_size=10
[2025-06-05 11:20:03] WARNING: VRAM usage at 83%
[2025-06-05 11:20:04] WARNING: VRAM usage at 81%
[2025-06-05 11:20:05] Processing frame 4805/5000... 0.79s
[2025-06-05 11:20:06] Processing frame 4806/5000... 2.36s
[2025-06-05 11:20:07] ERROR: RuntimeError: expected scalar type Float
  File src/pipeline.py, line 450, in process_frame
  File src/pipeline.py, line 496, in process_frame
  File src/pipeline.py, line 222, in process_frame
  File src/pipeline.py, line 387, in process_frame
  File src/pipeline.py, line 440, in process_frame
  raise ValueError: invalid literal
[2025-06-05 11:20:08] Processing frame 4808/5000... 1.04s
[2025-06-05 11:20:09] DEBUG: node_cache hit=1 queue_size=0
[2025-06-05 11:20:10] DEBUG: node_cache hit=0 queue_size=5
[2025-06-05 11:20:11] DEBUG: node_cache hit=1 queue_size=7
[2025-06-05 11:20:12] WARNING: VRAM usage at 85%
[2025-06-05 11:20:13] DEBUG: node_cache hit=0 queue_size=7
[2025-06-05 11:20:14] Processing frame 4814/5000... 0.98s
[2025-06-05 11:20:15] Processing frame 4815/5000... 1.78s
[2025-06-05 11:20:16] DEBUG: node_cache hit=0 queue_size=1
[2025-06-05 11:20:17] DEBUG: node_cache hit=1 queue_size=9
[2025-06-05 11:20:18] DEBUG: node_cache hit=0 queue_size=7
[2025-06-05 11:20:19] DEBUG: node_cache hit=1 queue_size=2
[2025-06-05 11:20:20] DEBUG: node_cache hit=1 queue_size=6
[2025-06-05 11:20:21] DEBUG: node_cache hit=1 queue_size=4
[2025-06-05 11:20:22] DEBUG: node_cache hit=0 queue_size=9
[2025-06-05 11:20:23] DEBUG: node_cache hit=0 queue_size=9
[2025-06-05 11:20:24] Processing frame 4824/5000... 2.49s
[2025-06-05 11:20:25] Processing frame 4825/5000... 2.05s
[2025-06-05 11:20:26] WARNING: VRAM usage at 86%
[2025-06-05 11:20:27] DEBUG: node_cache hit=0 queue_size=3
[2025-06-05 11:20:28] DEBUG: node_cache hit=1 queue_size=11
[2025-06-05 11:20:29] DEBUG: node_cache hit=1 queue_size=7
[2025-06-05 11:20:30] DEBUG: node_cache hit=0 queue_size=2
[2025-06-05 11:20:31] Processing frame 4831/5000... 2.62s
[2025-06-05 11:20:32] DEBUG: node_cache hit=0 queue_size=12
[2025-06-05 11:20:33] DEBUG: node_cache hit=0 queue_size=9
[2025-06-05 11:20:34] DEBUG: node_cache hit=1 queue_size=2
[2025-06-05 11:20:35] DEBUG: node_cache hit=1 queue_size=5
[2025-06-05 11:20:36] Processing frame 4836/5000... 1.13s
[2025-06-05 11:20:37] DEBUG: node_cache hit=0 queue_size=10
[2025-06-05 11:20:38] %%%%%%%% 39%
[2025-06-05 11:20:39] DEBUG: node_cache hit=1 queue_size=12
[2025-06-05 11:20:40] DEBUG: node_cache hit=0 queue_size=12
[2025-06-05 11:20:41] DEBUG: node_cache hit=0 queue_size=6
[2025-06-05 11:20:42] DEBUG: node_cache hit=1 queue_size=11
[2025-06-05 11:20:43] DEBUG: node_cache hit=1 queue_size=10
[2025-06-05 11:20:44] DEBUG: node_cache hit=0 queue_size=11
[2025-06-05 11:20:45] DEBUG: node_cache hit=1 queue_size=6
[2025-06-05 11:20:46] DEBUG: node_cache hit=1 queue_size=4
[2025-06-05 11:20:47] WARNING: VRAM usage at 99%
[2025-06-05 11:20:48] Processing frame 4848/5000... 0.73s
[2025-06-05 11:20:49] DEBUG: node_cache hit=0 queue_size=3
[2025-06-05 11:20:50] DEBUG: node_cache hit=0 queue_size=10
[2025-06-05 11:20:51] DEBUG: node_cache hit=0 queue_size=11
[2025-06-05 11:20:52] DEBUG: node_cache hit=0 queue_size=0
[2025-06-05 11:20:53] DEBUG: node_cache hit=0 queue_size=11
[2025-06-05 11:20:54] DEBUG: node_cache hit=0 queue_size=10
[2025-06-05 11:20:55] DEBUG: node_cache hit=1 queue_size=8
[2025-06-05 11:20:56] DEBUG: node_cache hit=0 queue_size=7
[2025-06-05 11:20:57] DEBUG: node_cache hit=0 queue_size=5
[2025-06-05 11:20:58] DEBUG: node_cache hit=0 queue_size=8
[2025-06-05 11:20:59] Processing frame 4859/5000... 2.35s
[2025-06-05 11:21:00] DEBUG: node_cache hit=1 queue_size=0
[2025-06-05 11:21:01] DEBUG: node_cache hit=1 queue_size=1
[2025-06-05 11:21:02] DEBUG: node_cache hit=1 queue_size=11
[2025-06-05 11:21:03] DEBUG: node_cache hit=0 queue_size=4
[2025-06-05 11:21:04] DEBUG: node_cache hit=1 queue_size=8
[2025-06-05 11:21:05] DEBUG: node_cache hit=0 queue_size=9
[2025-06-05 11:21:06] DEBUG: node_cache hit=0 queue_size=1
[2025-06-05 11:21:07] Processing frame 4867/5000... 1.80s
[2025-06-05 11:21:08] DEBUG: node_cache hit=1 queue_size=11
[2025-06-05 11:21:09] DEBUG: node_cache hit=0 queue_size=4
[2025-06-05 11:21:10] DEBUG: node_cache hit=1 queue_size=5
[2025-06-05 11:21:11] DEBUG: node_cache hit=1 queue_size=5
[2025-06-05 11:21:12] Processing frame 4872/5000... 2.60s
[2025-06-05 11:21:13] DEBUG: node_cache hit=0 queue_size=7
[2025-06-05 11:21:14] DEBUG: node_cache hit=0 queue_size=9
[2025-06-05 11:21:15] DEBUG: node_cache hit=1 queue_size=4
[2025-06-05 11:21:16] DEBUG: node_cache hit=0 queue_size=5
[2025-06-05 11:21:17] Processing frame 4877/5000... 2.44s
[2025-06-05 11:21:18] Processing frame 4878/5000... 1.22s
[2025-06-05 11:21:19] DEBUG: node_cache hit=1 queue_size=3
[2025-06-05 11:21:20] WARNING: VRAM usage at 87%
[2025-06-05 11:21:21] DEBUG: node_cache hit=0 queue_size=7
[2025-06-05 11:21:22] Processing frame 4882/5000... 1.58s
[2025-06-05 11:21:23] DEBUG: node_cache hit=1 queue_size=3
[2025-06-05 11:21:24] DEBUG: node_cache hit=0 queue_size=7
[2025-06-05 11:21:25] DEBUG: node_cache hit=1 queue_size=1
[2025-06-05 11:21:26] DEBUG: node_cache hit=1 queue_size=7
[2025-06-05 11:21:27] %%%%%%%% 95%
[2025-06-05 11:21:28] Processing frame 4888/5000... 0.92s
[2025-06-05 11:21:29] DEBUG: node_cache hit=1 queue_size=2
[2025-06-05 11:21:30] DEBUG: node_cache hit=0 queue_size=5
[2025-06-05 11:21:31] DEBUG: node_cache hit=0 queue_size=8
[2025-06-05 11:21:32] Processing frame 4892/5000... 0.87s
[2025-06-05 11:21:33] WARNING: VRAM usage at 98%
[2025-06-05 11:21:34] DEBUG: node_cache hit=1 queue_size=3
[2025-06-05 11:21:35] DEBUG: node_cache hit=1 queue_size=0
[2025-06-05 11:21:36] DEBUG: node_cache hit=0 queue_size=11
[2025-06-05 11:21:37] DEBUG: node_cache hit=0 queue_size=11
[2025-06-05 11:21:38] DEBUG: node_cache hit=1 queue_size=1
[2025-06-05 11:21:39] DEBUG: node_cache hit=0 queue_size=7
[2025-06-05 11:21:40] Processing frame 4900/5000... 2.93s
[2025-06-05 11:21:41] DEBUG: node_cache hit=0 queue_size=8
[2025-06-05 11:21:42] DEBUG: node_cache hit=0 queue_size=8
[2025-06-05 11:21:43] DEBUG: node_cache hit=1 queue_size=6
[2025-06-05 11:21:44] DEBUG: node_cache hit=1 queue_size=9
[2025-06-05 11:21:45] DEBUG: node_cache hit=1 queue_size=6
[2025-06-05 11:21:46] %%%%%%%% 28%
[2025-06-05 11:21:47] DEBUG: node_cache hit=1 queue_size=10
[2025-06-05 11:21:48] Processing frame 4908/5000... 2.30s
[2025-06-05 11:21:49] DEBUG: node_cache hit=0 queue_size=1
[2025-06-05 11:21:50] DEBUG: node_cache hit=0 queue_size=4
[2025-06-05 11:21:51] WARNING: VRAM usage at 98%
[2025-06-05 11:21:52] Processing frame 4912/5000... 2.18s
[2025-06-05 11:21:53] DEBUG: node_cache hit=1 queue_size=11
[2025-06-05 11:21:54] DEBUG: node_cache hit=1 queue_size=6
[2025-06-05 11:21:55] DEBUG: node_cache hit=1 queue_size=5
[2025-06-05 11:21:56] Processing frame 4916/5000... 2.51s
[2025-06-05 11:21:57] DEBUG: node_cache hit=0 queue_size=6
[2025-06-05 11:21:58] DEBUG: node_cache hit=0 queue_size=5
[2025-06-05 11:21:59] DEBUG: node_cache hit=0 queue_size=2
[2025-06-05 11:22:00] DEBUG: node_cache hit=0 queue_size=7
[2025-06-05 11:22:01] DEBUG: node_cache hit=0 queue_size=2
[2025-06-05 11:22:02] DEBUG: node_cache hit=1 queue_size=6
[2025-06-05 11:22:03] DEBUG: node_cache hit=0 queue_size=11
[2025-06-05 11:22:04] DEBUG: node_cache hit=1 queue_size=0
[2025-06-05 11:22:05] WARNING: VRAM usage at 90%
[2025-06-05 11:22:06] DEBUG: node_cache hit=1 queue_size=0
[2025-06-05 11:22:07] DEBUG: node_cache hit=0 queue_size=0
[2025-06-05 11:22:08] DEBUG: node_cache hit=0 queue_size=4
[2025-06-05 11:22:09] ERROR: ValueError: invalid literal
  File src/pipeline.py, line 110, in process_frame
  File src/pipeline.py, line 284, in process_frame
  File src/pipeline.py, line 459, in process_frame
  File src/pipeline.py, line 30, in process_frame
  File src/pipeline.py, line 471, in process_frame
  raise FileNotFoundError: model.safetensors
[2025-06-05 11:22:10] DEBUG: node_cache hit=1 queue_size=2
[2025-06-05 11:22:11] DEBUG: node_cache hit=1 queue_size=6
[2025-06-05 11:22:12] DEBUG: node_cache hit=1 queue_size=4
[2025-06-05 11:22:13] Processing frame 4933/5000... 0.74s
[2025-06-05 11:22:14] DEBUG: node_cache hit=0 queue_size=11
[2025-06-05 11:22:15] DEBUG: node_cache hit=1 queue_size=7
[2025-06-05 11:22:16] DEBUG: node_cache hit=1 queue_size=1
[2025-06-05 11:22:17] DEBUG: node_cache hit=0 queue_size=9
[2025-06-05 11:22:18] %%%%%%%% 74%
[2025-06-05 11:22:19] DEBUG: node_cache hit=1 queue_size=12
[2025-06-05 11:22:20] DEBUG: node_cache hit=0 queue_size=3
[2025-06-05 11:22:21] DEBUG: node_cache hit=0 queue_size=9
[2025-06-05 11:22:22] %%%%%%%% 51%
[2025-06-05 11:22:23] DEBUG: node_cache hit=1 queue_size=10
[2025-06-05 11:22:24] Processing frame 4944/5000... 1.59s
[2025-06-05 11:22:25] DEBUG: node_cache hit=1 queue_size=11
[2025-06-05 11:22:26] Processing frame 4946/5000... 2.52s
[2025-06-05 11:22:27] DEBUG: node_cache hit=1 queue_size=7
[2025-06-05 11:22:28] DEBUG: node_cache hit=0 queue_size=5
[2025-06-05 11:22:29] Processing frame 4949/5000... 2.64s
[2025-06-05 11:22:30] DEBUG: node_cache hit=0 queue_size=0
[2025-06-05 11:22:31] DEBUG: node_cache hit=0 queue_size=6
[2025-06-05 11:22:32] WARNING: VRAM usage at 99%
[2025-06-05 11:22:33] DEBUG: node_cache hit=1 queue_size=9
[2025-06-05 11:22:34] WARNING: VRAM usage at 85%
[2025-06-05 11:22:35] DEBUG: node_cache hit=0 queue_size=10
[2025-06-05 11:22:36] DEBUG: node_cache hit=0 queue_size=6
[2025-06-05 11:22:37] DEBUG: node_cache hit=0 queue_size=2
[2025-06-05 11:22:38] Processing frame 4958/5000... 0.74s
[2025-06-05 11:22:39] WARNING: VRAM usage at 96%
[2025-06-05 11:22:40] DEBUG: node_cache hit=1 queue_size=10
[2025-06-05 11:22:41] DEBUG: node_cache hit=0 queue_size=8
[2025-06-05 11:22:42] DEBUG: node_cache hit=0 queue_size=7
[2025-06-05 11:22:43] Processing frame 4963/5000... 2.69s
[2025-06-05 11:22:44] DEBUG: node_cache hit=0 queue_size=9
[2025-06-05 11:22:45] DEBUG: node_cache hit=1 queue_size=3
[2025-06-05 11:22:46] DEBUG: node_cache hit=1 queue_size=7
[2025-06-05 11:22:47] DEBUG: node_cache hit=0 queue_size=11
[2025-06-05 11:22:48] WARNING: VRAM usage at 92%
[2025-06-05 11:22:49] Processing frame 4969/5000... 0.68s
[2025-06-05 11:22:50] DEBUG: node_cache hit=1 queue_size=6
[2025-06-05 11:22:51] DEBUG: node_cache hit=0 queue_size=10
[2025-06-05 11:22:52] Processing frame 4972/5000... 1.53s
[2025-06-05 11:22:53] DEBUG: node_cache hit=1 queue_size=6
[2025-06-05 11:22:54] Processing frame 4974/5000... 1.91s
[2025-06-05 11:22:55] DEBUG: node_cache hit=1 queue_size=8
[2025-06-05 11:22:56] Processing frame 4976/5000... 2.43s
[2025-06-05 11:22:57] DEBUG: node_cache hit=0 queue_size=10
[2025-06-05 11:22:58] WARNING: VRAM usage at 97%
[2025-06-05 11:22:59] DEBUG: node_cache hit=0 queue_size=1
[2025-06-05 11:23:00] %%%%%%%% 29%
[2025-06-05 11:23:01] Processing frame 4981/5000... 2.04s
[2025-06-05 11:23:02] DEBUG: node_cache hit=1 queue_size=2
[2025-06-05 11:23:03] DEBUG: node_cache hit=1 queue_size=7
[2025-06-05 11:23:04] Processing frame 4984/5000... 0.61s
[2025-06-05 11:23:05] WARNING: VRAM usage at 90%
[2025-06-05 11:23:06] %%%%%%%% 92%
[2025-06-05 11:23:07] DEBUG: node_cache hit=0 queue_size=1
[2025-06-05 11:23:08] DEBUG: node_cache hit=1 queue_size=9
[2025-06-05 11:23:09] DEBUG: node_cache hit=1 queue_size=12
[2025-06-05 11:23:10] WARNING: VRAM usage at 91%
[2025-06-05 11:23:11] WARNING: VRAM usage at 91%
[2025-06-05 11:23:12] DEBUG: node_cache hit=1 queue_size=10
[2025-06-05 11:23:13] Processing frame 4993/5000... 0.78s
[2025-06-05 11:23:14] DEBUG: node_cache hit=0 queue_size=9
[2025-06-05 11:23:15] Processing frame 4995/5000... 2.69s
[2025-06-05 11:23:16] Processing frame 4996/5000... 1.78s
[2025-06-05 11:23:17] DEBUG: node_cache hit=1 queue_size=6
[2025-06-05 11:23:18] DEBUG: node_cache hit=1 queue_size=9
[2025-06-05 11:23:19] DEBUG: node_cache hit=0 queue_size=6
